Archive member included to satisfy reference by file (symbol)

e:/gcc-arm-none-eabi-10.3-2021.10/bin/../lib/gcc/arm-none-eabi/10.3.1/../../../../arm-none-eabi/lib/thumb/v7e-m+dp/hard\libc_nano.a(lib_a-exit.o)
                              e:/gcc-arm-none-eabi-10.3-2021.10/bin/../lib/gcc/arm-none-eabi/10.3.1/../../../../arm-none-eabi/lib/thumb/v7e-m+dp/hard/crt0.o (exit)
e:/gcc-arm-none-eabi-10.3-2021.10/bin/../lib/gcc/arm-none-eabi/10.3.1/../../../../arm-none-eabi/lib/thumb/v7e-m+dp/hard\libc_nano.a(lib_a-fflush.o)
                              Build/main.o (fflush)
e:/gcc-arm-none-eabi-10.3-2021.10/bin/../lib/gcc/arm-none-eabi/10.3.1/../../../../arm-none-eabi/lib/thumb/v7e-m+dp/hard\libc_nano.a(lib_a-findfp.o)
                              e:/gcc-arm-none-eabi-10.3-2021.10/bin/../lib/gcc/arm-none-eabi/10.3.1/../../../../arm-none-eabi/lib/thumb/v7e-m+dp/hard\libc_nano.a(lib_a-fflush.o) (__sinit)
e:/gcc-arm-none-eabi-10.3-2021.10/bin/../lib/gcc/arm-none-eabi/10.3.1/../../../../arm-none-eabi/lib/thumb/v7e-m+dp/hard\libc_nano.a(lib_a-fwalk.o)
                              e:/gcc-arm-none-eabi-10.3-2021.10/bin/../lib/gcc/arm-none-eabi/10.3.1/../../../../arm-none-eabi/lib/thumb/v7e-m+dp/hard\libc_nano.a(lib_a-findfp.o) (_fwalk)
e:/gcc-arm-none-eabi-10.3-2021.10/bin/../lib/gcc/arm-none-eabi/10.3.1/../../../../arm-none-eabi/lib/thumb/v7e-m+dp/hard\libc_nano.a(lib_a-impure.o)
                              e:/gcc-arm-none-eabi-10.3-2021.10/bin/../lib/gcc/arm-none-eabi/10.3.1/../../../../arm-none-eabi/lib/thumb/v7e-m+dp/hard\libc_nano.a(lib_a-exit.o) (_global_impure_ptr)
e:/gcc-arm-none-eabi-10.3-2021.10/bin/../lib/gcc/arm-none-eabi/10.3.1/../../../../arm-none-eabi/lib/thumb/v7e-m+dp/hard\libc_nano.a(lib_a-init.o)
                              e:/gcc-arm-none-eabi-10.3-2021.10/bin/../lib/gcc/arm-none-eabi/10.3.1/../../../../arm-none-eabi/lib/thumb/v7e-m+dp/hard/crt0.o (__libc_init_array)
e:/gcc-arm-none-eabi-10.3-2021.10/bin/../lib/gcc/arm-none-eabi/10.3.1/../../../../arm-none-eabi/lib/thumb/v7e-m+dp/hard\libc_nano.a(lib_a-lock.o)
                              e:/gcc-arm-none-eabi-10.3-2021.10/bin/../lib/gcc/arm-none-eabi/10.3.1/../../../../arm-none-eabi/lib/thumb/v7e-m+dp/hard\libc_nano.a(lib_a-findfp.o) (__retarget_lock_init_recursive)
e:/gcc-arm-none-eabi-10.3-2021.10/bin/../lib/gcc/arm-none-eabi/10.3.1/../../../../arm-none-eabi/lib/thumb/v7e-m+dp/hard\libc_nano.a(lib_a-memset.o)
                              e:/gcc-arm-none-eabi-10.3-2021.10/bin/../lib/gcc/arm-none-eabi/10.3.1/../../../../arm-none-eabi/lib/thumb/v7e-m+dp/hard/crt0.o (memset)
e:/gcc-arm-none-eabi-10.3-2021.10/bin/../lib/gcc/arm-none-eabi/10.3.1/../../../../arm-none-eabi/lib/thumb/v7e-m+dp/hard\libc_nano.a(lib_a-nano-freer.o)
                              e:/gcc-arm-none-eabi-10.3-2021.10/bin/../lib/gcc/arm-none-eabi/10.3.1/../../../../arm-none-eabi/lib/thumb/v7e-m+dp/hard\libc_nano.a(lib_a-fflush.o) (_free_r)
e:/gcc-arm-none-eabi-10.3-2021.10/bin/../lib/gcc/arm-none-eabi/10.3.1/../../../../arm-none-eabi/lib/thumb/v7e-m+dp/hard\libc_nano.a(lib_a-nano-mallocr.o)
                              e:/gcc-arm-none-eabi-10.3-2021.10/bin/../lib/gcc/arm-none-eabi/10.3.1/../../../../arm-none-eabi/lib/thumb/v7e-m+dp/hard\libc_nano.a(lib_a-findfp.o) (_malloc_r)
e:/gcc-arm-none-eabi-10.3-2021.10/bin/../lib/gcc/arm-none-eabi/10.3.1/../../../../arm-none-eabi/lib/thumb/v7e-m+dp/hard\libc_nano.a(lib_a-printf.o)
                              Build/main.o (printf)
e:/gcc-arm-none-eabi-10.3-2021.10/bin/../lib/gcc/arm-none-eabi/10.3.1/../../../../arm-none-eabi/lib/thumb/v7e-m+dp/hard\libc_nano.a(lib_a-reent.o)
                              Build/syscalls.o (errno)
e:/gcc-arm-none-eabi-10.3-2021.10/bin/../lib/gcc/arm-none-eabi/10.3.1/../../../../arm-none-eabi/lib/thumb/v7e-m+dp/hard\libc_nano.a(lib_a-sbrkr.o)
                              e:/gcc-arm-none-eabi-10.3-2021.10/bin/../lib/gcc/arm-none-eabi/10.3.1/../../../../arm-none-eabi/lib/thumb/v7e-m+dp/hard\libc_nano.a(lib_a-nano-mallocr.o) (_sbrk_r)
e:/gcc-arm-none-eabi-10.3-2021.10/bin/../lib/gcc/arm-none-eabi/10.3.1/../../../../arm-none-eabi/lib/thumb/v7e-m+dp/hard\libc_nano.a(lib_a-scanf.o)
                              Build/main.o (scanf)
e:/gcc-arm-none-eabi-10.3-2021.10/bin/../lib/gcc/arm-none-eabi/10.3.1/../../../../arm-none-eabi/lib/thumb/v7e-m+dp/hard\libc_nano.a(lib_a-stdio.o)
                              e:/gcc-arm-none-eabi-10.3-2021.10/bin/../lib/gcc/arm-none-eabi/10.3.1/../../../../arm-none-eabi/lib/thumb/v7e-m+dp/hard\libc_nano.a(lib_a-findfp.o) (__sread)
e:/gcc-arm-none-eabi-10.3-2021.10/bin/../lib/gcc/arm-none-eabi/10.3.1/../../../../arm-none-eabi/lib/thumb/v7e-m+dp/hard\libc_nano.a(lib_a-writer.o)
                              e:/gcc-arm-none-eabi-10.3-2021.10/bin/../lib/gcc/arm-none-eabi/10.3.1/../../../../arm-none-eabi/lib/thumb/v7e-m+dp/hard\libc_nano.a(lib_a-stdio.o) (_write_r)
[...]
Memory Configuration

Name             Origin             Length             Attributes
RAM              0x20000000         0x00080000         xrw
FLASH            0x08000000         0x00200000         xr
*default*        0x00000000         0xffffffff

Linker script and memory map

LOAD e:/gcc-arm-none-eabi-10.3-2021.10/bin/../lib/gcc/arm-none-eabi/10.3.1/thumb/v7e-m+dp/hard/crti.o
LOAD e:/gcc-arm-none-eabi-10.3-2021.10/bin/../lib/gcc/arm-none-eabi/10.3.1/thumb/v7e-m+dp/hard/crtbegin.o
LOAD e:/gcc-arm-none-eabi-10.3-2021.10/bin/../lib/gcc/arm-none-eabi/10.3.1/../../../../arm-none-eabi/lib/thumb/v7e-m+dp/hard/crt0.o
LOAD Build/stm32f767zi_usart.o
LOAD Build/main.o
LOAD Build/stm322f767zi_user.o
LOAD Build/syscalls.o
LOAD Build/stm32f767zi_gpio.o
LOAD Build/startup_stm32f767xx.o
LOAD e:/gcc-arm-none-eabi-10.3-2021.10/bin/../lib/gcc/arm-none-eabi/10.3.1/../../../../arm-none-eabi/lib/thumb/v7e-m+dp/hard\libc_nano.a
LOAD e:/gcc-arm-none-eabi-10.3-2021.10/bin/../lib/gcc/arm-none-eabi/10.3.1/../../../../arm-none-eabi/lib/thumb/v7e-m+dp/hard\libm.a
LOAD e:/gcc-arm-none-eabi-10.3-2021.10/bin/../lib/gcc/arm-none-eabi/10.3.1/../../../../arm-none-eabi/lib/thumb/v7e-m+dp/hard\libnosys.a
START GROUP
LOAD e:/gcc-arm-none-eabi-10.3-2021.10/bin/../lib/gcc/arm-none-eabi/10.3.1/thumb/v7e-m+dp/hard\libgcc.a
LOAD e:/gcc-arm-none-eabi-10.3-2021.10/bin/../lib/gcc/arm-none-eabi/10.3.1/../../../../arm-none-eabi/lib/thumb/v7e-m+dp/hard\libc_nano.a
END GROUP
START GROUP
LOAD e:/gcc-arm-none-eabi-10.3-2021.10/bin/../lib/gcc/arm-none-eabi/10.3.1/thumb/v7e-m+dp/hard\libgcc.a
LOAD e:/gcc-arm-none-eabi-10.3-2021.10/bin/../lib/gcc/arm-none-eabi/10.3.1/../../../../arm-none-eabi/lib/thumb/v7e-m+dp/hard\libc_nano.a
END GROUP
LOAD e:/gcc-arm-none-eabi-10.3-2021.10/bin/../lib/gcc/arm-none-eabi/10.3.1/thumb/v7e-m+dp/hard/crtend.o
LOAD e:/gcc-arm-none-eabi-10.3-2021.10/bin/../lib/gcc/arm-none-eabi/10.3.1/thumb/v7e-m+dp/hard/crtn.o
                0x20080000                _estack = (ORIGIN (RAM) + LENGTH (RAM))
                0x00000200                _Min_Heap_Size = 0x200
                0x00000400                _Min_Stack_Size = 0x400

.isr_vector     0x08000000      0x1f8
                0x08000000                . = ALIGN (0x4)
 *(.isr_vector)
 .isr_vector    0x08000000      0x1f8 Build/startup_stm32f767xx.o
                0x08000000                g_pfnVectors
                0x080001f8                . = ALIGN (0x4)

.text           0x08000200     0x2120
                0x08000200                . = ALIGN (0x4)
 *(.text)
 .text          0x08000200       0x40 e:/gcc-arm-none-eabi-10.3-2021.10/bin/../lib/gcc/arm-none-eabi/10.3.1/thumb/v7e-m+dp/hard/crtbegin.o
 .text          0x08000240       0xa0 e:/gcc-arm-none-eabi-10.3-2021.10/bin/../lib/gcc/arm-none-eabi/10.3.1/../../../../arm-none-eabi/lib/thumb/v7e-m+dp/hard\libc_nano.a(lib_a-memchr.o)
                0x08000240                memchr
 *(.text*)
 .text.usart3_default_init
                0x080002e0       0x70 Build/stm32f767zi_usart.o
                0x080002e0                usart3_default_init
 .text.usart_write
                0x08000350       0x2c Build/stm32f767zi_usart.o
                0x08000350                usart_write
 .text.usart_read
                0x0800037c       0x28 Build/stm32f767zi_usart.o
                0x0800037c                usart_read
 .text.__io_putchar
                0x080003a4       0x24 Build/stm32f767zi_usart.o
                0x080003a4                __io_putchar
 .text.__io_getchar
                0x080003c8       0x14 Build/stm32f767zi_usart.o
                0x080003c8                __io_getchar
 .text.main     0x080003dc       0xb4 Build/main.o
                0x080003dc                main
 .text.led_init
                0x08000490       0x3c Build/stm322f767zi_user.o
                0x08000490                led_init
 .text.button_init
                0x080004cc       0x28 Build/stm322f767zi_user.o
                0x080004cc                button_init
 .text.led_toggle
                0x080004f4       0x24 Build/stm322f767zi_user.o
                0x080004f4                led_toggle
 .text._sbrk    0x08000518       0x5c Build/syscalls.o
                0x08000518                _sbrk
 .text._write   0x08000574       0x38 Build/syscalls.o
                0x08000574                _write
 .text._close   0x080005ac       0x18 Build/syscalls.o
                0x080005ac                _close
 .text._fstat   0x080005c4       0x20 Build/syscalls.o
                0x080005c4                _fstat
 .text._isatty  0x080005e4       0x16 Build/syscalls.o
                0x080005e4                _isatty
 .text._lseek   0x080005fa       0x1a Build/syscalls.o
                0x080005fa                _lseek
 .text._read    0x08000614       0x5c Build/syscalls.o
                0x08000614                _read
 .text.gpio_set_mode
                0x08000670       0x3a Build/stm32f767zi_gpio.o
                0x08000670                gpio_set_mode
 *fill*         0x080006aa        0x2 
 .text.Reset_Handler
                0x080006ac       0x50 Build/startup_stm32f767xx.o
                0x080006ac                Reset_Handler
 .text.Default_Handler
                0x080006fc        0x2 Build/startup_stm32f767xx.o
                0x080006fc                RTC_Alarm_IRQHandler
                0x080006fc                EXTI2_IRQHandler
                0x080006fc                TIM8_CC_IRQHandler
                0x080006fc                DebugMon_Handler
                0x080006fc                UART8_IRQHandler
                0x080006fc                SPI4_IRQHandler
                0x080006fc                TIM1_CC_IRQHandler
                0x080006fc                DMA2_Stream5_IRQHandler
                0x080006fc                HardFault_Handler
                0x080006fc                JPEG_IRQHandler
                0x080006fc                DMA1_Stream5_IRQHandler
                0x080006fc                SysTick_Handler
                0x080006fc                CAN3_RX1_IRQHandler
                0x080006fc                PVD_IRQHandler
                0x080006fc                TAMP_STAMP_IRQHandler
                0x080006fc                PendSV_Handler
                0x080006fc                NMI_Handler
                0x080006fc                CAN2_RX1_IRQHandler
                0x080006fc                EXTI3_IRQHandler
                0x080006fc                TIM8_TRG_COM_TIM14_IRQHandler
                0x080006fc                DFSDM1_FLT1_IRQHandler
                0x080006fc                TIM1_UP_TIM10_IRQHandler
                0x080006fc                TIM8_UP_TIM13_IRQHandler
                0x080006fc                I2C3_ER_IRQHandler
                0x080006fc                DFSDM1_FLT2_IRQHandler
                0x080006fc                EXTI0_IRQHandler
                0x080006fc                I2C2_EV_IRQHandler
                0x080006fc                DMA1_Stream2_IRQHandler
                0x080006fc                CAN1_RX0_IRQHandler
                0x080006fc                FPU_IRQHandler
                0x080006fc                OTG_HS_WKUP_IRQHandler
                0x080006fc                CAN3_SCE_IRQHandler
                0x080006fc                UsageFault_Handler
                0x080006fc                LTDC_ER_IRQHandler
                0x080006fc                CAN2_SCE_IRQHandler
                0x080006fc                DMA2_Stream2_IRQHandler
                0x080006fc                SPI1_IRQHandler
                0x080006fc                TIM6_DAC_IRQHandler
                0x080006fc                TIM1_BRK_TIM9_IRQHandler
                0x080006fc                DCMI_IRQHandler
                0x080006fc                CAN2_RX0_IRQHandler
                0x080006fc                DMA2_Stream3_IRQHandler
                0x080006fc                SAI2_IRQHandler
                0x080006fc                DFSDM1_FLT3_IRQHandler
                0x080006fc                USART6_IRQHandler
                0x080006fc                CAN3_RX0_IRQHandler
                0x080006fc                USART3_IRQHandler
                0x080006fc                CAN1_RX1_IRQHandler
                0x080006fc                UART5_IRQHandler
                0x080006fc                DMA2_Stream0_IRQHandler
                0x080006fc                TIM4_IRQHandler
                0x080006fc                QUADSPI_IRQHandler
                0x080006fc                I2C1_EV_IRQHandler
                0x080006fc                DMA1_Stream6_IRQHandler
                0x080006fc                DMA1_Stream1_IRQHandler
                0x080006fc                UART4_IRQHandler
                0x080006fc                TIM3_IRQHandler
                0x080006fc                RCC_IRQHandler
                0x080006fc                TIM8_BRK_TIM12_IRQHandler
                0x080006fc                Default_Handler
                0x080006fc                CEC_IRQHandler
                0x080006fc                EXTI15_10_IRQHandler
                0x080006fc                ADC_IRQHandler
                0x080006fc                DMA1_Stream7_IRQHandler
                0x080006fc                SPI5_IRQHandler
                0x080006fc                TIM7_IRQHandler
                0x080006fc                SDMMC1_IRQHandler
                0x080006fc                CAN2_TX_IRQHandler
                0x080006fc                TIM5_IRQHandler
                0x080006fc                DMA2_Stream7_IRQHandler
                0x080006fc                I2C3_EV_IRQHandler
                0x080006fc                EXTI9_5_IRQHandler
                0x080006fc                RTC_WKUP_IRQHandler
                0x080006fc                LTDC_IRQHandler
                0x080006fc                ETH_WKUP_IRQHandler
                0x080006fc                SPDIF_RX_IRQHandler
                0x080006fc                SPI2_IRQHandler
                0x080006fc                OTG_HS_EP1_IN_IRQHandler
                0x080006fc                MemManage_Handler
                0x080006fc                DMA1_Stream0_IRQHandler
                0x080006fc                CAN1_TX_IRQHandler
                0x080006fc                SVC_Handler
                0x080006fc                EXTI4_IRQHandler
                0x080006fc                RNG_IRQHandler
                0x080006fc                ETH_IRQHandler
                0x080006fc                OTG_HS_EP1_OUT_IRQHandler
                0x080006fc                WWDG_IRQHandler
                0x080006fc                SPI6_IRQHandler
                0x080006fc                MDIOS_IRQHandler
                0x080006fc                I2C4_EV_IRQHandler
                0x080006fc                CAN3_TX_IRQHandler
                0x080006fc                TIM2_IRQHandler
                0x080006fc                OTG_FS_WKUP_IRQHandler
                0x080006fc                TIM1_TRG_COM_TIM11_IRQHandler
                0x080006fc                OTG_HS_IRQHandler
                0x080006fc                DMA2D_IRQHandler
                0x080006fc                EXTI1_IRQHandler
                0x080006fc                SDMMC2_IRQHandler
                0x080006fc                UART7_IRQHandler
                0x080006fc                USART2_IRQHandler
                0x080006fc                DFSDM1_FLT0_IRQHandler
                0x080006fc                I2C2_ER_IRQHandler
                0x080006fc                DMA2_Stream1_IRQHandler
                0x080006fc                CAN1_SCE_IRQHandler
                0x080006fc                FLASH_IRQHandler
                0x080006fc                DMA2_Stream4_IRQHandler
                0x080006fc                BusFault_Handler
                0x080006fc                USART1_IRQHandler
                0x080006fc                OTG_FS_IRQHandler
                0x080006fc                SPI3_IRQHandler
                0x080006fc                DMA1_Stream4_IRQHandler
                0x080006fc                I2C1_ER_IRQHandler
                0x080006fc                FMC_IRQHandler
                0x080006fc                LPTIM1_IRQHandler
                0x080006fc                I2C4_ER_IRQHandler
                0x080006fc                DMA2_Stream6_IRQHandler
                0x080006fc                SAI1_IRQHandler
                0x080006fc                DMA1_Stream3_IRQHandler
 *fill*         0x080006fe        0x2 
 .text.__sflush_r
                0x08000700      0x10c e:/gcc-arm-none-eabi-10.3-2021.10/bin/../lib/gcc/arm-none-eabi/10.3.1/../../../../arm-none-eabi/lib/thumb/v7e-m+dp/hard\libc_nano.a(lib_a-fflush.o)
                0x08000700                __sflush_r
 .text._fflush_r
                0x0800080c       0x78 e:/gcc-arm-none-eabi-10.3-2021.10/bin/../lib/gcc/arm-none-eabi/10.3.1/../../../../arm-none-eabi/lib/thumb/v7e-m+dp/hard\libc_nano.a(lib_a-fflush.o)
                0x0800080c                _fflush_r
 .text.fflush   0x08000884       0x24 e:/gcc-arm-none-eabi-10.3-2021.10/bin/../lib/gcc/arm-none-eabi/10.3.1/../../../../arm-none-eabi/lib/thumb/v7e-m+dp/hard\libc_nano.a(lib_a-fflush.o)
                0x08000884                fflush
 .text.std      0x080008a8       0x48 e:/gcc-arm-none-eabi-10.3-2021.10/bin/../lib/gcc/arm-none-eabi/10.3.1/../../../../arm-none-eabi/lib/thumb/v7e-m+dp/hard\libc_nano.a(lib_a-findfp.o)
 .text._cleanup_r
                0x080008f0        0xc e:/gcc-arm-none-eabi-10.3-2021.10/bin/../lib/gcc/arm-none-eabi/10.3.1/../../../../arm-none-eabi/lib/thumb/v7e-m+dp/hard\libc_nano.a(lib_a-findfp.o)
                0x080008f0                _cleanup_r
 .text.__sfmoreglue
                0x080008fc       0x2c e:/gcc-arm-none-eabi-10.3-2021.10/bin/../lib/gcc/arm-none-eabi/10.3.1/../../../../arm-none-eabi/lib/thumb/v7e-m+dp/hard\libc_nano.a(lib_a-findfp.o)
                0x080008fc                __sfmoreglue
 .text.__sfp_lock_acquire
                0x08000928        0xc e:/gcc-arm-none-eabi-10.3-2021.10/bin/../lib/gcc/arm-none-eabi/10.3.1/../../../../arm-none-eabi/lib/thumb/v7e-m+dp/hard\libc_nano.a(lib_a-findfp.o)
                0x08000928                __sfp_lock_acquire
 .text.__sfp_lock_release
                0x08000934        0xc e:/gcc-arm-none-eabi-10.3-2021.10/bin/../lib/gcc/arm-none-eabi/10.3.1/../../../../arm-none-eabi/lib/thumb/v7e-m+dp/hard\libc_nano.a(lib_a-findfp.o)
                0x08000934                __sfp_lock_release
 .text.__sinit_lock_acquire
                0x08000940        0xc e:/gcc-arm-none-eabi-10.3-2021.10/bin/../lib/gcc/arm-none-eabi/10.3.1/../../../../arm-none-eabi/lib/thumb/v7e-m+dp/hard\libc_nano.a(lib_a-findfp.o)
                0x08000940                __sinit_lock_acquire
 .text.__sinit_lock_release
                0x0800094c        0xc e:/gcc-arm-none-eabi-10.3-2021.10/bin/../lib/gcc/arm-none-eabi/10.3.1/../../../../arm-none-eabi/lib/thumb/v7e-m+dp/hard\libc_nano.a(lib_a-findfp.o)
                0x0800094c                __sinit_lock_release
 .text.__sinit  0x08000958       0x70 e:/gcc-arm-none-eabi-10.3-2021.10/bin/../lib/gcc/arm-none-eabi/10.3.1/../../../../arm-none-eabi/lib/thumb/v7e-m+dp/hard\libc_nano.a(lib_a-findfp.o)
                0x08000958                __sinit
 .text.__sfp    0x080009c8       0x8c e:/gcc-arm-none-eabi-10.3-2021.10/bin/../lib/gcc/arm-none-eabi/10.3.1/../../../../arm-none-eabi/lib/thumb/v7e-m+dp/hard\libc_nano.a(lib_a-findfp.o)
                0x080009c8                __sfp
 .text._fwalk   0x08000a54       0x3a e:/gcc-arm-none-eabi-10.3-2021.10/bin/../lib/gcc/arm-none-eabi/10.3.1/../../../../arm-none-eabi/lib/thumb/v7e-m+dp/hard\libc_nano.a(lib_a-fwalk.o)
                0x08000a54                _fwalk
 .text._fwalk_reent
                0x08000a8e       0x3e e:/gcc-arm-none-eabi-10.3-2021.10/bin/../lib/gcc/arm-none-eabi/10.3.1/../../../../arm-none-eabi/lib/thumb/v7e-m+dp/hard\libc_nano.a(lib_a-fwalk.o)
                0x08000a8e                _fwalk_reent
 .text.__libc_init_array
                0x08000acc       0x48 e:/gcc-arm-none-eabi-10.3-2021.10/bin/../lib/gcc/arm-none-eabi/10.3.1/../../../../arm-none-eabi/lib/thumb/v7e-m+dp/hard\libc_nano.a(lib_a-init.o)
                0x08000acc                __libc_init_array
 .text.__retarget_lock_init_recursive
                0x08000b14        0x2 e:/gcc-arm-none-eabi-10.3-2021.10/bin/../lib/gcc/arm-none-eabi/10.3.1/../../../../arm-none-eabi/lib/thumb/v7e-m+dp/hard\libc_nano.a(lib_a-lock.o)
                0x08000b14                __retarget_lock_init_recursive
 .text.__retarget_lock_acquire_recursive
                0x08000b16        0x2 e:/gcc-arm-none-eabi-10.3-2021.10/bin/../lib/gcc/arm-none-eabi/10.3.1/../../../../arm-none-eabi/lib/thumb/v7e-m+dp/hard\libc_nano.a(lib_a-lock.o)
                0x08000b16                __retarget_lock_acquire_recursive
 .text.__retarget_lock_release_recursive
                0x08000b18        0x2 e:/gcc-arm-none-eabi-10.3-2021.10/bin/../lib/gcc/arm-none-eabi/10.3.1/../../../../arm-none-eabi/lib/thumb/v7e-m+dp/hard\libc_nano.a(lib_a-lock.o)
                0x08000b18                __retarget_lock_release_recursive
 .text.memset   0x08000b1a       0x10 e:/gcc-arm-none-eabi-10.3-2021.10/bin/../lib/gcc/arm-none-eabi/10.3.1/../../../../arm-none-eabi/lib/thumb/v7e-m+dp/hard\libc_nano.a(lib_a-memset.o)
                0x08000b1a                memset
 *fill*         0x08000b2a        0x2 
 .text._free_r  0x08000b2c       0x98 e:/gcc-arm-none-eabi-10.3-2021.10/bin/../lib/gcc/arm-none-eabi/10.3.1/../../../../arm-none-eabi/lib/thumb/v7e-m+dp/hard\libc_nano.a(lib_a-nano-freer.o)
                0x08000b2c                _free_r
 .text.sbrk_aligned
                0x08000bc4       0x40 e:/gcc-arm-none-eabi-10.3-2021.10/bin/../lib/gcc/arm-none-eabi/10.3.1/../../../../arm-none-eabi/lib/thumb/v7e-m+dp/hard\libc_nano.a(lib_a-nano-mallocr.o)
 .text._malloc_r
                0x08000c04       0xe8 e:/gcc-arm-none-eabi-10.3-2021.10/bin/../lib/gcc/arm-none-eabi/10.3.1/../../../../arm-none-eabi/lib/thumb/v7e-m+dp/hard\libc_nano.a(lib_a-nano-mallocr.o)
                0x08000c04                _malloc_r
 .text.printf   0x08000cec       0x30 e:/gcc-arm-none-eabi-10.3-2021.10/bin/../lib/gcc/arm-none-eabi/10.3.1/../../../../arm-none-eabi/lib/thumb/v7e-m+dp/hard\libc_nano.a(lib_a-printf.o)
                0x08000cec                iprintf
                0x08000cec                printf
 .text._sbrk_r  0x08000d1c       0x20 e:/gcc-arm-none-eabi-10.3-2021.10/bin/../lib/gcc/arm-none-eabi/10.3.1/../../../../arm-none-eabi/lib/thumb/v7e-m+dp/hard\libc_nano.a(lib_a-sbrkr.o)
                0x08000d1c                _sbrk_r
 .text.scanf    0x08000d3c       0x30 e:/gcc-arm-none-eabi-10.3-2021.10/bin/../lib/gcc/arm-none-eabi/10.3.1/../../../../arm-none-eabi/lib/thumb/v7e-m+dp/hard\libc_nano.a(lib_a-scanf.o)
                0x08000d3c                scanf
                0x08000d3c                iscanf
 .text.__sread  0x08000d6c       0x22 e:/gcc-arm-none-eabi-10.3-2021.10/bin/../lib/gcc/arm-none-eabi/10.3.1/../../../../arm-none-eabi/lib/thumb/v7e-m+dp/hard\libc_nano.a(lib_a-stdio.o)
                0x08000d6c                __sread
 .text.__swrite
                0x08000d8e       0x38 e:/gcc-arm-none-eabi-10.3-2021.10/bin/../lib/gcc/arm-none-eabi/10.3.1/../../../../arm-none-eabi/lib/thumb/v7e-m+dp/hard\libc_nano.a(lib_a-stdio.o)
                0x08000d8e                __swrite
 .text.__sseek  0x08000dc6       0x24 e:/gcc-arm-none-eabi-10.3-2021.10/bin/../lib/gcc/arm-none-eabi/10.3.1/../../../../arm-none-eabi/lib/thumb/v7e-m+dp/hard\libc_nano.a(lib_a-stdio.o)
                0x08000dc6                __sseek
 .text.__sclose
                0x08000dea        0x8 e:/gcc-arm-none-eabi-10.3-2021.10/bin/../lib/gcc/arm-none-eabi/10.3.1/../../../../arm-none-eabi/lib/thumb/v7e-m+dp/hard\libc_nano.a(lib_a-stdio.o)
                0x08000dea                __sclose
 *fill*         0x08000df2        0x2 
 .text._write_r
                0x08000df4       0x24 e:/gcc-arm-none-eabi-10.3-2021.10/bin/../lib/gcc/arm-none-eabi/10.3.1/../../../../arm-none-eabi/lib/thumb/v7e-m+dp/hard\libc_nano.a(lib_a-writer.o)
                0x08000df4                _write_r
 .text._close_r
                0x08000e18       0x20 e:/gcc-arm-none-eabi-10.3-2021.10/bin/../lib/gcc/arm-none-eabi/10.3.1/../../../../arm-none-eabi/lib/thumb/v7e-m+dp/hard\libc_nano.a(lib_a-closer.o)
                0x08000e18                _close_r
 .text._lseek_r
                0x08000e38       0x24 e:/gcc-arm-none-eabi-10.3-2021.10/bin/../lib/gcc/arm-none-eabi/10.3.1/../../../../arm-none-eabi/lib/thumb/v7e-m+dp/hard\libc_nano.a(lib_a-lseekr.o)
                0x08000e38                _lseek_r
 .text.__malloc_lock
                0x08000e5c        0xc e:/gcc-arm-none-eabi-10.3-2021.10/bin/../lib/gcc/arm-none-eabi/10.3.1/../../../../arm-none-eabi/lib/thumb/v7e-m+dp/hard\libc_nano.a(lib_a-mlock.o)
                0x08000e5c                __malloc_lock
 .text.__malloc_unlock
                0x08000e68        0xc e:/gcc-arm-none-eabi-10.3-2021.10/bin/../lib/gcc/arm-none-eabi/10.3.1/../../../../arm-none-eabi/lib/thumb/v7e-m+dp/hard\libc_nano.a(lib_a-mlock.o)
                0x08000e68                __malloc_unlock
 .text.__sfputc_r
                0x08000e74       0x2e e:/gcc-arm-none-eabi-10.3-2021.10/bin/../lib/gcc/arm-none-eabi/10.3.1/../../../../arm-none-eabi/lib/thumb/v7e-m+dp/hard\libc_nano.a(lib_a-nano-vfprintf.o)
 .text.__sfputs_r
                0x08000ea2       0x24 e:/gcc-arm-none-eabi-10.3-2021.10/bin/../lib/gcc/arm-none-eabi/10.3.1/../../../../arm-none-eabi/lib/thumb/v7e-m+dp/hard\libc_nano.a(lib_a-nano-vfprintf.o)
                0x08000ea2                __sfputs_r
 *fill*         0x08000ec6        0x2 
 .text._vfprintf_r
                0x08000ec8      0x260 e:/gcc-arm-none-eabi-10.3-2021.10/bin/../lib/gcc/arm-none-eabi/10.3.1/../../../../arm-none-eabi/lib/thumb/v7e-m+dp/hard\libc_nano.a(lib_a-nano-vfprintf.o)
                0x08000ec8                _vfprintf_r
                0x08000ec8                _vfiprintf_r
 .text._printf_common
                0x08001128       0xda e:/gcc-arm-none-eabi-10.3-2021.10/bin/../lib/gcc/arm-none-eabi/10.3.1/../../../../arm-none-eabi/lib/thumb/v7e-m+dp/hard\libc_nano.a(lib_a-nano-vfprintf_i.o)
                0x08001128                _printf_common
 *fill*         0x08001202        0x2 
 .text._printf_i
                0x08001204      0x24c e:/gcc-arm-none-eabi-10.3-2021.10/bin/../lib/gcc/arm-none-eabi/10.3.1/../../../../arm-none-eabi/lib/thumb/v7e-m+dp/hard\libc_nano.a(lib_a-nano-vfprintf_i.o)
                0x08001204                _printf_i
 .text.__svfscanf_r
                0x08001450      0x34c e:/gcc-arm-none-eabi-10.3-2021.10/bin/../lib/gcc/arm-none-eabi/10.3.1/../../../../arm-none-eabi/lib/thumb/v7e-m+dp/hard\libc_nano.a(lib_a-nano-vfscanf.o)
                0x08001450                __svfscanf_r
                0x08001450                __svfiscanf_r
 .text._vfscanf_r
                0x0800179c       0x50 e:/gcc-arm-none-eabi-10.3-2021.10/bin/../lib/gcc/arm-none-eabi/10.3.1/../../../../arm-none-eabi/lib/thumb/v7e-m+dp/hard\libc_nano.a(lib_a-nano-vfscanf.o)
                0x0800179c                _vfscanf_r
                0x0800179c                _vfiscanf_r
 .text._scanf_chars
                0x080017ec       0xb4 e:/gcc-arm-none-eabi-10.3-2021.10/bin/../lib/gcc/arm-none-eabi/10.3.1/../../../../arm-none-eabi/lib/thumb/v7e-m+dp/hard\libc_nano.a(lib_a-nano-vfscanf_i.o)
                0x080017ec                _scanf_chars
 .text._scanf_i
                0x080018a0      0x1f0 e:/gcc-arm-none-eabi-10.3-2021.10/bin/../lib/gcc/arm-none-eabi/10.3.1/../../../../arm-none-eabi/lib/thumb/v7e-m+dp/hard\libc_nano.a(lib_a-nano-vfscanf_i.o)
                0x080018a0                _scanf_i
 .text._read_r  0x08001a90       0x24 e:/gcc-arm-none-eabi-10.3-2021.10/bin/../lib/gcc/arm-none-eabi/10.3.1/../../../../arm-none-eabi/lib/thumb/v7e-m+dp/hard\libc_nano.a(lib_a-readr.o)
                0x08001a90                _read_r
 .text.lflush   0x08001ab4       0x12 e:/gcc-arm-none-eabi-10.3-2021.10/bin/../lib/gcc/arm-none-eabi/10.3.1/../../../../arm-none-eabi/lib/thumb/v7e-m+dp/hard\libc_nano.a(lib_a-refill.o)
 *fill*         0x08001ac6        0x2 
 .text.__srefill_r
                0x08001ac8      0x114 e:/gcc-arm-none-eabi-10.3-2021.10/bin/../lib/gcc/arm-none-eabi/10.3.1/../../../../arm-none-eabi/lib/thumb/v7e-m+dp/hard\libc_nano.a(lib_a-refill.o)
                0x08001ac8                __srefill_r
 .text.__sccl   0x08001bdc       0x70 e:/gcc-arm-none-eabi-10.3-2021.10/bin/../lib/gcc/arm-none-eabi/10.3.1/../../../../arm-none-eabi/lib/thumb/v7e-m+dp/hard\libc_nano.a(lib_a-sccl.o)
                0x08001bdc                __sccl
 .text._strtol_l.constprop.0
                0x08001c4c      0x104 e:/gcc-arm-none-eabi-10.3-2021.10/bin/../lib/gcc/arm-none-eabi/10.3.1/../../../../arm-none-eabi/lib/thumb/v7e-m+dp/hard\libc_nano.a(lib_a-strtol.o)
 .text._strtol_r
                0x08001d50        0x4 e:/gcc-arm-none-eabi-10.3-2021.10/bin/../lib/gcc/arm-none-eabi/10.3.1/../../../../arm-none-eabi/lib/thumb/v7e-m+dp/hard\libc_nano.a(lib_a-strtol.o)
                0x08001d50                _strtol_r
 .text._strtoul_l.constprop.0
                0x08001d54       0xe4 e:/gcc-arm-none-eabi-10.3-2021.10/bin/../lib/gcc/arm-none-eabi/10.3.1/../../../../arm-none-eabi/lib/thumb/v7e-m+dp/hard\libc_nano.a(lib_a-strtoul.o)
 .text._strtoul_r
                0x08001e38        0x4 e:/gcc-arm-none-eabi-10.3-2021.10/bin/../lib/gcc/arm-none-eabi/10.3.1/../../../../arm-none-eabi/lib/thumb/v7e-m+dp/hard\libc_nano.a(lib_a-strtoul.o)
                0x08001e38                _strtoul_r
 .text.__submore
                0x08001e3c       0x74 e:/gcc-arm-none-eabi-10.3-2021.10/bin/../lib/gcc/arm-none-eabi/10.3.1/../../../../arm-none-eabi/lib/thumb/v7e-m+dp/hard\libc_nano.a(lib_a-ungetc.o)
                0x08001e3c                __submore
 .text._ungetc_r
                0x08001eb0      0x130 e:/gcc-arm-none-eabi-10.3-2021.10/bin/../lib/gcc/arm-none-eabi/10.3.1/../../../../arm-none-eabi/lib/thumb/v7e-m+dp/hard\libc_nano.a(lib_a-ungetc.o)
                0x08001eb0                _ungetc_r
 .text.__swbuf_r
                0x08001fe0       0xa4 e:/gcc-arm-none-eabi-10.3-2021.10/bin/../lib/gcc/arm-none-eabi/10.3.1/../../../../arm-none-eabi/lib/thumb/v7e-m+dp/hard\libc_nano.a(lib_a-wbuf.o)
                0x08001fe0                __swbuf_r
 .text.__swsetup_r
                0x08002084       0xdc e:/gcc-arm-none-eabi-10.3-2021.10/bin/../lib/gcc/arm-none-eabi/10.3.1/../../../../arm-none-eabi/lib/thumb/v7e-m+dp/hard\libc_nano.a(lib_a-wsetup.o)
                0x08002084                __swsetup_r
 .text.__errno  0x08002160        0xc e:/gcc-arm-none-eabi-10.3-2021.10/bin/../lib/gcc/arm-none-eabi/10.3.1/../../../../arm-none-eabi/lib/thumb/v7e-m+dp/hard\libc_nano.a(lib_a-errno.o)
                0x08002160                __errno
 .text.__swhatbuf_r
                0x0800216c       0x4a e:/gcc-arm-none-eabi-10.3-2021.10/bin/../lib/gcc/arm-none-eabi/10.3.1/../../../../arm-none-eabi/lib/thumb/v7e-m+dp/hard\libc_nano.a(lib_a-makebuf.o)
                0x0800216c                __swhatbuf_r
 *fill*         0x080021b6        0x2 
 .text.__smakebuf_r
                0x080021b8       0x80 e:/gcc-arm-none-eabi-10.3-2021.10/bin/../lib/gcc/arm-none-eabi/10.3.1/../../../../arm-none-eabi/lib/thumb/v7e-m+dp/hard\libc_nano.a(lib_a-makebuf.o)
                0x080021b8                __smakebuf_r
 .text.memcpy   0x08002238       0x1c e:/gcc-arm-none-eabi-10.3-2021.10/bin/../lib/gcc/arm-none-eabi/10.3.1/../../../../arm-none-eabi/lib/thumb/v7e-m+dp/hard\libc_nano.a(lib_a-memcpy-stub.o)
                0x08002238                memcpy
 .text._realloc_r
                0x08002254       0x5e e:/gcc-arm-none-eabi-10.3-2021.10/bin/../lib/gcc/arm-none-eabi/10.3.1/../../../../arm-none-eabi/lib/thumb/v7e-m+dp/hard\libc_nano.a(lib_a-nano-reallocr.o)
                0x08002254                _realloc_r
 *fill*         0x080022b2        0x2 
 .text._fstat_r
                0x080022b4       0x24 e:/gcc-arm-none-eabi-10.3-2021.10/bin/../lib/gcc/arm-none-eabi/10.3.1/../../../../arm-none-eabi/lib/thumb/v7e-m+dp/hard\libc_nano.a(lib_a-fstatr.o)
                0x080022b4                _fstat_r
 .text._isatty_r
                0x080022d8       0x20 e:/gcc-arm-none-eabi-10.3-2021.10/bin/../lib/gcc/arm-none-eabi/10.3.1/../../../../arm-none-eabi/lib/thumb/v7e-m+dp/hard\libc_nano.a(lib_a-isattyr.o)
                0x080022d8                _isatty_r
 .text._malloc_usable_size_r
                0x080022f8       0x10 e:/gcc-arm-none-eabi-10.3-2021.10/bin/../lib/gcc/arm-none-eabi/10.3.1/../../../../arm-none-eabi/lib/thumb/v7e-m+dp/hard\libc_nano.a(lib_a-nano-msizer.o)
                0x080022f8                _malloc_usable_size_r
 *(.glue_7)
 .glue_7        0x08002308        0x0 linker stubs
 *(.glue_7t)
 .glue_7t       0x08002308        0x0 linker stubs
 *(.eh_frame)
 .eh_frame      0x08002308        0x0 e:/gcc-arm-none-eabi-10.3-2021.10/bin/../lib/gcc/arm-none-eabi/10.3.1/thumb/v7e-m+dp/hard/crtbegin.o
 *(.init)
 .init          0x08002308        0x4 e:/gcc-arm-none-eabi-10.3-2021.10/bin/../lib/gcc/arm-none-eabi/10.3.1/thumb/v7e-m+dp/hard/crti.o
                0x08002308                _init
 .init          0x0800230c        0x8 e:/gcc-arm-none-eabi-10.3-2021.10/bin/../lib/gcc/arm-none-eabi/10.3.1/thumb/v7e-m+dp/hard/crtn.o
 *(.fini)
 .fini          0x08002314        0x4 e:/gcc-arm-none-eabi-10.3-2021.10/bin/../lib/gcc/arm-none-eabi/10.3.1/thumb/v7e-m+dp/hard/crti.o
                0x08002314                _fini
 .fini          0x08002318        0x8 e:/gcc-arm-none-eabi-10.3-2021.10/bin/../lib/gcc/arm-none-eabi/10.3.1/thumb/v7e-m+dp/hard/crtn.o
                0x08002320                . = ALIGN (0x4)
                0x08002320                _etext = .

.vfp11_veneer   0x08002320        0x0
 .vfp11_veneer  0x08002320        0x0 linker stubs

.v4_bx          0x08002320        0x0
 .v4_bx         0x08002320        0x0 linker stubs

.iplt           0x08002320        0x0
 .iplt          0x08002320        0x0 e:/gcc-arm-none-eabi-10.3-2021.10/bin/../lib/gcc/arm-none-eabi/10.3.1/thumb/v7e-m+dp/hard/crtbegin.o

.rodata         0x08002320      0x1e8
                0x08002320                . = ALIGN (0x4)
 *(.rodata)
 .rodata        0x08002320       0x28 Build/main.o
 .rodata        0x08002348        0xc e:/gcc-arm-none-eabi-10.3-2021.10/bin/../lib/gcc/arm-none-eabi/10.3.1/../../../../arm-none-eabi/lib/thumb/v7e-m+dp/hard\libc_nano.a(lib_a-nano-vfscanf_i.o)
 *(.rodata*)
 .rodata.__sf_fake_stderr
                0x08002354       0x20 e:/gcc-arm-none-eabi-10.3-2021.10/bin/../lib/gcc/arm-none-eabi/10.3.1/../../../../arm-none-eabi/lib/thumb/v7e-m+dp/hard\libc_nano.a(lib_a-findfp.o)
                0x08002354                __sf_fake_stderr
 .rodata.__sf_fake_stdin
                0x08002374       0x20 e:/gcc-arm-none-eabi-10.3-2021.10/bin/../lib/gcc/arm-none-eabi/10.3.1/../../../../arm-none-eabi/lib/thumb/v7e-m+dp/hard\libc_nano.a(lib_a-findfp.o)
                0x08002374                __sf_fake_stdin
 .rodata.__sf_fake_stdout
                0x08002394       0x20 e:/gcc-arm-none-eabi-10.3-2021.10/bin/../lib/gcc/arm-none-eabi/10.3.1/../../../../arm-none-eabi/lib/thumb/v7e-m+dp/hard\libc_nano.a(lib_a-findfp.o)
                0x08002394                __sf_fake_stdout
 .rodata._global_impure_ptr
                0x080023b4        0x4 e:/gcc-arm-none-eabi-10.3-2021.10/bin/../lib/gcc/arm-none-eabi/10.3.1/../../../../arm-none-eabi/lib/thumb/v7e-m+dp/hard\libc_nano.a(lib_a-impure.o)
                0x080023b4                _global_impure_ptr
 .rodata._vfprintf_r.str1.1
                0x080023b8       0x11 e:/gcc-arm-none-eabi-10.3-2021.10/bin/../lib/gcc/arm-none-eabi/10.3.1/../../../../arm-none-eabi/lib/thumb/v7e-m+dp/hard\libc_nano.a(lib_a-nano-vfprintf.o)
 .rodata._printf_i.str1.1
                0x080023c9       0x22 e:/gcc-arm-none-eabi-10.3-2021.10/bin/../lib/gcc/arm-none-eabi/10.3.1/../../../../arm-none-eabi/lib/thumb/v7e-m+dp/hard\libc_nano.a(lib_a-nano-vfprintf_i.o)
 .rodata.__svfscanf_r.str1.1
                0x080023eb        0x4 e:/gcc-arm-none-eabi-10.3-2021.10/bin/../lib/gcc/arm-none-eabi/10.3.1/../../../../arm-none-eabi/lib/thumb/v7e-m+dp/hard\libc_nano.a(lib_a-nano-vfscanf.o)
 .rodata.str1.1
                0x080023eb        0x9 e:/gcc-arm-none-eabi-10.3-2021.10/bin/../lib/gcc/arm-none-eabi/10.3.1/../../../../arm-none-eabi/lib/thumb/v7e-m+dp/hard\libc_nano.a(lib_a-nano-vfscanf_i.o)
 .rodata._scanf_i.str1.1
                0x080023f4       0x12 e:/gcc-arm-none-eabi-10.3-2021.10/bin/../lib/gcc/arm-none-eabi/10.3.1/../../../../arm-none-eabi/lib/thumb/v7e-m+dp/hard\libc_nano.a(lib_a-nano-vfscanf_i.o)
 .rodata._ctype_
                0x08002406      0x101 e:/gcc-arm-none-eabi-10.3-2021.10/bin/../lib/gcc/arm-none-eabi/10.3.1/../../../../arm-none-eabi/lib/thumb/v7e-m+dp/hard\libc_nano.a(lib_a-ctype_.o)
                0x08002406                _ctype_
                0x08002508                . = ALIGN (0x4)
 *fill*         0x08002507        0x1 

.rel.dyn        0x08002508        0x0
 .rel.iplt      0x08002508        0x0 e:/gcc-arm-none-eabi-10.3-2021.10/bin/../lib/gcc/arm-none-eabi/10.3.1/thumb/v7e-m+dp/hard/crtbegin.o

.ARM.extab
 *(.ARM.extab* .gnu.linkonce.armextab.*)

.ARM            0x08002508        0x0
                0x08002508                __exidx_start = .
 *(.ARM.exidx*)
                0x08002508                __exidx_end = .

.preinit_array  0x08002508        0x0
                0x08002508                PROVIDE (__preinit_array_start = .)
 *(.preinit_array*)
                0x08002508                PROVIDE (__preinit_array_end = .)

.init_array     0x08002508        0x4
                0x08002508                PROVIDE (__init_array_start = .)
 *(SORT_BY_NAME(.init_array.*))
 *(.init_array*)
 .init_array    0x08002508        0x4 e:/gcc-arm-none-eabi-10.3-2021.10/bin/../lib/gcc/arm-none-eabi/10.3.1/thumb/v7e-m+dp/hard/crtbegin.o
                0x0800250c                PROVIDE (__init_array_end = .)

.fini_array     0x0800250c        0x4
                [!provide]                PROVIDE (__fini_array_start = .)
 *(SORT_BY_NAME(.fini_array.*))
 *(.fini_array*)
 .fini_array    0x0800250c        0x4 e:/gcc-arm-none-eabi-10.3-2021.10/bin/../lib/gcc/arm-none-eabi/10.3.1/thumb/v7e-m+dp/hard/crtbegin.o
                [!provide]                PROVIDE (__fini_array_end = .)
                0x08002510                _sidata = LOADADDR (.data)

.data           0x20000000       0x64 load address 0x08002510
                0x20000000                . = ALIGN (0x4)
                0x20000000                _sdata = .
 *(.data)
 *(.data*)
 .data._impure_ptr
                0x20000000        0x4 e:/gcc-arm-none-eabi-10.3-2021.10/bin/../lib/gcc/arm-none-eabi/10.3.1/../../../../arm-none-eabi/lib/thumb/v7e-m+dp/hard\libc_nano.a(lib_a-impure.o)
                0x20000000                _impure_ptr
 .data.impure_data
                0x20000004       0x60 e:/gcc-arm-none-eabi-10.3-2021.10/bin/../lib/gcc/arm-none-eabi/10.3.1/../../../../arm-none-eabi/lib/thumb/v7e-m+dp/hard\libc_nano.a(lib_a-impure.o)
                0x20000064                . = ALIGN (0x4)
                0x20000064                _edata = .

.igot.plt       0x20000064        0x0 load address 0x08002574
 .igot.plt      0x20000064        0x0 e:/gcc-arm-none-eabi-10.3-2021.10/bin/../lib/gcc/arm-none-eabi/10.3.1/thumb/v7e-m+dp/hard/crtbegin.o
                0x20000064                . = ALIGN (0x4)

.bss            0x20000064       0x30 load address 0x08002574
                0x20000064                _sbss = .
                0x20000064                __bss_start__ = _sbss
 *(.bss)
 .bss           0x20000064       0x1c e:/gcc-arm-none-eabi-10.3-2021.10/bin/../lib/gcc/arm-none-eabi/10.3.1/thumb/v7e-m+dp/hard/crtbegin.o
 *(.bss*)
 .bss.heap_end.0
                0x20000080        0x4 Build/syscalls.o
 .bss.__lock___malloc_recursive_mutex
                0x20000084        0x1 e:/gcc-arm-none-eabi-10.3-2021.10/bin/../lib/gcc/arm-none-eabi/10.3.1/../../../../arm-none-eabi/lib/thumb/v7e-m+dp/hard\libc_nano.a(lib_a-lock.o)
                0x20000084                __lock___malloc_recursive_mutex
 .bss.__lock___sfp_recursive_mutex
                0x20000085        0x1 e:/gcc-arm-none-eabi-10.3-2021.10/bin/../lib/gcc/arm-none-eabi/10.3.1/../../../../arm-none-eabi/lib/thumb/v7e-m+dp/hard\libc_nano.a(lib_a-lock.o)
                0x20000085                __lock___sfp_recursive_mutex
 .bss.__lock___sinit_recursive_mutex
                0x20000086        0x1 e:/gcc-arm-none-eabi-10.3-2021.10/bin/../lib/gcc/arm-none-eabi/10.3.1/../../../../arm-none-eabi/lib/thumb/v7e-m+dp/hard\libc_nano.a(lib_a-lock.o)
                0x20000086                __lock___sinit_recursive_mutex
 *fill*         0x20000087        0x1 
 .bss.__malloc_free_list
                0x20000088        0x4 e:/gcc-arm-none-eabi-10.3-2021.10/bin/../lib/gcc/arm-none-eabi/10.3.1/../../../../arm-none-eabi/lib/thumb/v7e-m+dp/hard\libc_nano.a(lib_a-nano-mallocr.o)
                0x20000088                __malloc_free_list
 .bss.__malloc_sbrk_start
                0x2000008c        0x4 e:/gcc-arm-none-eabi-10.3-2021.10/bin/../lib/gcc/arm-none-eabi/10.3.1/../../../../arm-none-eabi/lib/thumb/v7e-m+dp/hard\libc_nano.a(lib_a-nano-mallocr.o)
                0x2000008c                __malloc_sbrk_start
 .bss.errno     0x20000090        0x4 e:/gcc-arm-none-eabi-10.3-2021.10/bin/../lib/gcc/arm-none-eabi/10.3.1/../../../../arm-none-eabi/lib/thumb/v7e-m+dp/hard\libc_nano.a(lib_a-reent.o)
                0x20000090                errno
 *(COMMON)
                0x20000094                . = ALIGN (0x4)
                0x20000094                _ebss = .
                0x20000094                __bss_end__ = _ebss

._user_heap_stack
                0x20000094      0x604 load address 0x08002574
                0x20000098                . = ALIGN (0x8)
 *fill*         0x20000094        0x4 
                0x20000098                PROVIDE (end = .)
                [!provide]                PROVIDE (_end = .)
                0x20000298                . = (. + _Min_Heap_Size)
 *fill*         0x20000098      0x200 
                0x20000698                . = (. + _Min_Stack_Size)
 *fill*         0x20000298      0x400 
                0x20000698                . = ALIGN (0x8)

/DISCARD/
 libc.a(*)
 libm.a(*)
 libgcc.a(*)

.ARM.attributes
                0x00000000       0x2e
 *(.ARM.attributes)
 .ARM.attributes
                0x00000000       0x1e e:/gcc-arm-none-eabi-10.3-2021.10/bin/../lib/gcc/arm-none-eabi/10.3.1/thumb/v7e-m+dp/hard/crti.o
 .ARM.attributes
                0x0000001e       0x32 e:/gcc-arm-none-eabi-10.3-2021.10/bin/../lib/gcc/arm-none-eabi/10.3.1/thumb/v7e-m+dp/hard/crtbegin.o
 .ARM.attributes
                0x00000050       0x32 Build/stm32f767zi_usart.o
 .ARM.attributes
                0x00000082       0x32 Build/main.o
 .ARM.attributes
                0x000000b4       0x32 Build/stm322f767zi_user.o
 .ARM.attributes
                0x000000e6       0x32 Build/syscalls.o
 .ARM.attributes
                0x00000118       0x32 Build/stm32f767zi_gpio.o
 .ARM.attributes
                0x0000014a       0x21 Build/startup_stm32f767xx.o
 .ARM.attributes
                0x0000016b       0x32 e:/gcc-arm-none-eabi-10.3-2021.10/bin/../lib/gcc/arm-none-eabi/10.3.1/../../../../arm-none-eabi/lib/thumb/v7e-m+dp/hard\libc_nano.a(lib_a-fflush.o)
 .ARM.attributes
                0x0000019d       0x32 e:/gcc-arm-none-eabi-10.3-2021.10/bin/../lib/gcc/arm-none-eabi/10.3.1/../../../../arm-none-eabi/lib/thumb/v7e-m+dp/hard\libc_nano.a(lib_a-findfp.o)
 .ARM.attributes
                0x000001cf       0x32 e:/gcc-arm-none-eabi-10.3-2021.10/bin/../lib/gcc/arm-none-eabi/10.3.1/../../../../arm-none-eabi/lib/thumb/v7e-m+dp/hard\libc_nano.a(lib_a-fwalk.o)
 .ARM.attributes
                0x00000201       0x32 e:/gcc-arm-none-eabi-10.3-2021.10/bin/../lib/gcc/arm-none-eabi/10.3.1/../../../../arm-none-eabi/lib/thumb/v7e-m+dp/hard\libc_nano.a(lib_a-impure.o)
 .ARM.attributes
                0x00000233       0x32 e:/gcc-arm-none-eabi-10.3-2021.10/bin/../lib/gcc/arm-none-eabi/10.3.1/../../../../arm-none-eabi/lib/thumb/v7e-m+dp/hard\libc_nano.a(lib_a-init.o)
 .ARM.attributes
                0x00000265       0x32 e:/gcc-arm-none-eabi-10.3-2021.10/bin/../lib/gcc/arm-none-eabi/10.3.1/../../../../arm-none-eabi/lib/thumb/v7e-m+dp/hard\libc_nano.a(lib_a-lock.o)
 .ARM.attributes
                0x00000297       0x32 e:/gcc-arm-none-eabi-10.3-2021.10/bin/../lib/gcc/arm-none-eabi/10.3.1/../../../../arm-none-eabi/lib/thumb/v7e-m+dp/hard\libc_nano.a(lib_a-memset.o)
 .ARM.attributes
                0x000002c9       0x32 e:/gcc-arm-none-eabi-10.3-2021.10/bin/../lib/gcc/arm-none-eabi/10.3.1/../../../../arm-none-eabi/lib/thumb/v7e-m+dp/hard\libc_nano.a(lib_a-nano-freer.o)
 .ARM.attributes
                0x000002fb       0x32 e:/gcc-arm-none-eabi-10.3-2021.10/bin/../lib/gcc/arm-none-eabi/10.3.1/../../../../arm-none-eabi/lib/thumb/v7e-m+dp/hard\libc_nano.a(lib_a-nano-mallocr.o)
 .ARM.attributes
                0x0000032d       0x32 e:/gcc-arm-none-eabi-10.3-2021.10/bin/../lib/gcc/arm-none-eabi/10.3.1/../../../../arm-none-eabi/lib/thumb/v7e-m+dp/hard\libc_nano.a(lib_a-printf.o)
 .ARM.attributes
                0x0000035f       0x32 e:/gcc-arm-none-eabi-10.3-2021.10/bin/../lib/gcc/arm-none-eabi/10.3.1/../../../../arm-none-eabi/lib/thumb/v7e-m+dp/hard\libc_nano.a(lib_a-reent.o)
 .ARM.attributes
                0x00000391       0x32 e:/gcc-arm-none-eabi-10.3-2021.10/bin/../lib/gcc/arm-none-eabi/10.3.1/../../../../arm-none-eabi/lib/thumb/v7e-m+dp/hard\libc_nano.a(lib_a-sbrkr.o)
 .ARM.attributes
                0x000003c3       0x32 e:/gcc-arm-none-eabi-10.3-2021.10/bin/../lib/gcc/arm-none-eabi/10.3.1/../../../../arm-none-eabi/lib/thumb/v7e-m+dp/hard\libc_nano.a(lib_a-scanf.o)
 .ARM.attributes
                0x000003f5       0x32 e:/gcc-arm-none-eabi-10.3-2021.10/bin/../lib/gcc/arm-none-eabi/10.3.1/../../../../arm-none-eabi/lib/thumb/v7e-m+dp/hard\libc_nano.a(lib_a-stdio.o)
 .ARM.attributes
                0x00000427       0x32 e:/gcc-arm-none-eabi-10.3-2021.10/bin/../lib/gcc/arm-none-eabi/10.3.1/../../../../arm-none-eabi/lib/thumb/v7e-m+dp/hard\libc_nano.a(lib_a-writer.o)
 .ARM.attributes
                0x00000459       0x32 e:/gcc-arm-none-eabi-10.3-2021.10/bin/../lib/gcc/arm-none-eabi/10.3.1/../../../../arm-none-eabi/lib/thumb/v7e-m+dp/hard\libc_nano.a(lib_a-closer.o)
 .ARM.attributes
                0x0000048b       0x32 e:/gcc-arm-none-eabi-10.3-2021.10/bin/../lib/gcc/arm-none-eabi/10.3.1/../../../../arm-none-eabi/lib/thumb/v7e-m+dp/hard\libc_nano.a(lib_a-lseekr.o)
 .ARM.attributes
                0x000004bd       0x32 e:/gcc-arm-none-eabi-10.3-2021.10/bin/../lib/gcc/arm-none-eabi/10.3.1/../../../../arm-none-eabi/lib/thumb/v7e-m+dp/hard\libc_nano.a(lib_a-mlock.o)
 .ARM.attributes
                0x000004ef       0x32 e:/gcc-arm-none-eabi-10.3-2021.10/bin/../lib/gcc/arm-none-eabi/10.3.1/../../../../arm-none-eabi/lib/thumb/v7e-m+dp/hard\libc_nano.a(lib_a-nano-vfprintf.o)
 .ARM.attributes
                0x00000521       0x32 e:/gcc-arm-none-eabi-10.3-2021.10/bin/../lib/gcc/arm-none-eabi/10.3.1/../../../../arm-none-eabi/lib/thumb/v7e-m+dp/hard\libc_nano.a(lib_a-nano-vfprintf_i.o)
 .ARM.attributes
                0x00000553       0x32 e:/gcc-arm-none-eabi-10.3-2021.10/bin/../lib/gcc/arm-none-eabi/10.3.1/../../../../arm-none-eabi/lib/thumb/v7e-m+dp/hard\libc_nano.a(lib_a-nano-vfscanf.o)
 .ARM.attributes
                0x00000585       0x32 e:/gcc-arm-none-eabi-10.3-2021.10/bin/../lib/gcc/arm-none-eabi/10.3.1/../../../../arm-none-eabi/lib/thumb/v7e-m+dp/hard\libc_nano.a(lib_a-nano-vfscanf_i.o)
 .ARM.attributes
                0x000005b7       0x32 e:/gcc-arm-none-eabi-10.3-2021.10/bin/../lib/gcc/arm-none-eabi/10.3.1/../../../../arm-none-eabi/lib/thumb/v7e-m+dp/hard\libc_nano.a(lib_a-readr.o)
 .ARM.attributes
                0x000005e9       0x32 e:/gcc-arm-none-eabi-10.3-2021.10/bin/../lib/gcc/arm-none-eabi/10.3.1/../../../../arm-none-eabi/lib/thumb/v7e-m+dp/hard\libc_nano.a(lib_a-refill.o)
 .ARM.attributes
                0x0000061b       0x32 e:/gcc-arm-none-eabi-10.3-2021.10/bin/../lib/gcc/arm-none-eabi/10.3.1/../../../../arm-none-eabi/lib/thumb/v7e-m+dp/hard\libc_nano.a(lib_a-sccl.o)
 .ARM.attributes
                0x0000064d       0x32 e:/gcc-arm-none-eabi-10.3-2021.10/bin/../lib/gcc/arm-none-eabi/10.3.1/../../../../arm-none-eabi/lib/thumb/v7e-m+dp/hard\libc_nano.a(lib_a-strtol.o)
 .ARM.attributes
                0x0000067f       0x32 e:/gcc-arm-none-eabi-10.3-2021.10/bin/../lib/gcc/arm-none-eabi/10.3.1/../../../../arm-none-eabi/lib/thumb/v7e-m+dp/hard\libc_nano.a(lib_a-strtoul.o)
 .ARM.attributes
                0x000006b1       0x32 e:/gcc-arm-none-eabi-10.3-2021.10/bin/../lib/gcc/arm-none-eabi/10.3.1/../../../../arm-none-eabi/lib/thumb/v7e-m+dp/hard\libc_nano.a(lib_a-ungetc.o)
 .ARM.attributes
                0x000006e3       0x32 e:/gcc-arm-none-eabi-10.3-2021.10/bin/../lib/gcc/arm-none-eabi/10.3.1/../../../../arm-none-eabi/lib/thumb/v7e-m+dp/hard\libc_nano.a(lib_a-wbuf.o)
 .ARM.attributes
                0x00000715       0x32 e:/gcc-arm-none-eabi-10.3-2021.10/bin/../lib/gcc/arm-none-eabi/10.3.1/../../../../arm-none-eabi/lib/thumb/v7e-m+dp/hard\libc_nano.a(lib_a-wsetup.o)
 .ARM.attributes
                0x00000747       0x32 e:/gcc-arm-none-eabi-10.3-2021.10/bin/../lib/gcc/arm-none-eabi/10.3.1/../../../../arm-none-eabi/lib/thumb/v7e-m+dp/hard\libc_nano.a(lib_a-ctype_.o)
 .ARM.attributes
                0x00000779       0x32 e:/gcc-arm-none-eabi-10.3-2021.10/bin/../lib/gcc/arm-none-eabi/10.3.1/../../../../arm-none-eabi/lib/thumb/v7e-m+dp/hard\libc_nano.a(lib_a-errno.o)
 .ARM.attributes
                0x000007ab       0x32 e:/gcc-arm-none-eabi-10.3-2021.10/bin/../lib/gcc/arm-none-eabi/10.3.1/../../../../arm-none-eabi/lib/thumb/v7e-m+dp/hard\libc_nano.a(lib_a-makebuf.o)
 .ARM.attributes
                0x000007dd       0x1c e:/gcc-arm-none-eabi-10.3-2021.10/bin/../lib/gcc/arm-none-eabi/10.3.1/../../../../arm-none-eabi/lib/thumb/v7e-m+dp/hard\libc_nano.a(lib_a-memchr.o)
 .ARM.attributes
                0x000007f9       0x32 e:/gcc-arm-none-eabi-10.3-2021.10/bin/../lib/gcc/arm-none-eabi/10.3.1/../../../../arm-none-eabi/lib/thumb/v7e-m+dp/hard\libc_nano.a(lib_a-memcpy-stub.o)
 .ARM.attributes
                0x0000082b       0x32 e:/gcc-arm-none-eabi-10.3-2021.10/bin/../lib/gcc/arm-none-eabi/10.3.1/../../../../arm-none-eabi/lib/thumb/v7e-m+dp/hard\libc_nano.a(lib_a-nano-reallocr.o)
 .ARM.attributes
                0x0000085d       0x32 e:/gcc-arm-none-eabi-10.3-2021.10/bin/../lib/gcc/arm-none-eabi/10.3.1/../../../../arm-none-eabi/lib/thumb/v7e-m+dp/hard\libc_nano.a(lib_a-fstatr.o)
 .ARM.attributes
                0x0000088f       0x32 e:/gcc-arm-none-eabi-10.3-2021.10/bin/../lib/gcc/arm-none-eabi/10.3.1/../../../../arm-none-eabi/lib/thumb/v7e-m+dp/hard\libc_nano.a(lib_a-isattyr.o)
 .ARM.attributes
                0x000008c1       0x32 e:/gcc-arm-none-eabi-10.3-2021.10/bin/../lib/gcc/arm-none-eabi/10.3.1/../../../../arm-none-eabi/lib/thumb/v7e-m+dp/hard\libc_nano.a(lib_a-nano-msizer.o)
 .ARM.attributes
                0x000008f3       0x1e e:/gcc-arm-none-eabi-10.3-2021.10/bin/../lib/gcc/arm-none-eabi/10.3.1/thumb/v7e-m+dp/hard/crtn.o
OUTPUT(Build/main.elf elf32-littlearm)
LOAD linker stubs
LOAD e:/gcc-arm-none-eabi-10.3-2021.10/bin/../lib/gcc/arm-none-eabi/10.3.1/../../../../arm-none-eabi/lib/thumb/v7e-m+dp/hard\libc.a
LOAD e:/gcc-arm-none-eabi-10.3-2021.10/bin/../lib/gcc/arm-none-eabi/10.3.1/../../../../arm-none-eabi/lib/thumb/v7e-m+dp/hard\libm.a
LOAD e:/gcc-arm-none-eabi-10.3-2021.10/bin/../lib/gcc/arm-none-eabi/10.3.1/thumb/v7e-m+dp/hard\libgcc.a

.debug_info     0x00000000     0x1a3d
 .debug_info    0x00000000      0x33f Build/stm32f767zi_usart.o
 .debug_info    0x0000033f      0xb0b Build/main.o
 .debug_info    0x00000e4a      0x202 Build/stm322f767zi_user.o
 .debug_info    0x0000104c      0x84a Build/syscalls.o
 .debug_info    0x00001896      0x185 Build/stm32f767zi_gpio.o
 .debug_info    0x00001a1b       0x22 Build/startup_stm32f767xx.o

.debug_abbrev   0x00000000      0x65c
 .debug_abbrev  0x00000000      0x13e Build/stm32f767zi_usart.o
 .debug_abbrev  0x0000013e      0x1bf Build/main.o
 .debug_abbrev  0x000002fd       0xcc Build/stm322f767zi_user.o
 .debug_abbrev  0x000003c9      0x1b5 Build/syscalls.o
 .debug_abbrev  0x0000057e       0xcc Build/stm32f767zi_gpio.o
 .debug_abbrev  0x0000064a       0x12 Build/startup_stm32f767xx.o

.debug_loc      0x00000000      0x96c
 .debug_loc     0x00000000      0x160 Build/stm32f767zi_usart.o
 .debug_loc     0x00000160       0x38 Build/main.o
 .debug_loc     0x00000198       0xb4 Build/stm322f767zi_user.o
 .debug_loc     0x0000024c      0x6c4 Build/syscalls.o
 .debug_loc     0x00000910       0x5c Build/stm32f767zi_gpio.o

.debug_aranges  0x00000000      0x190
 .debug_aranges
                0x00000000       0x40 Build/stm32f767zi_usart.o
 .debug_aranges
                0x00000040       0x20 Build/main.o
 .debug_aranges
                0x00000060       0x30 Build/stm322f767zi_user.o
 .debug_aranges
                0x00000090       0xb8 Build/syscalls.o
 .debug_aranges
                0x00000148       0x20 Build/stm32f767zi_gpio.o
 .debug_aranges
                0x00000168       0x28 Build/startup_stm32f767xx.o

.debug_ranges   0x00000000      0x138
 .debug_ranges  0x00000000       0x30 Build/stm32f767zi_usart.o
 .debug_ranges  0x00000030       0x10 Build/main.o
 .debug_ranges  0x00000040       0x20 Build/stm322f767zi_user.o
 .debug_ranges  0x00000060       0xa8 Build/syscalls.o
 .debug_ranges  0x00000108       0x10 Build/stm32f767zi_gpio.o
 .debug_ranges  0x00000118       0x20 Build/startup_stm32f767xx.o

.debug_line     0x00000000      0x9fb
 .debug_line    0x00000000      0x1af Build/stm32f767zi_usart.o
 .debug_line    0x000001af      0x1b3 Build/main.o
 .debug_line    0x00000362      0x155 Build/stm322f767zi_user.o
 .debug_line    0x000004b7      0x3ae Build/syscalls.o
 .debug_line    0x00000865      0x120 Build/stm32f767zi_gpio.o
 .debug_line    0x00000985       0x76 Build/startup_stm32f767xx.o

.debug_str      0x00000000      0x878
 .debug_str     0x00000000      0x1e8 Build/stm32f767zi_usart.o
                                0x233 (size before relaxing)
 .debug_str     0x000001e8      0x3b1 Build/main.o
                                0x55f (size before relaxing)
 .debug_str     0x00000599       0x40 Build/stm322f767zi_user.o
                                0x1df (size before relaxing)
 .debug_str     0x000005d9      0x24e Build/syscalls.o
                                0x443 (size before relaxing)
 .debug_str     0x00000827       0x2d Build/stm32f767zi_gpio.o
                                0x1b0 (size before relaxing)
 .debug_str     0x00000854       0x24 Build/startup_stm32f767xx.o
                                 0x47 (size before relaxing)

.comment        0x00000000       0x49
 .comment       0x00000000       0x49 Build/stm32f767zi_usart.o
                                 0x4a (size before relaxing)
 .comment       0x00000049       0x4a Build/main.o
 .comment       0x00000049       0x4a Build/stm322f767zi_user.o
 .comment       0x00000049       0x4a Build/syscalls.o
 .comment       0x00000049       0x4a Build/stm32f767zi_gpio.o

.debug_frame    0x00000000     0x1060
 .debug_frame   0x00000000       0xbc Build/stm32f767zi_usart.o
 .debug_frame   0x000000bc       0x30 Build/main.o
 .debug_frame   0x000000ec       0x70 Build/stm322f767zi_user.o
 .debug_frame   0x0000015c      0x314 Build/syscalls.o
 .debug_frame   0x00000470       0x38 Build/stm32f767zi_gpio.o
 .debug_frame   0x000004a8       0x5c e:/gcc-arm-none-eabi-10.3-2021.10/bin/../lib/gcc/arm-none-eabi/10.3.1/../../../../arm-none-eabi/lib/thumb/v7e-m+dp/hard\libc_nano.a(lib_a-fflush.o)
 .debug_frame   0x00000504      0x14c e:/gcc-arm-none-eabi-10.3-2021.10/bin/../lib/gcc/arm-none-eabi/10.3.1/../../../../arm-none-eabi/lib/thumb/v7e-m+dp/hard\libc_nano.a(lib_a-findfp.o)
 .debug_frame   0x00000650       0x54 e:/gcc-arm-none-eabi-10.3-2021.10/bin/../lib/gcc/arm-none-eabi/10.3.1/../../../../arm-none-eabi/lib/thumb/v7e-m+dp/hard\libc_nano.a(lib_a-fwalk.o)
 .debug_frame   0x000006a4       0x2c e:/gcc-arm-none-eabi-10.3-2021.10/bin/../lib/gcc/arm-none-eabi/10.3.1/../../../../arm-none-eabi/lib/thumb/v7e-m+dp/hard\libc_nano.a(lib_a-init.o)
 .debug_frame   0x000006d0       0xb0 e:/gcc-arm-none-eabi-10.3-2021.10/bin/../lib/gcc/arm-none-eabi/10.3.1/../../../../arm-none-eabi/lib/thumb/v7e-m+dp/hard\libc_nano.a(lib_a-lock.o)
 .debug_frame   0x00000780       0x20 e:/gcc-arm-none-eabi-10.3-2021.10/bin/../lib/gcc/arm-none-eabi/10.3.1/../../../../arm-none-eabi/lib/thumb/v7e-m+dp/hard\libc_nano.a(lib_a-memset.o)
 .debug_frame   0x000007a0       0x38 e:/gcc-arm-none-eabi-10.3-2021.10/bin/../lib/gcc/arm-none-eabi/10.3.1/../../../../arm-none-eabi/lib/thumb/v7e-m+dp/hard\libc_nano.a(lib_a-nano-freer.o)
 .debug_frame   0x000007d8       0x4c e:/gcc-arm-none-eabi-10.3-2021.10/bin/../lib/gcc/arm-none-eabi/10.3.1/../../../../arm-none-eabi/lib/thumb/v7e-m+dp/hard\libc_nano.a(lib_a-nano-mallocr.o)
 .debug_frame   0x00000824       0x74 e:/gcc-arm-none-eabi-10.3-2021.10/bin/../lib/gcc/arm-none-eabi/10.3.1/../../../../arm-none-eabi/lib/thumb/v7e-m+dp/hard\libc_nano.a(lib_a-printf.o)
 .debug_frame   0x00000898       0x5c e:/gcc-arm-none-eabi-10.3-2021.10/bin/../lib/gcc/arm-none-eabi/10.3.1/../../../../arm-none-eabi/lib/thumb/v7e-m+dp/hard\libc_nano.a(lib_a-reent.o)
 .debug_frame   0x000008f4       0x2c e:/gcc-arm-none-eabi-10.3-2021.10/bin/../lib/gcc/arm-none-eabi/10.3.1/../../../../arm-none-eabi/lib/thumb/v7e-m+dp/hard\libc_nano.a(lib_a-sbrkr.o)
 .debug_frame   0x00000920       0x74 e:/gcc-arm-none-eabi-10.3-2021.10/bin/../lib/gcc/arm-none-eabi/10.3.1/../../../../arm-none-eabi/lib/thumb/v7e-m+dp/hard\libc_nano.a(lib_a-scanf.o)
 .debug_frame   0x00000994       0x88 e:/gcc-arm-none-eabi-10.3-2021.10/bin/../lib/gcc/arm-none-eabi/10.3.1/../../../../arm-none-eabi/lib/thumb/v7e-m+dp/hard\libc_nano.a(lib_a-stdio.o)
 .debug_frame   0x00000a1c       0x2c e:/gcc-arm-none-eabi-10.3-2021.10/bin/../lib/gcc/arm-none-eabi/10.3.1/../../../../arm-none-eabi/lib/thumb/v7e-m+dp/hard\libc_nano.a(lib_a-writer.o)
 .debug_frame   0x00000a48       0x2c e:/gcc-arm-none-eabi-10.3-2021.10/bin/../lib/gcc/arm-none-eabi/10.3.1/../../../../arm-none-eabi/lib/thumb/v7e-m+dp/hard\libc_nano.a(lib_a-closer.o)
 .debug_frame   0x00000a74       0x2c e:/gcc-arm-none-eabi-10.3-2021.10/bin/../lib/gcc/arm-none-eabi/10.3.1/../../../../arm-none-eabi/lib/thumb/v7e-m+dp/hard\libc_nano.a(lib_a-lseekr.o)
 .debug_frame   0x00000aa0       0x30 e:/gcc-arm-none-eabi-10.3-2021.10/bin/../lib/gcc/arm-none-eabi/10.3.1/../../../../arm-none-eabi/lib/thumb/v7e-m+dp/hard\libc_nano.a(lib_a-mlock.o)
 .debug_frame   0x00000ad0       0xac e:/gcc-arm-none-eabi-10.3-2021.10/bin/../lib/gcc/arm-none-eabi/10.3.1/../../../../arm-none-eabi/lib/thumb/v7e-m+dp/hard\libc_nano.a(lib_a-nano-vfprintf.o)
 .debug_frame   0x00000b7c       0x60 e:/gcc-arm-none-eabi-10.3-2021.10/bin/../lib/gcc/arm-none-eabi/10.3.1/../../../../arm-none-eabi/lib/thumb/v7e-m+dp/hard\libc_nano.a(lib_a-nano-vfprintf_i.o)
 .debug_frame   0x00000bdc       0xa4 e:/gcc-arm-none-eabi-10.3-2021.10/bin/../lib/gcc/arm-none-eabi/10.3.1/../../../../arm-none-eabi/lib/thumb/v7e-m+dp/hard\libc_nano.a(lib_a-nano-vfscanf.o)
 .debug_frame   0x00000c80       0x64 e:/gcc-arm-none-eabi-10.3-2021.10/bin/../lib/gcc/arm-none-eabi/10.3.1/../../../../arm-none-eabi/lib/thumb/v7e-m+dp/hard\libc_nano.a(lib_a-nano-vfscanf_i.o)
 .debug_frame   0x00000ce4       0x2c e:/gcc-arm-none-eabi-10.3-2021.10/bin/../lib/gcc/arm-none-eabi/10.3.1/../../../../arm-none-eabi/lib/thumb/v7e-m+dp/hard\libc_nano.a(lib_a-readr.o)
 .debug_frame   0x00000d10       0x40 e:/gcc-arm-none-eabi-10.3-2021.10/bin/../lib/gcc/arm-none-eabi/10.3.1/../../../../arm-none-eabi/lib/thumb/v7e-m+dp/hard\libc_nano.a(lib_a-refill.o)
 .debug_frame   0x00000d50       0x2c e:/gcc-arm-none-eabi-10.3-2021.10/bin/../lib/gcc/arm-none-eabi/10.3.1/../../../../arm-none-eabi/lib/thumb/v7e-m+dp/hard\libc_nano.a(lib_a-sccl.o)
 .debug_frame   0x00000d7c       0x64 e:/gcc-arm-none-eabi-10.3-2021.10/bin/../lib/gcc/arm-none-eabi/10.3.1/../../../../arm-none-eabi/lib/thumb/v7e-m+dp/hard\libc_nano.a(lib_a-strtol.o)
 .debug_frame   0x00000de0       0x64 e:/gcc-arm-none-eabi-10.3-2021.10/bin/../lib/gcc/arm-none-eabi/10.3.1/../../../../arm-none-eabi/lib/thumb/v7e-m+dp/hard\libc_nano.a(lib_a-strtoul.o)
 .debug_frame   0x00000e44       0x5c e:/gcc-arm-none-eabi-10.3-2021.10/bin/../lib/gcc/arm-none-eabi/10.3.1/../../../../arm-none-eabi/lib/thumb/v7e-m+dp/hard\libc_nano.a(lib_a-ungetc.o)
 .debug_frame   0x00000ea0       0x40 e:/gcc-arm-none-eabi-10.3-2021.10/bin/../lib/gcc/arm-none-eabi/10.3.1/../../../../arm-none-eabi/lib/thumb/v7e-m+dp/hard\libc_nano.a(lib_a-wbuf.o)
 .debug_frame   0x00000ee0       0x2c e:/gcc-arm-none-eabi-10.3-2021.10/bin/../lib/gcc/arm-none-eabi/10.3.1/../../../../arm-none-eabi/lib/thumb/v7e-m+dp/hard\libc_nano.a(lib_a-wsetup.o)
 .debug_frame   0x00000f0c       0x20 e:/gcc-arm-none-eabi-10.3-2021.10/bin/../lib/gcc/arm-none-eabi/10.3.1/../../../../arm-none-eabi/lib/thumb/v7e-m+dp/hard\libc_nano.a(lib_a-errno.o)
 .debug_frame   0x00000f2c       0x58 e:/gcc-arm-none-eabi-10.3-2021.10/bin/../lib/gcc/arm-none-eabi/10.3.1/../../../../arm-none-eabi/lib/thumb/v7e-m+dp/hard\libc_nano.a(lib_a-makebuf.o)
 .debug_frame   0x00000f84       0x28 e:/gcc-arm-none-eabi-10.3-2021.10/bin/../lib/gcc/arm-none-eabi/10.3.1/../../../../arm-none-eabi/lib/thumb/v7e-m+dp/hard\libc_nano.a(lib_a-memcpy-stub.o)
 .debug_frame   0x00000fac       0x3c e:/gcc-arm-none-eabi-10.3-2021.10/bin/../lib/gcc/arm-none-eabi/10.3.1/../../../../arm-none-eabi/lib/thumb/v7e-m+dp/hard\libc_nano.a(lib_a-nano-reallocr.o)
 .debug_frame   0x00000fe8       0x2c e:/gcc-arm-none-eabi-10.3-2021.10/bin/../lib/gcc/arm-none-eabi/10.3.1/../../../../arm-none-eabi/lib/thumb/v7e-m+dp/hard\libc_nano.a(lib_a-fstatr.o)
 .debug_frame   0x00001014       0x2c e:/gcc-arm-none-eabi-10.3-2021.10/bin/../lib/gcc/arm-none-eabi/10.3.1/../../../../arm-none-eabi/lib/thumb/v7e-m+dp/hard\libc_nano.a(lib_a-isattyr.o)
 .debug_frame   0x00001040       0x20 e:/gcc-arm-none-eabi-10.3-2021.10/bin/../lib/gcc/arm-none-eabi/10.3.1/../../../../arm-none-eabi/lib/thumb/v7e-m+dp/hard\libc_nano.a(lib_a-nano-msizer.o)

Cross Reference Table

Symbol                                            File
ADC_IRQHandler                                    Build/startup_stm32f767xx.o
BusFault_Handler                                  Build/startup_stm32f767xx.o
CAN1_RX0_IRQHandler                               Build/startup_stm32f767xx.o
CAN1_RX1_IRQHandler                               Build/startup_stm32f767xx.o
CAN1_SCE_IRQHandler                               Build/startup_stm32f767xx.o
CAN1_TX_IRQHandler                                Build/startup_stm32f767xx.o
CAN2_RX0_IRQHandler                               Build/startup_stm32f767xx.o
CAN2_RX1_IRQHandler                               Build/startup_stm32f767xx.o
CAN2_SCE_IRQHandler                               Build/startup_stm32f767xx.o
CAN2_TX_IRQHandler                                Build/startup_stm32f767xx.o
CAN3_RX0_IRQHandler                               Build/startup_stm32f767xx.o
CAN3_RX1_IRQHandler                               Build/startup_stm32f767xx.o
CAN3_SCE_IRQHandler                               Build/startup_stm32f767xx.o
CAN3_TX_IRQHandler                                Build/startup_stm32f767xx.o
CEC_IRQHandler                                    Build/startup_stm32f767xx.o
DCMI_IRQHandler                                   Build/startup_stm32f767xx.o
DFSDM1_FLT0_IRQHandler                            Build/startup_stm32f767xx.o
DFSDM1_FLT1_IRQHandler                            Build/startup_stm32f767xx.o
DFSDM1_FLT2_IRQHandler                            Build/startup_stm32f767xx.o
DFSDM1_FLT3_IRQHandler                            Build/startup_stm32f767xx.o
DMA1_Stream0_IRQHandler                           Build/startup_stm32f767xx.o
DMA1_Stream1_IRQHandler                           Build/startup_stm32f767xx.o
DMA1_Stream2_IRQHandler                           Build/startup_stm32f767xx.o
DMA1_Stream3_IRQHandler                           Build/startup_stm32f767xx.o
DMA1_Stream4_IRQHandler                           Build/startup_stm32f767xx.o
DMA1_Stream5_IRQHandler                           Build/startup_stm32f767xx.o
DMA1_Stream6_IRQHandler                           Build/startup_stm32f767xx.o
DMA1_Stream7_IRQHandler                           Build/startup_stm32f767xx.o
DMA2D_IRQHandler                                  Build/startup_stm32f767xx.o
DMA2_Stream0_IRQHandler                           Build/startup_stm32f767xx.o
DMA2_Stream1_IRQHandler                           Build/startup_stm32f767xx.o
DMA2_Stream2_IRQHandler                           Build/startup_stm32f767xx.o
DMA2_Stream3_IRQHandler                           Build/startup_stm32f767xx.o
DMA2_Stream4_IRQHandler                           Build/startup_stm32f767xx.o
DMA2_Stream5_IRQHandler                           Build/startup_stm32f767xx.o
DMA2_Stream6_IRQHandler                           Build/startup_stm32f767xx.o
DMA2_Stream7_IRQHandler                           Build/startup_stm32f767xx.o
DebugMon_Handler                                  Build/startup_stm32f767xx.o
Default_Handler                                   Build/startup_stm32f767xx.o
ETH_IRQHandler                                    Build/startup_stm32f767xx.o
ETH_WKUP_IRQHandler                               Build/startup_stm32f767xx.o
EXTI0_IRQHandler                                  Build/startup_stm32f767xx.o
EXTI15_10_IRQHandler                              Build/startup_stm32f767xx.o
EXTI1_IRQHandler                                  Build/startup_stm32f767xx.o
EXTI2_IRQHandler                                  Build/startup_stm32f767xx.o
EXTI3_IRQHandler                                  Build/startup_stm32f767xx.o
EXTI4_IRQHandler                                  Build/startup_stm32f767xx.o
EXTI9_5_IRQHandler                                Build/startup_stm32f767xx.o
FLASH_IRQHandler                                  Build/startup_stm32f767xx.o
FMC_IRQHandler                                    Build/startup_stm32f767xx.o
FPU_IRQHandler                                    Build/startup_stm32f767xx.o
HardFault_Handler                                 Build/startup_stm32f767xx.o
I2C1_ER_IRQHandler                                Build/startup_stm32f767xx.o
I2C1_EV_IRQHandler                                Build/startup_stm32f767xx.o
I2C2_ER_IRQHandler                                Build/startup_stm32f767xx.o
I2C2_EV_IRQHandler                                Build/startup_stm32f767xx.o
I2C3_ER_IRQHandler                                Build/startup_stm32f767xx.o
I2C3_EV_IRQHandler                                Build/startup_stm32f767xx.o
I2C4_ER_IRQHandler                                Build/startup_stm32f767xx.o
I2C4_EV_IRQHandler                                Build/startup_stm32f767xx.o
JPEG_IRQHandler                                   Build/startup_stm32f767xx.o
LPTIM1_IRQHandler                                 Build/startup_stm32f767xx.o
LTDC_ER_IRQHandler                                Build/startup_stm32f767xx.o
LTDC_IRQHandler                                   Build/startup_stm32f767xx.o
MDIOS_IRQHandler                                  Build/startup_stm32f767xx.o
MemManage_Handler                                 Build/startup_stm32f767xx.o
NMI_Handler                                       Build/startup_stm32f767xx.o
OTG_FS_IRQHandler                                 Build/startup_stm32f767xx.o
OTG_FS_WKUP_IRQHandler                            Build/startup_stm32f767xx.o
OTG_HS_EP1_IN_IRQHandler                          Build/startup_stm32f767xx.o
OTG_HS_EP1_OUT_IRQHandler                         Build/startup_stm32f767xx.o
OTG_HS_IRQHandler                                 Build/startup_stm32f767xx.o
OTG_HS_WKUP_IRQHandler                            Build/startup_stm32f767xx.o
PVD_IRQHandler                                    Build/startup_stm32f767xx.o
PendSV_Handler                                    Build/startup_stm32f767xx.o
QUADSPI_IRQHandler                                Build/startup_stm32f767xx.o
RCC_IRQHandler                                    Build/startup_stm32f767xx.o
RNG_IRQHandler                                    Build/startup_stm32f767xx.o
RTC_Alarm_IRQHandler                              Build/startup_stm32f767xx.o
RTC_WKUP_IRQHandler                               Build/startup_stm32f767xx.o
Reset_Handler                                     Build/startup_stm32f767xx.o
SAI1_IRQHandler                                   Build/startup_stm32f767xx.o
SAI2_IRQHandler                                   Build/startup_stm32f767xx.o
SDMMC1_IRQHandler                                 Build/startup_stm32f767xx.o
SDMMC2_IRQHandler                                 Build/startup_stm32f767xx.o
SPDIF_RX_IRQHandler                               Build/startup_stm32f767xx.o
SPI1_IRQHandler                                   Build/startup_stm32f767xx.o
SPI2_IRQHandler                                   Build/startup_stm32f767xx.o
SPI3_IRQHandler                                   Build/startup_stm32f767xx.o
SPI4_IRQHandler                                   Build/startup_stm32f767xx.o
SPI5_IRQHandler                                   Build/startup_stm32f767xx.o
SPI6_IRQHandler                                   Build/startup_stm32f767xx.o
SVC_Handler                                       Build/startup_stm32f767xx.o
SysTick_Handler                                   Build/startup_stm32f767xx.o
SystemInit                                        Build/startup_stm32f767xx.o
TAMP_STAMP_IRQHandler                             Build/startup_stm32f767xx.o
TIM1_BRK_TIM9_IRQHandler                          Build/startup_stm32f767xx.o
TIM1_CC_IRQHandler                                Build/startup_stm32f767xx.o
TIM1_TRG_COM_TIM11_IRQHandler                     Build/startup_stm32f767xx.o
TIM1_UP_TIM10_IRQHandler                          Build/startup_stm32f767xx.o
TIM2_IRQHandler                                   Build/startup_stm32f767xx.o
TIM3_IRQHandler                                   Build/startup_stm32f767xx.o
TIM4_IRQHandler                                   Build/startup_stm32f767xx.o
TIM5_IRQHandler                                   Build/startup_stm32f767xx.o
TIM6_DAC_IRQHandler                               Build/startup_stm32f767xx.o
TIM7_IRQHandler                                   Build/startup_stm32f767xx.o
TIM8_BRK_TIM12_IRQHandler                         Build/startup_stm32f767xx.o
TIM8_CC_IRQHandler                                Build/startup_stm32f767xx.o
TIM8_TRG_COM_TIM14_IRQHandler                     Build/startup_stm32f767xx.o
TIM8_UP_TIM13_IRQHandler                          Build/startup_stm32f767xx.o
UART4_IRQHandler                                  Build/startup_stm32f767xx.o
UART5_IRQHandler                                  Build/startup_stm32f767xx.o
UART7_IRQHandler                                  Build/startup_stm32f767xx.o
UART8_IRQHandler                                  Build/startup_stm32f767xx.o
USART1_IRQHandler                                 Build/startup_stm32f767xx.o
USART2_IRQHandler                                 Build/startup_stm32f767xx.o
USART3_IRQHandler                                 Build/startup_stm32f767xx.o
USART6_IRQHandler                                 Build/startup_stm32f767xx.o
UsageFault_Handler                                Build/startup_stm32f767xx.o
WWDG_IRQHandler                                   Build/startup_stm32f767xx.o
__bss_end__                                       e:/gcc-arm-none-eabi-10.3-2021.10/bin/../lib/gcc/arm-none-eabi/10.3.1/../../../../arm-none-eabi/lib/thumb/v7e-m+dp/hard/crt0.o
__bss_start__                                     e:/gcc-arm-none-eabi-10.3-2021.10/bin/../lib/gcc/arm-none-eabi/10.3.1/../../../../arm-none-eabi/lib/thumb/v7e-m+dp/hard/crt0.o
__call_exitprocs                                  e:/gcc-arm-none-eabi-10.3-2021.10/bin/../lib/gcc/arm-none-eabi/10.3.1/../../../../arm-none-eabi/lib/thumb/v7e-m+dp/hard\libc_nano.a(lib_a-exit.o)
__deregister_frame_info                           e:/gcc-arm-none-eabi-10.3-2021.10/bin/../lib/gcc/arm-none-eabi/10.3.1/thumb/v7e-m+dp/hard/crtbegin.o
__dso_handle                                      e:/gcc-arm-none-eabi-10.3-2021.10/bin/../lib/gcc/arm-none-eabi/10.3.1/thumb/v7e-m+dp/hard/crtbegin.o
__errno                                           e:/gcc-arm-none-eabi-10.3-2021.10/bin/../lib/gcc/arm-none-eabi/10.3.1/../../../../arm-none-eabi/lib/thumb/v7e-m+dp/hard\libc_nano.a(lib_a-errno.o)
                                                  e:/gcc-arm-none-eabi-10.3-2021.10/bin/../lib/gcc/arm-none-eabi/10.3.1/../../../../arm-none-eabi/lib/thumb/v7e-m+dp/hard\libc_nano.a(lib_a-strtol.o)
__fp_lock_all                                     e:/gcc-arm-none-eabi-10.3-2021.10/bin/../lib/gcc/arm-none-eabi/10.3.1/../../../../arm-none-eabi/lib/thumb/v7e-m+dp/hard\libc_nano.a(lib_a-findfp.o)
__fp_unlock_all                                   e:/gcc-arm-none-eabi-10.3-2021.10/bin/../lib/gcc/arm-none-eabi/10.3.1/../../../../arm-none-eabi/lib/thumb/v7e-m+dp/hard\libc_nano.a(lib_a-findfp.o)
__init_array_end                                  e:/gcc-arm-none-eabi-10.3-2021.10/bin/../lib/gcc/arm-none-eabi/10.3.1/../../../../arm-none-eabi/lib/thumb/v7e-m+dp/hard\libc_nano.a(lib_a-init.o)
__init_array_start                                e:/gcc-arm-none-eabi-10.3-2021.10/bin/../lib/gcc/arm-none-eabi/10.3.1/../../../../arm-none-eabi/lib/thumb/v7e-m+dp/hard\libc_nano.a(lib_a-init.o)
__io_getchar                                      Build/stm32f767zi_usart.o
                                                  Build/syscalls.o
__io_putchar                                      Build/stm32f767zi_usart.o
                                                  Build/syscalls.o
__libc_fini_array                                 e:/gcc-arm-none-eabi-10.3-2021.10/bin/../lib/gcc/arm-none-eabi/10.3.1/../../../../arm-none-eabi/lib/thumb/v7e-m+dp/hard/crt0.o
__libc_init_array                                 e:/gcc-arm-none-eabi-10.3-2021.10/bin/../lib/gcc/arm-none-eabi/10.3.1/../../../../arm-none-eabi/lib/thumb/v7e-m+dp/hard\libc_nano.a(lib_a-init.o)
                                                  Build/startup_stm32f767xx.o
                                                  e:/gcc-arm-none-eabi-10.3-2021.10/bin/../lib/gcc/arm-none-eabi/10.3.1/../../../../arm-none-eabi/lib/thumb/v7e-m+dp/hard/crt0.o
__lock___arc4random_mutex                         e:/gcc-arm-none-eabi-10.3-2021.10/bin/../lib/gcc/arm-none-eabi/10.3.1/../../../../arm-none-eabi/lib/thumb/v7e-m+dp/hard\libc_nano.a(lib_a-lock.o)
__lock___at_quick_exit_mutex                      e:/gcc-arm-none-eabi-10.3-2021.10/bin/../lib/gcc/arm-none-eabi/10.3.1/../../../../arm-none-eabi/lib/thumb/v7e-m+dp/hard\libc_nano.a(lib_a-lock.o)
__lock___atexit_recursive_mutex                   e:/gcc-arm-none-eabi-10.3-2021.10/bin/../lib/gcc/arm-none-eabi/10.3.1/../../../../arm-none-eabi/lib/thumb/v7e-m+dp/hard\libc_nano.a(lib_a-lock.o)
__lock___dd_hash_mutex                            e:/gcc-arm-none-eabi-10.3-2021.10/bin/../lib/gcc/arm-none-eabi/10.3.1/../../../../arm-none-eabi/lib/thumb/v7e-m+dp/hard\libc_nano.a(lib_a-lock.o)
__lock___env_recursive_mutex                      e:/gcc-arm-none-eabi-10.3-2021.10/bin/../lib/gcc/arm-none-eabi/10.3.1/../../../../arm-none-eabi/lib/thumb/v7e-m+dp/hard\libc_nano.a(lib_a-lock.o)
__lock___malloc_recursive_mutex                   e:/gcc-arm-none-eabi-10.3-2021.10/bin/../lib/gcc/arm-none-eabi/10.3.1/../../../../arm-none-eabi/lib/thumb/v7e-m+dp/hard\libc_nano.a(lib_a-lock.o)
                                                  e:/gcc-arm-none-eabi-10.3-2021.10/bin/../lib/gcc/arm-none-eabi/10.3.1/../../../../arm-none-eabi/lib/thumb/v7e-m+dp/hard\libc_nano.a(lib_a-mlock.o)
__lock___sfp_recursive_mutex                      e:/gcc-arm-none-eabi-10.3-2021.10/bin/../lib/gcc/arm-none-eabi/10.3.1/../../../../arm-none-eabi/lib/thumb/v7e-m+dp/hard\libc_nano.a(lib_a-lock.o)
                                                  e:/gcc-arm-none-eabi-10.3-2021.10/bin/../lib/gcc/arm-none-eabi/10.3.1/../../../../arm-none-eabi/lib/thumb/v7e-m+dp/hard\libc_nano.a(lib_a-findfp.o)
__lock___sinit_recursive_mutex                    e:/gcc-arm-none-eabi-10.3-2021.10/bin/../lib/gcc/arm-none-eabi/10.3.1/../../../../arm-none-eabi/lib/thumb/v7e-m+dp/hard\libc_nano.a(lib_a-lock.o)
                                                  e:/gcc-arm-none-eabi-10.3-2021.10/bin/../lib/gcc/arm-none-eabi/10.3.1/../../../../arm-none-eabi/lib/thumb/v7e-m+dp/hard\libc_nano.a(lib_a-findfp.o)
__lock___tz_mutex                                 e:/gcc-arm-none-eabi-10.3-2021.10/bin/../lib/gcc/arm-none-eabi/10.3.1/../../../../arm-none-eabi/lib/thumb/v7e-m+dp/hard\libc_nano.a(lib_a-lock.o)
__malloc_free_list                                e:/gcc-arm-none-eabi-10.3-2021.10/bin/../lib/gcc/arm-none-eabi/10.3.1/../../../../arm-none-eabi/lib/thumb/v7e-m+dp/hard\libc_nano.a(lib_a-nano-mallocr.o)
                                                  e:/gcc-arm-none-eabi-10.3-2021.10/bin/../lib/gcc/arm-none-eabi/10.3.1/../../../../arm-none-eabi/lib/thumb/v7e-m+dp/hard\libc_nano.a(lib_a-nano-freer.o)
__malloc_lock                                     e:/gcc-arm-none-eabi-10.3-2021.10/bin/../lib/gcc/arm-none-eabi/10.3.1/../../../../arm-none-eabi/lib/thumb/v7e-m+dp/hard\libc_nano.a(lib_a-mlock.o)
                                                  e:/gcc-arm-none-eabi-10.3-2021.10/bin/../lib/gcc/arm-none-eabi/10.3.1/../../../../arm-none-eabi/lib/thumb/v7e-m+dp/hard\libc_nano.a(lib_a-nano-mallocr.o)
                                                  e:/gcc-arm-none-eabi-10.3-2021.10/bin/../lib/gcc/arm-none-eabi/10.3.1/../../../../arm-none-eabi/lib/thumb/v7e-m+dp/hard\libc_nano.a(lib_a-nano-freer.o)
__malloc_sbrk_start                               e:/gcc-arm-none-eabi-10.3-2021.10/bin/../lib/gcc/arm-none-eabi/10.3.1/../../../../arm-none-eabi/lib/thumb/v7e-m+dp/hard\libc_nano.a(lib_a-nano-mallocr.o)
__malloc_unlock                                   e:/gcc-arm-none-eabi-10.3-2021.10/bin/../lib/gcc/arm-none-eabi/10.3.1/../../../../arm-none-eabi/lib/thumb/v7e-m+dp/hard\libc_nano.a(lib_a-mlock.o)
                                                  e:/gcc-arm-none-eabi-10.3-2021.10/bin/../lib/gcc/arm-none-eabi/10.3.1/../../../../arm-none-eabi/lib/thumb/v7e-m+dp/hard\libc_nano.a(lib_a-nano-mallocr.o)
                                                  e:/gcc-arm-none-eabi-10.3-2021.10/bin/../lib/gcc/arm-none-eabi/10.3.1/../../../../arm-none-eabi/lib/thumb/v7e-m+dp/hard\libc_nano.a(lib_a-nano-freer.o)
__preinit_array_end                               e:/gcc-arm-none-eabi-10.3-2021.10/bin/../lib/gcc/arm-none-eabi/10.3.1/../../../../arm-none-eabi/lib/thumb/v7e-m+dp/hard\libc_nano.a(lib_a-init.o)
__preinit_array_start                             e:/gcc-arm-none-eabi-10.3-2021.10/bin/../lib/gcc/arm-none-eabi/10.3.1/../../../../arm-none-eabi/lib/thumb/v7e-m+dp/hard\libc_nano.a(lib_a-init.o)
__register_frame_info                             e:/gcc-arm-none-eabi-10.3-2021.10/bin/../lib/gcc/arm-none-eabi/10.3.1/thumb/v7e-m+dp/hard/crtbegin.o
__retarget_lock_acquire                           e:/gcc-arm-none-eabi-10.3-2021.10/bin/../lib/gcc/arm-none-eabi/10.3.1/../../../../arm-none-eabi/lib/thumb/v7e-m+dp/hard\libc_nano.a(lib_a-lock.o)
__retarget_lock_acquire_recursive                 e:/gcc-arm-none-eabi-10.3-2021.10/bin/../lib/gcc/arm-none-eabi/10.3.1/../../../../arm-none-eabi/lib/thumb/v7e-m+dp/hard\libc_nano.a(lib_a-lock.o)
                                                  e:/gcc-arm-none-eabi-10.3-2021.10/bin/../lib/gcc/arm-none-eabi/10.3.1/../../../../arm-none-eabi/lib/thumb/v7e-m+dp/hard\libc_nano.a(lib_a-ungetc.o)
                                                  e:/gcc-arm-none-eabi-10.3-2021.10/bin/../lib/gcc/arm-none-eabi/10.3.1/../../../../arm-none-eabi/lib/thumb/v7e-m+dp/hard\libc_nano.a(lib_a-nano-vfscanf.o)
                                                  e:/gcc-arm-none-eabi-10.3-2021.10/bin/../lib/gcc/arm-none-eabi/10.3.1/../../../../arm-none-eabi/lib/thumb/v7e-m+dp/hard\libc_nano.a(lib_a-nano-vfprintf.o)
                                                  e:/gcc-arm-none-eabi-10.3-2021.10/bin/../lib/gcc/arm-none-eabi/10.3.1/../../../../arm-none-eabi/lib/thumb/v7e-m+dp/hard\libc_nano.a(lib_a-mlock.o)
                                                  e:/gcc-arm-none-eabi-10.3-2021.10/bin/../lib/gcc/arm-none-eabi/10.3.1/../../../../arm-none-eabi/lib/thumb/v7e-m+dp/hard\libc_nano.a(lib_a-findfp.o)
                                                  e:/gcc-arm-none-eabi-10.3-2021.10/bin/../lib/gcc/arm-none-eabi/10.3.1/../../../../arm-none-eabi/lib/thumb/v7e-m+dp/hard\libc_nano.a(lib_a-fflush.o)
__retarget_lock_close                             e:/gcc-arm-none-eabi-10.3-2021.10/bin/../lib/gcc/arm-none-eabi/10.3.1/../../../../arm-none-eabi/lib/thumb/v7e-m+dp/hard\libc_nano.a(lib_a-lock.o)
__retarget_lock_close_recursive                   e:/gcc-arm-none-eabi-10.3-2021.10/bin/../lib/gcc/arm-none-eabi/10.3.1/../../../../arm-none-eabi/lib/thumb/v7e-m+dp/hard\libc_nano.a(lib_a-lock.o)
__retarget_lock_init                              e:/gcc-arm-none-eabi-10.3-2021.10/bin/../lib/gcc/arm-none-eabi/10.3.1/../../../../arm-none-eabi/lib/thumb/v7e-m+dp/hard\libc_nano.a(lib_a-lock.o)
__retarget_lock_init_recursive                    e:/gcc-arm-none-eabi-10.3-2021.10/bin/../lib/gcc/arm-none-eabi/10.3.1/../../../../arm-none-eabi/lib/thumb/v7e-m+dp/hard\libc_nano.a(lib_a-lock.o)
                                                  e:/gcc-arm-none-eabi-10.3-2021.10/bin/../lib/gcc/arm-none-eabi/10.3.1/../../../../arm-none-eabi/lib/thumb/v7e-m+dp/hard\libc_nano.a(lib_a-findfp.o)
__retarget_lock_release                           e:/gcc-arm-none-eabi-10.3-2021.10/bin/../lib/gcc/arm-none-eabi/10.3.1/../../../../arm-none-eabi/lib/thumb/v7e-m+dp/hard\libc_nano.a(lib_a-lock.o)
__retarget_lock_release_recursive                 e:/gcc-arm-none-eabi-10.3-2021.10/bin/../lib/gcc/arm-none-eabi/10.3.1/../../../../arm-none-eabi/lib/thumb/v7e-m+dp/hard\libc_nano.a(lib_a-lock.o)
                                                  e:/gcc-arm-none-eabi-10.3-2021.10/bin/../lib/gcc/arm-none-eabi/10.3.1/../../../../arm-none-eabi/lib/thumb/v7e-m+dp/hard\libc_nano.a(lib_a-ungetc.o)
                                                  e:/gcc-arm-none-eabi-10.3-2021.10/bin/../lib/gcc/arm-none-eabi/10.3.1/../../../../arm-none-eabi/lib/thumb/v7e-m+dp/hard\libc_nano.a(lib_a-nano-vfscanf.o)
                                                  e:/gcc-arm-none-eabi-10.3-2021.10/bin/../lib/gcc/arm-none-eabi/10.3.1/../../../../arm-none-eabi/lib/thumb/v7e-m+dp/hard\libc_nano.a(lib_a-nano-vfprintf.o)
                                                  e:/gcc-arm-none-eabi-10.3-2021.10/bin/../lib/gcc/arm-none-eabi/10.3.1/../../../../arm-none-eabi/lib/thumb/v7e-m+dp/hard\libc_nano.a(lib_a-mlock.o)
                                                  e:/gcc-arm-none-eabi-10.3-2021.10/bin/../lib/gcc/arm-none-eabi/10.3.1/../../../../arm-none-eabi/lib/thumb/v7e-m+dp/hard\libc_nano.a(lib_a-findfp.o)
                                                  e:/gcc-arm-none-eabi-10.3-2021.10/bin/../lib/gcc/arm-none-eabi/10.3.1/../../../../arm-none-eabi/lib/thumb/v7e-m+dp/hard\libc_nano.a(lib_a-fflush.o)
__retarget_lock_try_acquire                       e:/gcc-arm-none-eabi-10.3-2021.10/bin/../lib/gcc/arm-none-eabi/10.3.1/../../../../arm-none-eabi/lib/thumb/v7e-m+dp/hard\libc_nano.a(lib_a-lock.o)
__retarget_lock_try_acquire_recursive             e:/gcc-arm-none-eabi-10.3-2021.10/bin/../lib/gcc/arm-none-eabi/10.3.1/../../../../arm-none-eabi/lib/thumb/v7e-m+dp/hard\libc_nano.a(lib_a-lock.o)
__sccl                                            e:/gcc-arm-none-eabi-10.3-2021.10/bin/../lib/gcc/arm-none-eabi/10.3.1/../../../../arm-none-eabi/lib/thumb/v7e-m+dp/hard\libc_nano.a(lib_a-sccl.o)
                                                  e:/gcc-arm-none-eabi-10.3-2021.10/bin/../lib/gcc/arm-none-eabi/10.3.1/../../../../arm-none-eabi/lib/thumb/v7e-m+dp/hard\libc_nano.a(lib_a-nano-vfscanf_i.o)
                                                  e:/gcc-arm-none-eabi-10.3-2021.10/bin/../lib/gcc/arm-none-eabi/10.3.1/../../../../arm-none-eabi/lib/thumb/v7e-m+dp/hard\libc_nano.a(lib_a-nano-vfscanf.o)
__sclose                                          e:/gcc-arm-none-eabi-10.3-2021.10/bin/../lib/gcc/arm-none-eabi/10.3.1/../../../../arm-none-eabi/lib/thumb/v7e-m+dp/hard\libc_nano.a(lib_a-stdio.o)
                                                  e:/gcc-arm-none-eabi-10.3-2021.10/bin/../lib/gcc/arm-none-eabi/10.3.1/../../../../arm-none-eabi/lib/thumb/v7e-m+dp/hard\libc_nano.a(lib_a-findfp.o)
__seofread                                        e:/gcc-arm-none-eabi-10.3-2021.10/bin/../lib/gcc/arm-none-eabi/10.3.1/../../../../arm-none-eabi/lib/thumb/v7e-m+dp/hard\libc_nano.a(lib_a-stdio.o)
__sf_fake_stderr                                  e:/gcc-arm-none-eabi-10.3-2021.10/bin/../lib/gcc/arm-none-eabi/10.3.1/../../../../arm-none-eabi/lib/thumb/v7e-m+dp/hard\libc_nano.a(lib_a-findfp.o)
                                                  e:/gcc-arm-none-eabi-10.3-2021.10/bin/../lib/gcc/arm-none-eabi/10.3.1/../../../../arm-none-eabi/lib/thumb/v7e-m+dp/hard\libc_nano.a(lib_a-wsetup.o)
                                                  e:/gcc-arm-none-eabi-10.3-2021.10/bin/../lib/gcc/arm-none-eabi/10.3.1/../../../../arm-none-eabi/lib/thumb/v7e-m+dp/hard\libc_nano.a(lib_a-wbuf.o)
                                                  e:/gcc-arm-none-eabi-10.3-2021.10/bin/../lib/gcc/arm-none-eabi/10.3.1/../../../../arm-none-eabi/lib/thumb/v7e-m+dp/hard\libc_nano.a(lib_a-ungetc.o)
                                                  e:/gcc-arm-none-eabi-10.3-2021.10/bin/../lib/gcc/arm-none-eabi/10.3.1/../../../../arm-none-eabi/lib/thumb/v7e-m+dp/hard\libc_nano.a(lib_a-refill.o)
                                                  e:/gcc-arm-none-eabi-10.3-2021.10/bin/../lib/gcc/arm-none-eabi/10.3.1/../../../../arm-none-eabi/lib/thumb/v7e-m+dp/hard\libc_nano.a(lib_a-nano-vfscanf.o)
                                                  e:/gcc-arm-none-eabi-10.3-2021.10/bin/../lib/gcc/arm-none-eabi/10.3.1/../../../../arm-none-eabi/lib/thumb/v7e-m+dp/hard\libc_nano.a(lib_a-nano-vfprintf.o)
                                                  e:/gcc-arm-none-eabi-10.3-2021.10/bin/../lib/gcc/arm-none-eabi/10.3.1/../../../../arm-none-eabi/lib/thumb/v7e-m+dp/hard\libc_nano.a(lib_a-impure.o)
                                                  e:/gcc-arm-none-eabi-10.3-2021.10/bin/../lib/gcc/arm-none-eabi/10.3.1/../../../../arm-none-eabi/lib/thumb/v7e-m+dp/hard\libc_nano.a(lib_a-fflush.o)
__sf_fake_stdin                                   e:/gcc-arm-none-eabi-10.3-2021.10/bin/../lib/gcc/arm-none-eabi/10.3.1/../../../../arm-none-eabi/lib/thumb/v7e-m+dp/hard\libc_nano.a(lib_a-findfp.o)
                                                  e:/gcc-arm-none-eabi-10.3-2021.10/bin/../lib/gcc/arm-none-eabi/10.3.1/../../../../arm-none-eabi/lib/thumb/v7e-m+dp/hard\libc_nano.a(lib_a-wsetup.o)
                                                  e:/gcc-arm-none-eabi-10.3-2021.10/bin/../lib/gcc/arm-none-eabi/10.3.1/../../../../arm-none-eabi/lib/thumb/v7e-m+dp/hard\libc_nano.a(lib_a-wbuf.o)
                                                  e:/gcc-arm-none-eabi-10.3-2021.10/bin/../lib/gcc/arm-none-eabi/10.3.1/../../../../arm-none-eabi/lib/thumb/v7e-m+dp/hard\libc_nano.a(lib_a-ungetc.o)
                                                  e:/gcc-arm-none-eabi-10.3-2021.10/bin/../lib/gcc/arm-none-eabi/10.3.1/../../../../arm-none-eabi/lib/thumb/v7e-m+dp/hard\libc_nano.a(lib_a-refill.o)
                                                  e:/gcc-arm-none-eabi-10.3-2021.10/bin/../lib/gcc/arm-none-eabi/10.3.1/../../../../arm-none-eabi/lib/thumb/v7e-m+dp/hard\libc_nano.a(lib_a-nano-vfscanf.o)
                                                  e:/gcc-arm-none-eabi-10.3-2021.10/bin/../lib/gcc/arm-none-eabi/10.3.1/../../../../arm-none-eabi/lib/thumb/v7e-m+dp/hard\libc_nano.a(lib_a-nano-vfprintf.o)
                                                  e:/gcc-arm-none-eabi-10.3-2021.10/bin/../lib/gcc/arm-none-eabi/10.3.1/../../../../arm-none-eabi/lib/thumb/v7e-m+dp/hard\libc_nano.a(lib_a-impure.o)
                                                  e:/gcc-arm-none-eabi-10.3-2021.10/bin/../lib/gcc/arm-none-eabi/10.3.1/../../../../arm-none-eabi/lib/thumb/v7e-m+dp/hard\libc_nano.a(lib_a-fflush.o)
__sf_fake_stdout                                  e:/gcc-arm-none-eabi-10.3-2021.10/bin/../lib/gcc/arm-none-eabi/10.3.1/../../../../arm-none-eabi/lib/thumb/v7e-m+dp/hard\libc_nano.a(lib_a-findfp.o)
                                                  e:/gcc-arm-none-eabi-10.3-2021.10/bin/../lib/gcc/arm-none-eabi/10.3.1/../../../../arm-none-eabi/lib/thumb/v7e-m+dp/hard\libc_nano.a(lib_a-wsetup.o)
                                                  e:/gcc-arm-none-eabi-10.3-2021.10/bin/../lib/gcc/arm-none-eabi/10.3.1/../../../../arm-none-eabi/lib/thumb/v7e-m+dp/hard\libc_nano.a(lib_a-wbuf.o)
                                                  e:/gcc-arm-none-eabi-10.3-2021.10/bin/../lib/gcc/arm-none-eabi/10.3.1/../../../../arm-none-eabi/lib/thumb/v7e-m+dp/hard\libc_nano.a(lib_a-ungetc.o)
                                                  e:/gcc-arm-none-eabi-10.3-2021.10/bin/../lib/gcc/arm-none-eabi/10.3.1/../../../../arm-none-eabi/lib/thumb/v7e-m+dp/hard\libc_nano.a(lib_a-refill.o)
                                                  e:/gcc-arm-none-eabi-10.3-2021.10/bin/../lib/gcc/arm-none-eabi/10.3.1/../../../../arm-none-eabi/lib/thumb/v7e-m+dp/hard\libc_nano.a(lib_a-nano-vfscanf.o)
                                                  e:/gcc-arm-none-eabi-10.3-2021.10/bin/../lib/gcc/arm-none-eabi/10.3.1/../../../../arm-none-eabi/lib/thumb/v7e-m+dp/hard\libc_nano.a(lib_a-nano-vfprintf.o)
                                                  e:/gcc-arm-none-eabi-10.3-2021.10/bin/../lib/gcc/arm-none-eabi/10.3.1/../../../../arm-none-eabi/lib/thumb/v7e-m+dp/hard\libc_nano.a(lib_a-impure.o)
                                                  e:/gcc-arm-none-eabi-10.3-2021.10/bin/../lib/gcc/arm-none-eabi/10.3.1/../../../../arm-none-eabi/lib/thumb/v7e-m+dp/hard\libc_nano.a(lib_a-fflush.o)
__sflush_r                                        e:/gcc-arm-none-eabi-10.3-2021.10/bin/../lib/gcc/arm-none-eabi/10.3.1/../../../../arm-none-eabi/lib/thumb/v7e-m+dp/hard\libc_nano.a(lib_a-fflush.o)
                                                  e:/gcc-arm-none-eabi-10.3-2021.10/bin/../lib/gcc/arm-none-eabi/10.3.1/../../../../arm-none-eabi/lib/thumb/v7e-m+dp/hard\libc_nano.a(lib_a-refill.o)
__sfmoreglue                                      e:/gcc-arm-none-eabi-10.3-2021.10/bin/../lib/gcc/arm-none-eabi/10.3.1/../../../../arm-none-eabi/lib/thumb/v7e-m+dp/hard\libc_nano.a(lib_a-findfp.o)
__sfp                                             e:/gcc-arm-none-eabi-10.3-2021.10/bin/../lib/gcc/arm-none-eabi/10.3.1/../../../../arm-none-eabi/lib/thumb/v7e-m+dp/hard\libc_nano.a(lib_a-findfp.o)
__sfp_lock_acquire                                e:/gcc-arm-none-eabi-10.3-2021.10/bin/../lib/gcc/arm-none-eabi/10.3.1/../../../../arm-none-eabi/lib/thumb/v7e-m+dp/hard\libc_nano.a(lib_a-findfp.o)
__sfp_lock_release                                e:/gcc-arm-none-eabi-10.3-2021.10/bin/../lib/gcc/arm-none-eabi/10.3.1/../../../../arm-none-eabi/lib/thumb/v7e-m+dp/hard\libc_nano.a(lib_a-findfp.o)
__sfputs_r                                        e:/gcc-arm-none-eabi-10.3-2021.10/bin/../lib/gcc/arm-none-eabi/10.3.1/../../../../arm-none-eabi/lib/thumb/v7e-m+dp/hard\libc_nano.a(lib_a-nano-vfprintf.o)
__sfvwrite_r                                      e:/gcc-arm-none-eabi-10.3-2021.10/bin/../lib/gcc/arm-none-eabi/10.3.1/../../../../arm-none-eabi/lib/thumb/v7e-m+dp/hard\libc_nano.a(lib_a-fvwrite.o)
                                                  e:/gcc-arm-none-eabi-10.3-2021.10/bin/../lib/gcc/arm-none-eabi/10.3.1/../../../../arm-none-eabi/lib/thumb/v7e-m+dp/hard\libc_nano.a(lib_a-nano-vfprintf.o)
__sinit                                           e:/gcc-arm-none-eabi-10.3-2021.10/bin/../lib/gcc/arm-none-eabi/10.3.1/../../../../arm-none-eabi/lib/thumb/v7e-m+dp/hard\libc_nano.a(lib_a-findfp.o)
                                                  e:/gcc-arm-none-eabi-10.3-2021.10/bin/../lib/gcc/arm-none-eabi/10.3.1/../../../../arm-none-eabi/lib/thumb/v7e-m+dp/hard\libc_nano.a(lib_a-wsetup.o)
                                                  e:/gcc-arm-none-eabi-10.3-2021.10/bin/../lib/gcc/arm-none-eabi/10.3.1/../../../../arm-none-eabi/lib/thumb/v7e-m+dp/hard\libc_nano.a(lib_a-wbuf.o)
                                                  e:/gcc-arm-none-eabi-10.3-2021.10/bin/../lib/gcc/arm-none-eabi/10.3.1/../../../../arm-none-eabi/lib/thumb/v7e-m+dp/hard\libc_nano.a(lib_a-ungetc.o)
                                                  e:/gcc-arm-none-eabi-10.3-2021.10/bin/../lib/gcc/arm-none-eabi/10.3.1/../../../../arm-none-eabi/lib/thumb/v7e-m+dp/hard\libc_nano.a(lib_a-refill.o)
                                                  e:/gcc-arm-none-eabi-10.3-2021.10/bin/../lib/gcc/arm-none-eabi/10.3.1/../../../../arm-none-eabi/lib/thumb/v7e-m+dp/hard\libc_nano.a(lib_a-nano-vfscanf.o)
                                                  e:/gcc-arm-none-eabi-10.3-2021.10/bin/../lib/gcc/arm-none-eabi/10.3.1/../../../../arm-none-eabi/lib/thumb/v7e-m+dp/hard\libc_nano.a(lib_a-nano-vfprintf.o)
                                                  e:/gcc-arm-none-eabi-10.3-2021.10/bin/../lib/gcc/arm-none-eabi/10.3.1/../../../../arm-none-eabi/lib/thumb/v7e-m+dp/hard\libc_nano.a(lib_a-scanf.o)
                                                  e:/gcc-arm-none-eabi-10.3-2021.10/bin/../lib/gcc/arm-none-eabi/10.3.1/../../../../arm-none-eabi/lib/thumb/v7e-m+dp/hard\libc_nano.a(lib_a-printf.o)
                                                  e:/gcc-arm-none-eabi-10.3-2021.10/bin/../lib/gcc/arm-none-eabi/10.3.1/../../../../arm-none-eabi/lib/thumb/v7e-m+dp/hard\libc_nano.a(lib_a-fflush.o)
__sinit_lock_acquire                              e:/gcc-arm-none-eabi-10.3-2021.10/bin/../lib/gcc/arm-none-eabi/10.3.1/../../../../arm-none-eabi/lib/thumb/v7e-m+dp/hard\libc_nano.a(lib_a-findfp.o)
__sinit_lock_release                              e:/gcc-arm-none-eabi-10.3-2021.10/bin/../lib/gcc/arm-none-eabi/10.3.1/../../../../arm-none-eabi/lib/thumb/v7e-m+dp/hard\libc_nano.a(lib_a-findfp.o)
__smakebuf_r                                      e:/gcc-arm-none-eabi-10.3-2021.10/bin/../lib/gcc/arm-none-eabi/10.3.1/../../../../arm-none-eabi/lib/thumb/v7e-m+dp/hard\libc_nano.a(lib_a-makebuf.o)
                                                  e:/gcc-arm-none-eabi-10.3-2021.10/bin/../lib/gcc/arm-none-eabi/10.3.1/../../../../arm-none-eabi/lib/thumb/v7e-m+dp/hard\libc_nano.a(lib_a-wsetup.o)
                                                  e:/gcc-arm-none-eabi-10.3-2021.10/bin/../lib/gcc/arm-none-eabi/10.3.1/../../../../arm-none-eabi/lib/thumb/v7e-m+dp/hard\libc_nano.a(lib_a-refill.o)
__sprint_r                                        e:/gcc-arm-none-eabi-10.3-2021.10/bin/../lib/gcc/arm-none-eabi/10.3.1/../../../../arm-none-eabi/lib/thumb/v7e-m+dp/hard\libc_nano.a(lib_a-nano-vfprintf.o)
__sread                                           e:/gcc-arm-none-eabi-10.3-2021.10/bin/../lib/gcc/arm-none-eabi/10.3.1/../../../../arm-none-eabi/lib/thumb/v7e-m+dp/hard\libc_nano.a(lib_a-stdio.o)
                                                  e:/gcc-arm-none-eabi-10.3-2021.10/bin/../lib/gcc/arm-none-eabi/10.3.1/../../../../arm-none-eabi/lib/thumb/v7e-m+dp/hard\libc_nano.a(lib_a-findfp.o)
__srefill_r                                       e:/gcc-arm-none-eabi-10.3-2021.10/bin/../lib/gcc/arm-none-eabi/10.3.1/../../../../arm-none-eabi/lib/thumb/v7e-m+dp/hard\libc_nano.a(lib_a-refill.o)
                                                  e:/gcc-arm-none-eabi-10.3-2021.10/bin/../lib/gcc/arm-none-eabi/10.3.1/../../../../arm-none-eabi/lib/thumb/v7e-m+dp/hard\libc_nano.a(lib_a-nano-vfscanf.o)
__sseek                                           e:/gcc-arm-none-eabi-10.3-2021.10/bin/../lib/gcc/arm-none-eabi/10.3.1/../../../../arm-none-eabi/lib/thumb/v7e-m+dp/hard\libc_nano.a(lib_a-stdio.o)
                                                  e:/gcc-arm-none-eabi-10.3-2021.10/bin/../lib/gcc/arm-none-eabi/10.3.1/../../../../arm-none-eabi/lib/thumb/v7e-m+dp/hard\libc_nano.a(lib_a-findfp.o)
__stack                                           e:/gcc-arm-none-eabi-10.3-2021.10/bin/../lib/gcc/arm-none-eabi/10.3.1/../../../../arm-none-eabi/lib/thumb/v7e-m+dp/hard/crt0.o
__submore                                         e:/gcc-arm-none-eabi-10.3-2021.10/bin/../lib/gcc/arm-none-eabi/10.3.1/../../../../arm-none-eabi/lib/thumb/v7e-m+dp/hard\libc_nano.a(lib_a-ungetc.o)
__svfiscanf_r                                     e:/gcc-arm-none-eabi-10.3-2021.10/bin/../lib/gcc/arm-none-eabi/10.3.1/../../../../arm-none-eabi/lib/thumb/v7e-m+dp/hard\libc_nano.a(lib_a-nano-vfscanf.o)
__svfscanf                                        e:/gcc-arm-none-eabi-10.3-2021.10/bin/../lib/gcc/arm-none-eabi/10.3.1/../../../../arm-none-eabi/lib/thumb/v7e-m+dp/hard\libc_nano.a(lib_a-nano-vfscanf.o)
__svfscanf_r                                      e:/gcc-arm-none-eabi-10.3-2021.10/bin/../lib/gcc/arm-none-eabi/10.3.1/../../../../arm-none-eabi/lib/thumb/v7e-m+dp/hard\libc_nano.a(lib_a-nano-vfscanf.o)
__swbuf                                           e:/gcc-arm-none-eabi-10.3-2021.10/bin/../lib/gcc/arm-none-eabi/10.3.1/../../../../arm-none-eabi/lib/thumb/v7e-m+dp/hard\libc_nano.a(lib_a-wbuf.o)
__swbuf_r                                         e:/gcc-arm-none-eabi-10.3-2021.10/bin/../lib/gcc/arm-none-eabi/10.3.1/../../../../arm-none-eabi/lib/thumb/v7e-m+dp/hard\libc_nano.a(lib_a-wbuf.o)
                                                  e:/gcc-arm-none-eabi-10.3-2021.10/bin/../lib/gcc/arm-none-eabi/10.3.1/../../../../arm-none-eabi/lib/thumb/v7e-m+dp/hard\libc_nano.a(lib_a-nano-vfprintf.o)
__swhatbuf_r                                      e:/gcc-arm-none-eabi-10.3-2021.10/bin/../lib/gcc/arm-none-eabi/10.3.1/../../../../arm-none-eabi/lib/thumb/v7e-m+dp/hard\libc_nano.a(lib_a-makebuf.o)