Archive member included to satisfy reference by file (symbol)

e:/gcc-arm-none-eabi-10.3-2021.10/bin/../lib/gcc/arm-none-eabi/10.3.1/../../../../arm-none-eabi/lib/thumb/v7e-m+dp/hard\libc_nano.a(lib_a-exit.o)
                              e:/gcc-arm-none-eabi-10.3-2021.10/bin/../lib/gcc/arm-none-eabi/10.3.1/../../../../arm-none-eabi/lib/thumb/v7e-m+dp/hard/crt0.o (exit)
e:/gcc-arm-none-eabi-10.3-2021.10/bin/../lib/gcc/arm-none-eabi/10.3.1/../../../../arm-none-eabi/lib/thumb/v7e-m+dp/hard\libc_nano.a(lib_a-impure.o)
                              e:/gcc-arm-none-eabi-10.3-2021.10/bin/../lib/gcc/arm-none-eabi/10.3.1/../../../../arm-none-eabi/lib/thumb/v7e-m+dp/hard\libc_nano.a(lib_a-exit.o) (_global_impure_ptr)
e:/gcc-arm-none-eabi-10.3-2021.10/bin/../lib/gcc/arm-none-eabi/10.3.1/../../../../arm-none-eabi/lib/thumb/v7e-m+dp/hard\libc_nano.a(lib_a-init.o)
                              e:/gcc-arm-none-eabi-10.3-2021.10/bin/../lib/gcc/arm-none-eabi/10.3.1/../../../../arm-none-eabi/lib/thumb/v7e-m+dp/hard/crt0.o (__libc_init_array)
e:/gcc-arm-none-eabi-10.3-2021.10/bin/../lib/gcc/arm-none-eabi/10.3.1/../../../../arm-none-eabi/lib/thumb/v7e-m+dp/hard\libc_nano.a(lib_a-memset.o)
                              e:/gcc-arm-none-eabi-10.3-2021.10/bin/../lib/gcc/arm-none-eabi/10.3.1/../../../../arm-none-eabi/lib/thumb/v7e-m+dp/hard/crt0.o (memset)
e:/gcc-arm-none-eabi-10.3-2021.10/bin/../lib/gcc/arm-none-eabi/10.3.1/../../../../arm-none-eabi/lib/thumb/v7e-m+dp/hard\libc_nano.a(lib_a-nano-vfprintf_float.o)
                              (_printf_float)
e:/gcc-arm-none-eabi-10.3-2021.10/bin/../lib/gcc/arm-none-eabi/10.3.1/../../../../arm-none-eabi/lib/thumb/v7e-m+dp/hard\libc_nano.a(lib_a-nano-vfprintf_i.o)
                              e:/gcc-arm-none-eabi-10.3-2021.10/bin/../lib/gcc/arm-none-eabi/10.3.1/../../../../arm-none-eabi/lib/thumb/v7e-m+dp/hard\libc_nano.a(lib_a-nano-vfprintf_float.o) (_printf_common)
e:/gcc-arm-none-eabi-10.3-2021.10/bin/../lib/gcc/arm-none-eabi/10.3.1/../../../../arm-none-eabi/lib/thumb/v7e-m+dp/hard\libc_nano.a(lib_a-nano-vfscanf_float.o)
                              (_scanf_float)
e:/gcc-arm-none-eabi-10.3-2021.10/bin/../lib/gcc/arm-none-eabi/10.3.1/../../../../arm-none-eabi/lib/thumb/v7e-m+dp/hard\libc_nano.a(lib_a-printf.o)
                              build/main.o (printf)
e:/gcc-arm-none-eabi-10.3-2021.10/bin/../lib/gcc/arm-none-eabi/10.3.1/../../../../arm-none-eabi/lib/thumb/v7e-m+dp/hard\libc_nano.a(lib_a-puts.o)
                              build/main.o (puts)
e:/gcc-arm-none-eabi-10.3-2021.10/bin/../lib/gcc/arm-none-eabi/10.3.1/../../../../arm-none-eabi/lib/thumb/v7e-m+dp/hard\libc_nano.a(lib_a-reent.o)
                              build/syscalls.o (errno)
e:/gcc-arm-none-eabi-10.3-2021.10/bin/../lib/gcc/arm-none-eabi/10.3.1/../../../../arm-none-eabi/lib/thumb/v7e-m+dp/hard\libc_nano.a(lib_a-sf_nan.o)
                              e:/gcc-arm-none-eabi-10.3-2021.10/bin/../lib/gcc/arm-none-eabi/10.3.1/../../../../arm-none-eabi/lib/thumb/v7e-m+dp/hard\libc_nano.a(lib_a-nano-vfscanf_float.o) (nanf)
e:/gcc-arm-none-eabi-10.3-2021.10/bin/../lib/gcc/arm-none-eabi/10.3.1/../../../../arm-none-eabi/lib/thumb/v7e-m+dp/hard\libc_nano.a(lib_a-sprintf.o)
                              e:/gcc-arm-none-eabi-10.3-2021.10/bin/../lib/gcc/arm-none-eabi/10.3.1/../../../../arm-none-eabi/lib/thumb/v7e-m+dp/hard\libc_nano.a(lib_a-nano-vfscanf_float.o) (sprintf)
e:/gcc-arm-none-eabi-10.3-2021.10/bin/../lib/gcc/arm-none-eabi/10.3.1/../../../../arm-none-eabi/lib/thumb/v7e-m+dp/hard\libc_nano.a(lib_a-strlen.o)
                              e:/gcc-arm-none-eabi-10.3-2021.10/bin/../lib/gcc/arm-none-eabi/10.3.1/../../../../arm-none-eabi/lib/thumb/v7e-m+dp/hard\libc_nano.a(lib_a-nano-vfprintf_float.o) (strlen)
e:/gcc-arm-none-eabi-10.3-2021.10/bin/../lib/gcc/arm-none-eabi/10.3.1/../../../../arm-none-eabi/lib/thumb/v7e-m+dp/hard\libc_nano.a(lib_a-strtod.o)
                              e:/gcc-arm-none-eabi-10.3-2021.10/bin/../lib/gcc/arm-none-eabi/10.3.1/../../../../arm-none-eabi/lib/thumb/v7e-m+dp/hard\libc_nano.a(lib_a-nano-vfscanf_float.o) (_strtod_r)
e:/gcc-arm-none-eabi-10.3-2021.10/bin/../lib/gcc/arm-none-eabi/10.3.1/../../../../arm-none-eabi/lib/thumb/v7e-m+dp/hard\libc_nano.a(lib_a-strtol.o)
                              e:/gcc-arm-none-eabi-10.3-2021.10/bin/../lib/gcc/arm-none-eabi/10.3.1/../../../../arm-none-eabi/lib/thumb/v7e-m+dp/hard\libc_nano.a(lib_a-nano-vfscanf_float.o) (_strtol_r)
e:/gcc-arm-none-eabi-10.3-2021.10/bin/../lib/gcc/arm-none-eabi/10.3.1/../../../../arm-none-eabi/lib/thumb/v7e-m+dp/hard\libc_nano.a(lib_a-wbuf.o)
                              e:/gcc-arm-none-eabi-10.3-2021.10/bin/../lib/gcc/arm-none-eabi/10.3.1/../../../../arm-none-eabi/lib/thumb/v7e-m+dp/hard\libc_nano.a(lib_a-puts.o) (__swbuf_r)
e:/gcc-arm-none-eabi-10.3-2021.10/bin/../lib/gcc/arm-none-eabi/10.3.1/../../../../arm-none-eabi/lib/thumb/v7e-m+dp/hard\libc_nano.a(lib_a-wsetup.o)
[...]
Memory Configuration

Name             Origin             Length             Attributes
RAM              0x20000000         0x00080000         xrw
FLASH            0x08000000         0x00200000         xr
*default*        0x00000000         0xffffffff

Linker script and memory map

LOAD e:/gcc-arm-none-eabi-10.3-2021.10/bin/../lib/gcc/arm-none-eabi/10.3.1/thumb/v7e-m+dp/hard/crti.o
LOAD e:/gcc-arm-none-eabi-10.3-2021.10/bin/../lib/gcc/arm-none-eabi/10.3.1/thumb/v7e-m+dp/hard/crtbegin.o
LOAD e:/gcc-arm-none-eabi-10.3-2021.10/bin/../lib/gcc/arm-none-eabi/10.3.1/../../../../arm-none-eabi/lib/thumb/v7e-m+dp/hard/crt0.o
LOAD build/stm32f767zi_usart.o
LOAD build/stm32f767zi_timer.o
LOAD build/stm32f767zi_i2c.o
LOAD build/main.o
LOAD build/stm32f767zi_systick.o
LOAD build/stm322f767zi_user.o
LOAD build/syscalls.o
LOAD build/stm32f767zi_gpio.o
LOAD build/stm32f767zi_adc.o
LOAD build/mpu6050.o
LOAD build/startup_stm32f767xx.o
LOAD e:/gcc-arm-none-eabi-10.3-2021.10/bin/../lib/gcc/arm-none-eabi/10.3.1/../../../../arm-none-eabi/lib/thumb/v7e-m+dp/hard\libc_nano.a
LOAD e:/gcc-arm-none-eabi-10.3-2021.10/bin/../lib/gcc/arm-none-eabi/10.3.1/../../../../arm-none-eabi/lib/thumb/v7e-m+dp/hard\libm.a
LOAD e:/gcc-arm-none-eabi-10.3-2021.10/bin/../lib/gcc/arm-none-eabi/10.3.1/../../../../arm-none-eabi/lib/thumb/v7e-m+dp/hard\libnosys.a
START GROUP
LOAD e:/gcc-arm-none-eabi-10.3-2021.10/bin/../lib/gcc/arm-none-eabi/10.3.1/thumb/v7e-m+dp/hard\libgcc.a
LOAD e:/gcc-arm-none-eabi-10.3-2021.10/bin/../lib/gcc/arm-none-eabi/10.3.1/../../../../arm-none-eabi/lib/thumb/v7e-m+dp/hard\libc_nano.a
END GROUP
START GROUP
LOAD e:/gcc-arm-none-eabi-10.3-2021.10/bin/../lib/gcc/arm-none-eabi/10.3.1/thumb/v7e-m+dp/hard\libgcc.a
LOAD e:/gcc-arm-none-eabi-10.3-2021.10/bin/../lib/gcc/arm-none-eabi/10.3.1/../../../../arm-none-eabi/lib/thumb/v7e-m+dp/hard\libc_nano.a
END GROUP
LOAD e:/gcc-arm-none-eabi-10.3-2021.10/bin/../lib/gcc/arm-none-eabi/10.3.1/thumb/v7e-m+dp/hard/crtend.o
LOAD e:/gcc-arm-none-eabi-10.3-2021.10/bin/../lib/gcc/arm-none-eabi/10.3.1/thumb/v7e-m+dp/hard/crtn.o
                0x20080000                _estack = (ORIGIN (RAM) + LENGTH (RAM))
                0x00000200                _Min_Heap_Size = 0x200
                0x00000400                _Min_Stack_Size = 0x400

.isr_vector     0x08000000      0x1f8
                0x08000000                . = ALIGN (0x4)
 *(.isr_vector)
 .isr_vector    0x08000000      0x1f8 build/startup_stm32f767xx.o
                0x08000000                g_pfnVectors
                0x080001f8                . = ALIGN (0x4)

.text           0x08000200     0x6804
                0x08000200                . = ALIGN (0x4)
 *(.text)
 .text          0x08000200       0x40 e:/gcc-arm-none-eabi-10.3-2021.10/bin/../lib/gcc/arm-none-eabi/10.3.1/thumb/v7e-m+dp/hard/crtbegin.o
 .text          0x08000240       0x10 e:/gcc-arm-none-eabi-10.3-2021.10/bin/../lib/gcc/arm-none-eabi/10.3.1/../../../../arm-none-eabi/lib/thumb/v7e-m+dp/hard\libc_nano.a(lib_a-strlen.o)
                0x08000240                strlen
 .text          0x08000250       0xa0 e:/gcc-arm-none-eabi-10.3-2021.10/bin/../lib/gcc/arm-none-eabi/10.3.1/../../../../arm-none-eabi/lib/thumb/v7e-m+dp/hard\libc_nano.a(lib_a-memchr.o)
                0x08000250                memchr
 .text          0x080002f0      0x378 e:/gcc-arm-none-eabi-10.3-2021.10/bin/../lib/gcc/arm-none-eabi/10.3.1/thumb/v7e-m+dp/hard\libgcc.a(_arm_addsubdf3.o)
                0x080002f0                __aeabi_drsub
                0x080002f8                __aeabi_dsub
                0x080002f8                __subdf3
                0x080002fc                __aeabi_dadd
                0x080002fc                __adddf3
                0x08000574                __floatunsidf
                0x08000574                __aeabi_ui2d
                0x08000594                __floatsidf
                0x08000594                __aeabi_i2d
                0x080005b8                __aeabi_f2d
                0x080005b8                __extendsfdf2
                0x080005fc                __floatundidf
                0x080005fc                __aeabi_ul2d
                0x0800060c                __floatdidf
                0x0800060c                __aeabi_l2d
 .text          0x08000668       0x30 e:/gcc-arm-none-eabi-10.3-2021.10/bin/../lib/gcc/arm-none-eabi/10.3.1/thumb/v7e-m+dp/hard\libgcc.a(_fixdfdi.o)
                0x08000668                __fixdfdi
                0x08000668                __aeabi_d2lz
 .text          0x08000698       0x40 e:/gcc-arm-none-eabi-10.3-2021.10/bin/../lib/gcc/arm-none-eabi/10.3.1/thumb/v7e-m+dp/hard\libgcc.a(_fixunsdfdi.o)
                0x08000698                __fixunsdfdi
                0x08000698                __aeabi_d2ulz
 *(.text*)
 .text.usart3_default_init
                0x080006d8       0x74 build/stm32f767zi_usart.o
                0x080006d8                usart3_default_init
 .text.usart_write
                0x0800074c       0x2c build/stm32f767zi_usart.o
                0x0800074c                usart_write
 .text.usart_read
                0x08000778       0x28 build/stm32f767zi_usart.o
                0x08000778                usart_read
 .text.__io_putchar
                0x080007a0       0x24 build/stm32f767zi_usart.o
                0x080007a0                __io_putchar
 .text.__io_getchar
                0x080007c4       0x14 build/stm32f767zi_usart.o
                0x080007c4                __io_getchar
 .text.tim1_interrupt_init
                0x080007d8       0x74 build/stm32f767zi_timer.o
                0x080007d8                tim1_interrupt_init
 .text.i2c1_master_default_init
                0x0800084c       0xbc build/stm32f767zi_i2c.o
                0x0800084c                i2c1_master_default_init
 .text.i2c_write_reg
                0x08000908       0xb8 build/stm32f767zi_i2c.o
                0x08000908                i2c_write_reg
 .text.i2c_read_reg
                0x080009c0       0xf4 build/stm32f767zi_i2c.o
                0x080009c0                i2c_read_reg
 .text.main     0x08000ab4      0x15c build/main.o
                0x08000ab4                main
 .text.TIM1_UP_TIM10_IRQHandler
                0x08000c10       0x34 build/main.o
                0x08000c10                TIM1_UP_TIM10_IRQHandler
 .text.systick_delay_ms
                0x08000c44       0x54 build/stm32f767zi_systick.o
                0x08000c44                systick_delay_ms
 .text._sbrk    0x08000c98       0x5c build/syscalls.o
                0x08000c98                _sbrk
 .text._getpid  0x08000cf4       0x10 build/syscalls.o
                0x08000cf4                _getpid
 .text._kill    0x08000d04       0x24 build/syscalls.o
                0x08000d04                _kill
 .text._exit    0x08000d28       0x14 build/syscalls.o
                0x08000d28                _exit
 .text._write   0x08000d3c       0x38 build/syscalls.o
                0x08000d3c                _write
 .text._close   0x08000d74       0x18 build/syscalls.o
                0x08000d74                _close
 .text._fstat   0x08000d8c       0x20 build/syscalls.o
                0x08000d8c                _fstat
 .text._isatty  0x08000dac       0x16 build/syscalls.o
                0x08000dac                _isatty
 .text._lseek   0x08000dc2       0x1a build/syscalls.o
                0x08000dc2                _lseek
 .text._read    0x08000ddc       0x5c build/syscalls.o
                0x08000ddc                _read
 .text.mpu6050_power_on
                0x08000e38       0x3c build/mpu6050.o
                0x08000e38                mpu6050_power_on
 *fill*         0x08000e74        0x4 
 .text.mpu6050_selftest
                0x08000e78      0x274 build/mpu6050.o
                0x08000e78                mpu6050_selftest
 .text.mpu6050_default_init
                0x080010ec       0x78 build/mpu6050.o
                0x080010ec                mpu6050_default_init
 .text.mpu6050_init
                0x08001164      0x114 build/mpu6050.o
                0x08001164                mpu6050_init
 .text.calibration
                0x08001278      0x230 build/mpu6050.o
 .text.mpu6050_kalman
                0x080014a8      0x32c build/mpu6050.o
                0x080014a8                mpu6050_kalman
 *fill*         0x080017d4        0x4 
 .text.mpu6050_static_attitude
                0x080017d8       0xdc build/mpu6050.o
                0x080017d8                mpu6050_static_attitude
 *fill*         0x080018b4        0x4 
 .text.mpu6050_get_all
                0x080018b8      0x168 build/mpu6050.o
                0x080018b8                mpu6050_get_all
 .text.Reset_Handler
                0x08001a20       0x50 build/startup_stm32f767xx.o
                0x08001a20                Reset_Handler
 .text.Default_Handler
                0x08001a70        0x2 build/startup_stm32f767xx.o
                0x08001a70                RTC_Alarm_IRQHandler
                0x08001a70                EXTI2_IRQHandler
                0x08001a70                TIM8_CC_IRQHandler
                0x08001a70                DebugMon_Handler
                0x08001a70                UART8_IRQHandler
                0x08001a70                SPI4_IRQHandler
                0x08001a70                TIM1_CC_IRQHandler
                0x08001a70                DMA2_Stream5_IRQHandler
                0x08001a70                HardFault_Handler
                0x08001a70                JPEG_IRQHandler
                0x08001a70                DMA1_Stream5_IRQHandler
                0x08001a70                SysTick_Handler
                0x08001a70                CAN3_RX1_IRQHandler
                0x08001a70                PVD_IRQHandler
                0x08001a70                TAMP_STAMP_IRQHandler
                0x08001a70                PendSV_Handler
                0x08001a70                NMI_Handler
                0x08001a70                CAN2_RX1_IRQHandler
                0x08001a70                EXTI3_IRQHandler
                0x08001a70                TIM8_TRG_COM_TIM14_IRQHandler
                0x08001a70                DFSDM1_FLT1_IRQHandler
                0x08001a70                TIM8_UP_TIM13_IRQHandler
                0x08001a70                I2C3_ER_IRQHandler
                0x08001a70                DFSDM1_FLT2_IRQHandler
                0x08001a70                EXTI0_IRQHandler
                0x08001a70                I2C2_EV_IRQHandler
                0x08001a70                DMA1_Stream2_IRQHandler
                0x08001a70                CAN1_RX0_IRQHandler
                0x08001a70                FPU_IRQHandler
                0x08001a70                OTG_HS_WKUP_IRQHandler
                0x08001a70                CAN3_SCE_IRQHandler
                0x08001a70                UsageFault_Handler
                0x08001a70                LTDC_ER_IRQHandler
                0x08001a70                CAN2_SCE_IRQHandler
                0x08001a70                DMA2_Stream2_IRQHandler
                0x08001a70                SPI1_IRQHandler
                0x08001a70                TIM6_DAC_IRQHandler
                0x08001a70                TIM1_BRK_TIM9_IRQHandler
                0x08001a70                DCMI_IRQHandler
                0x08001a70                CAN2_RX0_IRQHandler
                0x08001a70                DMA2_Stream3_IRQHandler
                0x08001a70                SAI2_IRQHandler
                0x08001a70                DFSDM1_FLT3_IRQHandler
                0x08001a70                USART6_IRQHandler
                0x08001a70                CAN3_RX0_IRQHandler
                0x08001a70                USART3_IRQHandler
                0x08001a70                CAN1_RX1_IRQHandler
                0x08001a70                UART5_IRQHandler
                0x08001a70                DMA2_Stream0_IRQHandler
                0x08001a70                TIM4_IRQHandler
                0x08001a70                QUADSPI_IRQHandler
                0x08001a70                I2C1_EV_IRQHandler
                0x08001a70                DMA1_Stream6_IRQHandler
                0x08001a70                DMA1_Stream1_IRQHandler
                0x08001a70                UART4_IRQHandler
                0x08001a70                TIM3_IRQHandler
                0x08001a70                RCC_IRQHandler
                0x08001a70                TIM8_BRK_TIM12_IRQHandler
                0x08001a70                Default_Handler
                0x08001a70                CEC_IRQHandler
                0x08001a70                EXTI15_10_IRQHandler
                0x08001a70                ADC_IRQHandler
                0x08001a70                DMA1_Stream7_IRQHandler
                0x08001a70                SPI5_IRQHandler
                0x08001a70                TIM7_IRQHandler
                0x08001a70                SDMMC1_IRQHandler
                0x08001a70                CAN2_TX_IRQHandler
                0x08001a70                TIM5_IRQHandler
                0x08001a70                DMA2_Stream7_IRQHandler
                0x08001a70                I2C3_EV_IRQHandler
                0x08001a70                EXTI9_5_IRQHandler
                0x08001a70                RTC_WKUP_IRQHandler
                0x08001a70                LTDC_IRQHandler
                0x08001a70                ETH_WKUP_IRQHandler
                0x08001a70                SPDIF_RX_IRQHandler
                0x08001a70                SPI2_IRQHandler
                0x08001a70                OTG_HS_EP1_IN_IRQHandler
                0x08001a70                MemManage_Handler
                0x08001a70                DMA1_Stream0_IRQHandler
                0x08001a70                CAN1_TX_IRQHandler
                0x08001a70                SVC_Handler
                0x08001a70                EXTI4_IRQHandler
                0x08001a70                RNG_IRQHandler
                0x08001a70                ETH_IRQHandler
                0x08001a70                OTG_HS_EP1_OUT_IRQHandler
                0x08001a70                WWDG_IRQHandler
                0x08001a70                SPI6_IRQHandler
                0x08001a70                MDIOS_IRQHandler
                0x08001a70                I2C4_EV_IRQHandler
                0x08001a70                CAN3_TX_IRQHandler
                0x08001a70                TIM2_IRQHandler
                0x08001a70                OTG_FS_WKUP_IRQHandler
                0x08001a70                TIM1_TRG_COM_TIM11_IRQHandler
                0x08001a70                OTG_HS_IRQHandler
                0x08001a70                DMA2D_IRQHandler
                0x08001a70                EXTI1_IRQHandler
                0x08001a70                SDMMC2_IRQHandler
                0x08001a70                UART7_IRQHandler
                0x08001a70                USART2_IRQHandler
                0x08001a70                DFSDM1_FLT0_IRQHandler
                0x08001a70                I2C2_ER_IRQHandler
                0x08001a70                DMA2_Stream1_IRQHandler
                0x08001a70                CAN1_SCE_IRQHandler
                0x08001a70                FLASH_IRQHandler
                0x08001a70                DMA2_Stream4_IRQHandler
                0x08001a70                BusFault_Handler
                0x08001a70                USART1_IRQHandler
                0x08001a70                OTG_FS_IRQHandler
                0x08001a70                SPI3_IRQHandler
                0x08001a70                DMA1_Stream4_IRQHandler
                0x08001a70                I2C1_ER_IRQHandler
                0x08001a70                FMC_IRQHandler
                0x08001a70                LPTIM1_IRQHandler
                0x08001a70                I2C4_ER_IRQHandler
                0x08001a70                DMA2_Stream6_IRQHandler
                0x08001a70                SAI1_IRQHandler
                0x08001a70                DMA1_Stream3_IRQHandler
 *fill*         0x08001a72        0x2 
 .text.__libc_init_array
                0x08001a74       0x48 e:/gcc-arm-none-eabi-10.3-2021.10/bin/../lib/gcc/arm-none-eabi/10.3.1/../../../../arm-none-eabi/lib/thumb/v7e-m+dp/hard\libc_nano.a(lib_a-init.o)
                0x08001a74                __libc_init_array
 .text.memset   0x08001abc       0x10 e:/gcc-arm-none-eabi-10.3-2021.10/bin/../lib/gcc/arm-none-eabi/10.3.1/../../../../arm-none-eabi/lib/thumb/v7e-m+dp/hard\libc_nano.a(lib_a-memset.o)
                0x08001abc                memset
 .text.__cvt    0x08001acc       0xa4 e:/gcc-arm-none-eabi-10.3-2021.10/bin/../lib/gcc/arm-none-eabi/10.3.1/../../../../arm-none-eabi/lib/thumb/v7e-m+dp/hard\libc_nano.a(lib_a-nano-vfprintf_float.o)
                0x08001acc                __cvt
 .text.__exponent
                0x08001b70       0x7c e:/gcc-arm-none-eabi-10.3-2021.10/bin/../lib/gcc/arm-none-eabi/10.3.1/../../../../arm-none-eabi/lib/thumb/v7e-m+dp/hard\libc_nano.a(lib_a-nano-vfprintf_float.o)
                0x08001b70                __exponent
 *fill*         0x08001bec        0x4 
 .text._printf_float
                0x08001bf0      0x43c e:/gcc-arm-none-eabi-10.3-2021.10/bin/../lib/gcc/arm-none-eabi/10.3.1/../../../../arm-none-eabi/lib/thumb/v7e-m+dp/hard\libc_nano.a(lib_a-nano-vfprintf_float.o)
                0x08001bf0                _printf_float
 .text._printf_common
                0x0800202c       0xda e:/gcc-arm-none-eabi-10.3-2021.10/bin/../lib/gcc/arm-none-eabi/10.3.1/../../../../arm-none-eabi/lib/thumb/v7e-m+dp/hard\libc_nano.a(lib_a-nano-vfprintf_i.o)
                0x0800202c                _printf_common
 *fill*         0x08002106        0x2 
 .text._printf_i
                0x08002108      0x24c e:/gcc-arm-none-eabi-10.3-2021.10/bin/../lib/gcc/arm-none-eabi/10.3.1/../../../../arm-none-eabi/lib/thumb/v7e-m+dp/hard\libc_nano.a(lib_a-nano-vfprintf_i.o)
                0x08002108                _printf_i
 .text._scanf_float
                0x08002354      0x40c e:/gcc-arm-none-eabi-10.3-2021.10/bin/../lib/gcc/arm-none-eabi/10.3.1/../../../../arm-none-eabi/lib/thumb/v7e-m+dp/hard\libc_nano.a(lib_a-nano-vfscanf_float.o)
                0x08002354                _scanf_float
 .text.printf   0x08002760       0x30 e:/gcc-arm-none-eabi-10.3-2021.10/bin/../lib/gcc/arm-none-eabi/10.3.1/../../../../arm-none-eabi/lib/thumb/v7e-m+dp/hard\libc_nano.a(lib_a-printf.o)
                0x08002760                iprintf
                0x08002760                printf
 .text._puts_r  0x08002790       0xdc e:/gcc-arm-none-eabi-10.3-2021.10/bin/../lib/gcc/arm-none-eabi/10.3.1/../../../../arm-none-eabi/lib/thumb/v7e-m+dp/hard\libc_nano.a(lib_a-puts.o)
                0x08002790                _puts_r
 .text.puts     0x0800286c       0x10 e:/gcc-arm-none-eabi-10.3-2021.10/bin/../lib/gcc/arm-none-eabi/10.3.1/../../../../arm-none-eabi/lib/thumb/v7e-m+dp/hard\libc_nano.a(lib_a-puts.o)
                0x0800286c                puts
 .text.nanf     0x0800287c        0xc e:/gcc-arm-none-eabi-10.3-2021.10/bin/../lib/gcc/arm-none-eabi/10.3.1/../../../../arm-none-eabi/lib/thumb/v7e-m+dp/hard\libc_nano.a(lib_a-sf_nan.o)
                0x0800287c                nanf
 .text.sprintf  0x08002888       0x40 e:/gcc-arm-none-eabi-10.3-2021.10/bin/../lib/gcc/arm-none-eabi/10.3.1/../../../../arm-none-eabi/lib/thumb/v7e-m+dp/hard\libc_nano.a(lib_a-sprintf.o)
                0x08002888                siprintf
                0x08002888                sprintf
 .text.sulp     0x080028c8       0x34 e:/gcc-arm-none-eabi-10.3-2021.10/bin/../lib/gcc/arm-none-eabi/10.3.1/../../../../arm-none-eabi/lib/thumb/v7e-m+dp/hard\libc_nano.a(lib_a-strtod.o)
 *fill*         0x080028fc        0x4 
 .text._strtod_l
                0x08002900      0xb6c e:/gcc-arm-none-eabi-10.3-2021.10/bin/../lib/gcc/arm-none-eabi/10.3.1/../../../../arm-none-eabi/lib/thumb/v7e-m+dp/hard\libc_nano.a(lib_a-strtod.o)
                0x08002900                _strtod_l
 .text._strtod_r
                0x0800346c        0xc e:/gcc-arm-none-eabi-10.3-2021.10/bin/../lib/gcc/arm-none-eabi/10.3.1/../../../../arm-none-eabi/lib/thumb/v7e-m+dp/hard\libc_nano.a(lib_a-strtod.o)
                0x0800346c                _strtod_r
 .text._strtol_l.constprop.0
                0x08003478      0x104 e:/gcc-arm-none-eabi-10.3-2021.10/bin/../lib/gcc/arm-none-eabi/10.3.1/../../../../arm-none-eabi/lib/thumb/v7e-m+dp/hard\libc_nano.a(lib_a-strtol.o)
 .text._strtol_r
                0x0800357c        0x4 e:/gcc-arm-none-eabi-10.3-2021.10/bin/../lib/gcc/arm-none-eabi/10.3.1/../../../../arm-none-eabi/lib/thumb/v7e-m+dp/hard\libc_nano.a(lib_a-strtol.o)
                0x0800357c                _strtol_r
 .text.__swbuf_r
                0x08003580       0xa4 e:/gcc-arm-none-eabi-10.3-2021.10/bin/../lib/gcc/arm-none-eabi/10.3.1/../../../../arm-none-eabi/lib/thumb/v7e-m+dp/hard\libc_nano.a(lib_a-wbuf.o)
                0x08003580                __swbuf_r
 .text.__swsetup_r
                0x08003624       0xdc e:/gcc-arm-none-eabi-10.3-2021.10/bin/../lib/gcc/arm-none-eabi/10.3.1/../../../../arm-none-eabi/lib/thumb/v7e-m+dp/hard\libc_nano.a(lib_a-wsetup.o)
                0x08003624                __swsetup_r
 .text.quorem   0x08003700      0x116 e:/gcc-arm-none-eabi-10.3-2021.10/bin/../lib/gcc/arm-none-eabi/10.3.1/../../../../arm-none-eabi/lib/thumb/v7e-m+dp/hard\libc_nano.a(lib_a-dtoa.o)
 *fill*         0x08003816        0x2 
 .text._dtoa_r  0x08003818      0xadc e:/gcc-arm-none-eabi-10.3-2021.10/bin/../lib/gcc/arm-none-eabi/10.3.1/../../../../arm-none-eabi/lib/thumb/v7e-m+dp/hard\libc_nano.a(lib_a-dtoa.o)
                0x08003818                _dtoa_r
 .text.__errno  0x080042f4        0xc e:/gcc-arm-none-eabi-10.3-2021.10/bin/../lib/gcc/arm-none-eabi/10.3.1/../../../../arm-none-eabi/lib/thumb/v7e-m+dp/hard\libc_nano.a(lib_a-errno.o)
                0x080042f4                __errno
 .text.__sflush_r
                0x08004300      0x10c e:/gcc-arm-none-eabi-10.3-2021.10/bin/../lib/gcc/arm-none-eabi/10.3.1/../../../../arm-none-eabi/lib/thumb/v7e-m+dp/hard\libc_nano.a(lib_a-fflush.o)
                0x08004300                __sflush_r
 .text._fflush_r
                0x0800440c       0x78 e:/gcc-arm-none-eabi-10.3-2021.10/bin/../lib/gcc/arm-none-eabi/10.3.1/../../../../arm-none-eabi/lib/thumb/v7e-m+dp/hard\libc_nano.a(lib_a-fflush.o)
                0x0800440c                _fflush_r
 .text.std      0x08004484       0x48 e:/gcc-arm-none-eabi-10.3-2021.10/bin/../lib/gcc/arm-none-eabi/10.3.1/../../../../arm-none-eabi/lib/thumb/v7e-m+dp/hard\libc_nano.a(lib_a-findfp.o)
 .text._cleanup_r
                0x080044cc        0xc e:/gcc-arm-none-eabi-10.3-2021.10/bin/../lib/gcc/arm-none-eabi/10.3.1/../../../../arm-none-eabi/lib/thumb/v7e-m+dp/hard\libc_nano.a(lib_a-findfp.o)
                0x080044cc                _cleanup_r
 .text.__sfmoreglue
                0x080044d8       0x2c e:/gcc-arm-none-eabi-10.3-2021.10/bin/../lib/gcc/arm-none-eabi/10.3.1/../../../../arm-none-eabi/lib/thumb/v7e-m+dp/hard\libc_nano.a(lib_a-findfp.o)
                0x080044d8                __sfmoreglue
 .text.__sfp_lock_acquire
                0x08004504        0xc e:/gcc-arm-none-eabi-10.3-2021.10/bin/../lib/gcc/arm-none-eabi/10.3.1/../../../../arm-none-eabi/lib/thumb/v7e-m+dp/hard\libc_nano.a(lib_a-findfp.o)
                0x08004504                __sfp_lock_acquire
 .text.__sfp_lock_release
                0x08004510        0xc e:/gcc-arm-none-eabi-10.3-2021.10/bin/../lib/gcc/arm-none-eabi/10.3.1/../../../../arm-none-eabi/lib/thumb/v7e-m+dp/hard\libc_nano.a(lib_a-findfp.o)
                0x08004510                __sfp_lock_release
 .text.__sinit_lock_acquire
                0x0800451c        0xc e:/gcc-arm-none-eabi-10.3-2021.10/bin/../lib/gcc/arm-none-eabi/10.3.1/../../../../arm-none-eabi/lib/thumb/v7e-m+dp/hard\libc_nano.a(lib_a-findfp.o)
                0x0800451c                __sinit_lock_acquire
 .text.__sinit_lock_release
                0x08004528        0xc e:/gcc-arm-none-eabi-10.3-2021.10/bin/../lib/gcc/arm-none-eabi/10.3.1/../../../../arm-none-eabi/lib/thumb/v7e-m+dp/hard\libc_nano.a(lib_a-findfp.o)
                0x08004528                __sinit_lock_release
 .text.__sinit  0x08004534       0x70 e:/gcc-arm-none-eabi-10.3-2021.10/bin/../lib/gcc/arm-none-eabi/10.3.1/../../../../arm-none-eabi/lib/thumb/v7e-m+dp/hard\libc_nano.a(lib_a-findfp.o)
                0x08004534                __sinit
 .text.__sfp    0x080045a4       0x8c e:/gcc-arm-none-eabi-10.3-2021.10/bin/../lib/gcc/arm-none-eabi/10.3.1/../../../../arm-none-eabi/lib/thumb/v7e-m+dp/hard\libc_nano.a(lib_a-findfp.o)
                0x080045a4                __sfp
 .text._fwalk_reent
                0x08004630       0x3e e:/gcc-arm-none-eabi-10.3-2021.10/bin/../lib/gcc/arm-none-eabi/10.3.1/../../../../arm-none-eabi/lib/thumb/v7e-m+dp/hard\libc_nano.a(lib_a-fwalk.o)
                0x08004630                _fwalk_reent
 .text.rshift   0x0800466e       0xa4 e:/gcc-arm-none-eabi-10.3-2021.10/bin/../lib/gcc/arm-none-eabi/10.3.1/../../../../arm-none-eabi/lib/thumb/v7e-m+dp/hard\libc_nano.a(lib_a-gdtoa-gethex.o)
 .text.__hexdig_fun
                0x08004712       0x2a e:/gcc-arm-none-eabi-10.3-2021.10/bin/../lib/gcc/arm-none-eabi/10.3.1/../../../../arm-none-eabi/lib/thumb/v7e-m+dp/hard\libc_nano.a(lib_a-gdtoa-gethex.o)
                0x08004712                __hexdig_fun
 .text.__gethex
                0x0800473c      0x48c e:/gcc-arm-none-eabi-10.3-2021.10/bin/../lib/gcc/arm-none-eabi/10.3.1/../../../../arm-none-eabi/lib/thumb/v7e-m+dp/hard\libc_nano.a(lib_a-gdtoa-gethex.o)
                0x0800473c                __gethex
 .text.L_shift  0x08004bc8       0x24 e:/gcc-arm-none-eabi-10.3-2021.10/bin/../lib/gcc/arm-none-eabi/10.3.1/../../../../arm-none-eabi/lib/thumb/v7e-m+dp/hard\libc_nano.a(lib_a-gdtoa-hexnan.o)
 .text.__match  0x08004bec       0x28 e:/gcc-arm-none-eabi-10.3-2021.10/bin/../lib/gcc/arm-none-eabi/10.3.1/../../../../arm-none-eabi/lib/thumb/v7e-m+dp/hard\libc_nano.a(lib_a-gdtoa-hexnan.o)
                0x08004bec                __match
 .text.__hexnan
                0x08004c14      0x138 e:/gcc-arm-none-eabi-10.3-2021.10/bin/../lib/gcc/arm-none-eabi/10.3.1/../../../../arm-none-eabi/lib/thumb/v7e-m+dp/hard\libc_nano.a(lib_a-gdtoa-hexnan.o)
                0x08004c14                __hexnan
 .text._localeconv_r
                0x08004d4c        0x8 e:/gcc-arm-none-eabi-10.3-2021.10/bin/../lib/gcc/arm-none-eabi/10.3.1/../../../../arm-none-eabi/lib/thumb/v7e-m+dp/hard\libc_nano.a(lib_a-localeconv.o)
                0x08004d4c                _localeconv_r
 .text.__retarget_lock_init_recursive
                0x08004d54        0x2 e:/gcc-arm-none-eabi-10.3-2021.10/bin/../lib/gcc/arm-none-eabi/10.3.1/../../../../arm-none-eabi/lib/thumb/v7e-m+dp/hard\libc_nano.a(lib_a-lock.o)
                0x08004d54                __retarget_lock_init_recursive
 .text.__retarget_lock_acquire_recursive
                0x08004d56        0x2 e:/gcc-arm-none-eabi-10.3-2021.10/bin/../lib/gcc/arm-none-eabi/10.3.1/../../../../arm-none-eabi/lib/thumb/v7e-m+dp/hard\libc_nano.a(lib_a-lock.o)
                0x08004d56                __retarget_lock_acquire_recursive
 .text.__retarget_lock_release_recursive
                0x08004d58        0x2 e:/gcc-arm-none-eabi-10.3-2021.10/bin/../lib/gcc/arm-none-eabi/10.3.1/../../../../arm-none-eabi/lib/thumb/v7e-m+dp/hard\libc_nano.a(lib_a-lock.o)
                0x08004d58                __retarget_lock_release_recursive
 .text.__swhatbuf_r
                0x08004d5a       0x4a e:/gcc-arm-none-eabi-10.3-2021.10/bin/../lib/gcc/arm-none-eabi/10.3.1/../../../../arm-none-eabi/lib/thumb/v7e-m+dp/hard\libc_nano.a(lib_a-makebuf.o)
                0x08004d5a                __swhatbuf_r
 .text.__smakebuf_r
                0x08004da4       0x80 e:/gcc-arm-none-eabi-10.3-2021.10/bin/../lib/gcc/arm-none-eabi/10.3.1/../../../../arm-none-eabi/lib/thumb/v7e-m+dp/hard\libc_nano.a(lib_a-makebuf.o)
                0x08004da4                __smakebuf_r
 .text.malloc   0x08004e24       0x10 e:/gcc-arm-none-eabi-10.3-2021.10/bin/../lib/gcc/arm-none-eabi/10.3.1/../../../../arm-none-eabi/lib/thumb/v7e-m+dp/hard\libc_nano.a(lib_a-malloc.o)
                0x08004e24                malloc
 .text.__ascii_mbtowc
                0x08004e34       0x24 e:/gcc-arm-none-eabi-10.3-2021.10/bin/../lib/gcc/arm-none-eabi/10.3.1/../../../../arm-none-eabi/lib/thumb/v7e-m+dp/hard\libc_nano.a(lib_a-mbtowc_r.o)
                0x08004e34                __ascii_mbtowc
 .text.memcpy   0x08004e58       0x1c e:/gcc-arm-none-eabi-10.3-2021.10/bin/../lib/gcc/arm-none-eabi/10.3.1/../../../../arm-none-eabi/lib/thumb/v7e-m+dp/hard\libc_nano.a(lib_a-memcpy-stub.o)
                0x08004e58                memcpy
 .text._Balloc  0x08004e74       0x80 e:/gcc-arm-none-eabi-10.3-2021.10/bin/../lib/gcc/arm-none-eabi/10.3.1/../../../../arm-none-eabi/lib/thumb/v7e-m+dp/hard\libc_nano.a(lib_a-mprec.o)
                0x08004e74                _Balloc
 .text._Bfree   0x08004ef4       0x44 e:/gcc-arm-none-eabi-10.3-2021.10/bin/../lib/gcc/arm-none-eabi/10.3.1/../../../../arm-none-eabi/lib/thumb/v7e-m+dp/hard\libc_nano.a(lib_a-mprec.o)
                0x08004ef4                _Bfree
 .text.__multadd
                0x08004f38       0x8c e:/gcc-arm-none-eabi-10.3-2021.10/bin/../lib/gcc/arm-none-eabi/10.3.1/../../../../arm-none-eabi/lib/thumb/v7e-m+dp/hard\libc_nano.a(lib_a-mprec.o)
                0x08004f38                __multadd
 .text.__s2b    0x08004fc4       0x94 e:/gcc-arm-none-eabi-10.3-2021.10/bin/../lib/gcc/arm-none-eabi/10.3.1/../../../../arm-none-eabi/lib/thumb/v7e-m+dp/hard\libc_nano.a(lib_a-mprec.o)
                0x08004fc4                __s2b
 .text.__hi0bits
                0x08005058       0x40 e:/gcc-arm-none-eabi-10.3-2021.10/bin/../lib/gcc/arm-none-eabi/10.3.1/../../../../arm-none-eabi/lib/thumb/v7e-m+dp/hard\libc_nano.a(lib_a-mprec.o)
                0x08005058                __hi0bits
 .text.__lo0bits
                0x08005098       0x5e e:/gcc-arm-none-eabi-10.3-2021.10/bin/../lib/gcc/arm-none-eabi/10.3.1/../../../../arm-none-eabi/lib/thumb/v7e-m+dp/hard\libc_nano.a(lib_a-mprec.o)
                0x08005098                __lo0bits
 *fill*         0x080050f6        0x2 
 .text.__i2b    0x080050f8       0x2c e:/gcc-arm-none-eabi-10.3-2021.10/bin/../lib/gcc/arm-none-eabi/10.3.1/../../../../arm-none-eabi/lib/thumb/v7e-m+dp/hard\libc_nano.a(lib_a-mprec.o)
                0x080050f8                __i2b
 .text.__multiply
                0x08005124      0x154 e:/gcc-arm-none-eabi-10.3-2021.10/bin/../lib/gcc/arm-none-eabi/10.3.1/../../../../arm-none-eabi/lib/thumb/v7e-m+dp/hard\libc_nano.a(lib_a-mprec.o)
                0x08005124                __multiply
 .text.__pow5mult
                0x08005278       0xb4 e:/gcc-arm-none-eabi-10.3-2021.10/bin/../lib/gcc/arm-none-eabi/10.3.1/../../../../arm-none-eabi/lib/thumb/v7e-m+dp/hard\libc_nano.a(lib_a-mprec.o)
                0x08005278                __pow5mult
 .text.__lshift
                0x0800532c       0xe0 e:/gcc-arm-none-eabi-10.3-2021.10/bin/../lib/gcc/arm-none-eabi/10.3.1/../../../../arm-none-eabi/lib/thumb/v7e-m+dp/hard\libc_nano.a(lib_a-mprec.o)
                0x0800532c                __lshift
 .text.__mcmp   0x0800540c       0x38 e:/gcc-arm-none-eabi-10.3-2021.10/bin/../lib/gcc/arm-none-eabi/10.3.1/../../../../arm-none-eabi/lib/thumb/v7e-m+dp/hard\libc_nano.a(lib_a-mprec.o)
                0x0800540c                __mcmp
 .text.__mdiff  0x08005444      0x114 e:/gcc-arm-none-eabi-10.3-2021.10/bin/../lib/gcc/arm-none-eabi/10.3.1/../../../../arm-none-eabi/lib/thumb/v7e-m+dp/hard\libc_nano.a(lib_a-mprec.o)
                0x08005444                __mdiff
 .text.__ulp    0x08005558       0x58 e:/gcc-arm-none-eabi-10.3-2021.10/bin/../lib/gcc/arm-none-eabi/10.3.1/../../../../arm-none-eabi/lib/thumb/v7e-m+dp/hard\libc_nano.a(lib_a-mprec.o)
                0x08005558                __ulp
 .text.__b2d    0x080055b0       0xa0 e:/gcc-arm-none-eabi-10.3-2021.10/bin/../lib/gcc/arm-none-eabi/10.3.1/../../../../arm-none-eabi/lib/thumb/v7e-m+dp/hard\libc_nano.a(lib_a-mprec.o)
                0x080055b0                __b2d
 .text.__d2b    0x08005650       0xb8 e:/gcc-arm-none-eabi-10.3-2021.10/bin/../lib/gcc/arm-none-eabi/10.3.1/../../../../arm-none-eabi/lib/thumb/v7e-m+dp/hard\libc_nano.a(lib_a-mprec.o)
                0x08005650                __d2b
 .text.__ratio  0x08005708       0x60 e:/gcc-arm-none-eabi-10.3-2021.10/bin/../lib/gcc/arm-none-eabi/10.3.1/../../../../arm-none-eabi/lib/thumb/v7e-m+dp/hard\libc_nano.a(lib_a-mprec.o)
                0x08005708                __ratio
 .text.__copybits
                0x08005768       0x46 e:/gcc-arm-none-eabi-10.3-2021.10/bin/../lib/gcc/arm-none-eabi/10.3.1/../../../../arm-none-eabi/lib/thumb/v7e-m+dp/hard\libc_nano.a(lib_a-mprec.o)
                0x08005768                __copybits
 .text.__any_on
                0x080057ae       0x42 e:/gcc-arm-none-eabi-10.3-2021.10/bin/../lib/gcc/arm-none-eabi/10.3.1/../../../../arm-none-eabi/lib/thumb/v7e-m+dp/hard\libc_nano.a(lib_a-mprec.o)
                0x080057ae                __any_on
 .text._calloc_r
                0x080057f0       0x2c e:/gcc-arm-none-eabi-10.3-2021.10/bin/../lib/gcc/arm-none-eabi/10.3.1/../../../../arm-none-eabi/lib/thumb/v7e-m+dp/hard\libc_nano.a(lib_a-nano-callocr.o)
                0x080057f0                _calloc_r
 .text._free_r  0x0800581c       0x98 e:/gcc-arm-none-eabi-10.3-2021.10/bin/../lib/gcc/arm-none-eabi/10.3.1/../../../../arm-none-eabi/lib/thumb/v7e-m+dp/hard\libc_nano.a(lib_a-nano-freer.o)
                0x0800581c                _free_r
 .text.sbrk_aligned
                0x080058b4       0x40 e:/gcc-arm-none-eabi-10.3-2021.10/bin/../lib/gcc/arm-none-eabi/10.3.1/../../../../arm-none-eabi/lib/thumb/v7e-m+dp/hard\libc_nano.a(lib_a-nano-mallocr.o)
 .text._malloc_r
                0x080058f4       0xe8 e:/gcc-arm-none-eabi-10.3-2021.10/bin/../lib/gcc/arm-none-eabi/10.3.1/../../../../arm-none-eabi/lib/thumb/v7e-m+dp/hard\libc_nano.a(lib_a-nano-mallocr.o)
                0x080058f4                _malloc_r
 .text.__ssputs_r
                0x080059dc       0xb6 e:/gcc-arm-none-eabi-10.3-2021.10/bin/../lib/gcc/arm-none-eabi/10.3.1/../../../../arm-none-eabi/lib/thumb/v7e-m+dp/hard\libc_nano.a(lib_a-nano-svfprintf.o)
                0x080059dc                __ssputs_r
 *fill*         0x08005a92        0x2 
 .text._svfprintf_r
                0x08005a94      0x200 e:/gcc-arm-none-eabi-10.3-2021.10/bin/../lib/gcc/arm-none-eabi/10.3.1/../../../../arm-none-eabi/lib/thumb/v7e-m+dp/hard\libc_nano.a(lib_a-nano-svfprintf.o)
                0x08005a94                _svfiprintf_r
                0x08005a94                _svfprintf_r
 .text.__sfputc_r
                0x08005c94       0x2e e:/gcc-arm-none-eabi-10.3-2021.10/bin/../lib/gcc/arm-none-eabi/10.3.1/../../../../arm-none-eabi/lib/thumb/v7e-m+dp/hard\libc_nano.a(lib_a-nano-vfprintf.o)
 .text.__sfputs_r
                0x08005cc2       0x24 e:/gcc-arm-none-eabi-10.3-2021.10/bin/../lib/gcc/arm-none-eabi/10.3.1/../../../../arm-none-eabi/lib/thumb/v7e-m+dp/hard\libc_nano.a(lib_a-nano-vfprintf.o)
                0x08005cc2                __sfputs_r
 *fill*         0x08005ce6        0x2 
 .text._vfprintf_r
                0x08005ce8      0x260 e:/gcc-arm-none-eabi-10.3-2021.10/bin/../lib/gcc/arm-none-eabi/10.3.1/../../../../arm-none-eabi/lib/thumb/v7e-m+dp/hard\libc_nano.a(lib_a-nano-vfprintf.o)
                0x08005ce8                _vfprintf_r
                0x08005ce8                _vfiprintf_r
 .text.nan      0x08005f48       0x10 e:/gcc-arm-none-eabi-10.3-2021.10/bin/../lib/gcc/arm-none-eabi/10.3.1/../../../../arm-none-eabi/lib/thumb/v7e-m+dp/hard\libc_nano.a(lib_a-s_nan.o)
                0x08005f48                nan
 .text._sbrk_r  0x08005f58       0x20 e:/gcc-arm-none-eabi-10.3-2021.10/bin/../lib/gcc/arm-none-eabi/10.3.1/../../../../arm-none-eabi/lib/thumb/v7e-m+dp/hard\libc_nano.a(lib_a-sbrkr.o)
                0x08005f58                _sbrk_r
 .text.__sread  0x08005f78       0x22 e:/gcc-arm-none-eabi-10.3-2021.10/bin/../lib/gcc/arm-none-eabi/10.3.1/../../../../arm-none-eabi/lib/thumb/v7e-m+dp/hard\libc_nano.a(lib_a-stdio.o)
                0x08005f78                __sread
 .text.__swrite
                0x08005f9a       0x38 e:/gcc-arm-none-eabi-10.3-2021.10/bin/../lib/gcc/arm-none-eabi/10.3.1/../../../../arm-none-eabi/lib/thumb/v7e-m+dp/hard\libc_nano.a(lib_a-stdio.o)
                0x08005f9a                __swrite
 .text.__sseek  0x08005fd2       0x24 e:/gcc-arm-none-eabi-10.3-2021.10/bin/../lib/gcc/arm-none-eabi/10.3.1/../../../../arm-none-eabi/lib/thumb/v7e-m+dp/hard\libc_nano.a(lib_a-stdio.o)
                0x08005fd2                __sseek
 .text.__sclose
                0x08005ff6        0x8 e:/gcc-arm-none-eabi-10.3-2021.10/bin/../lib/gcc/arm-none-eabi/10.3.1/../../../../arm-none-eabi/lib/thumb/v7e-m+dp/hard\libc_nano.a(lib_a-stdio.o)
                0x08005ff6                __sclose
 .text.strncmp  0x08005ffe       0x28 e:/gcc-arm-none-eabi-10.3-2021.10/bin/../lib/gcc/arm-none-eabi/10.3.1/../../../../arm-none-eabi/lib/thumb/v7e-m+dp/hard\libc_nano.a(lib_a-strncmp.o)
                0x08005ffe                strncmp
 .text.__ascii_wctomb
                0x08006026       0x1a e:/gcc-arm-none-eabi-10.3-2021.10/bin/../lib/gcc/arm-none-eabi/10.3.1/../../../../arm-none-eabi/lib/thumb/v7e-m+dp/hard\libc_nano.a(lib_a-wctomb_r.o)
                0x08006026                __ascii_wctomb
 .text._write_r
                0x08006040       0x24 e:/gcc-arm-none-eabi-10.3-2021.10/bin/../lib/gcc/arm-none-eabi/10.3.1/../../../../arm-none-eabi/lib/thumb/v7e-m+dp/hard\libc_nano.a(lib_a-writer.o)
                0x08006040                _write_r
 .text.__assert_func
                0x08006064       0x3c e:/gcc-arm-none-eabi-10.3-2021.10/bin/../lib/gcc/arm-none-eabi/10.3.1/../../../../arm-none-eabi/lib/thumb/v7e-m+dp/hard\libc_nano.a(lib_a-assert.o)
                0x08006064                __assert_func
 .text._close_r
                0x080060a0       0x20 e:/gcc-arm-none-eabi-10.3-2021.10/bin/../lib/gcc/arm-none-eabi/10.3.1/../../../../arm-none-eabi/lib/thumb/v7e-m+dp/hard\libc_nano.a(lib_a-closer.o)
                0x080060a0                _close_r
 .text.fprintf  0x080060c0       0x24 e:/gcc-arm-none-eabi-10.3-2021.10/bin/../lib/gcc/arm-none-eabi/10.3.1/../../../../arm-none-eabi/lib/thumb/v7e-m+dp/hard\libc_nano.a(lib_a-fprintf.o)
                0x080060c0                fiprintf
                0x080060c0                fprintf
 .text._fstat_r
                0x080060e4       0x24 e:/gcc-arm-none-eabi-10.3-2021.10/bin/../lib/gcc/arm-none-eabi/10.3.1/../../../../arm-none-eabi/lib/thumb/v7e-m+dp/hard\libc_nano.a(lib_a-fstatr.o)
                0x080060e4                _fstat_r
 .text._isatty_r
                0x08006108       0x20 e:/gcc-arm-none-eabi-10.3-2021.10/bin/../lib/gcc/arm-none-eabi/10.3.1/../../../../arm-none-eabi/lib/thumb/v7e-m+dp/hard\libc_nano.a(lib_a-isattyr.o)
                0x08006108                _isatty_r
 .text._lseek_r
                0x08006128       0x24 e:/gcc-arm-none-eabi-10.3-2021.10/bin/../lib/gcc/arm-none-eabi/10.3.1/../../../../arm-none-eabi/lib/thumb/v7e-m+dp/hard\libc_nano.a(lib_a-lseekr.o)
                0x08006128                _lseek_r
 .text.memmove  0x0800614c       0x34 e:/gcc-arm-none-eabi-10.3-2021.10/bin/../lib/gcc/arm-none-eabi/10.3.1/../../../../arm-none-eabi/lib/thumb/v7e-m+dp/hard\libc_nano.a(lib_a-memmove.o)
                0x0800614c                memmove
 .text.__malloc_lock
                0x08006180        0xc e:/gcc-arm-none-eabi-10.3-2021.10/bin/../lib/gcc/arm-none-eabi/10.3.1/../../../../arm-none-eabi/lib/thumb/v7e-m+dp/hard\libc_nano.a(lib_a-mlock.o)
                0x08006180                __malloc_lock
 .text.__malloc_unlock
                0x0800618c        0xc e:/gcc-arm-none-eabi-10.3-2021.10/bin/../lib/gcc/arm-none-eabi/10.3.1/../../../../arm-none-eabi/lib/thumb/v7e-m+dp/hard\libc_nano.a(lib_a-mlock.o)
                0x0800618c                __malloc_unlock
 .text._realloc_r
                0x08006198       0x5e e:/gcc-arm-none-eabi-10.3-2021.10/bin/../lib/gcc/arm-none-eabi/10.3.1/../../../../arm-none-eabi/lib/thumb/v7e-m+dp/hard\libc_nano.a(lib_a-nano-reallocr.o)
                0x08006198                _realloc_r
 *fill*         0x080061f6        0x2 
 .text._read_r  0x080061f8       0x24 e:/gcc-arm-none-eabi-10.3-2021.10/bin/../lib/gcc/arm-none-eabi/10.3.1/../../../../arm-none-eabi/lib/thumb/v7e-m+dp/hard\libc_nano.a(lib_a-readr.o)
                0x080061f8                _read_r
 .text.abort    0x0800621c        0xe e:/gcc-arm-none-eabi-10.3-2021.10/bin/../lib/gcc/arm-none-eabi/10.3.1/../../../../arm-none-eabi/lib/thumb/v7e-m+dp/hard\libc_nano.a(lib_a-abort.o)
                0x0800621c                abort
 .text._malloc_usable_size_r
                0x0800622a       0x10 e:/gcc-arm-none-eabi-10.3-2021.10/bin/../lib/gcc/arm-none-eabi/10.3.1/../../../../arm-none-eabi/lib/thumb/v7e-m+dp/hard\libc_nano.a(lib_a-nano-msizer.o)
                0x0800622a                _malloc_usable_size_r
 .text._raise_r
                0x0800623a       0x50 e:/gcc-arm-none-eabi-10.3-2021.10/bin/../lib/gcc/arm-none-eabi/10.3.1/../../../../arm-none-eabi/lib/thumb/v7e-m+dp/hard\libc_nano.a(lib_a-signal.o)
                0x0800623a                _raise_r
 *fill*         0x0800628a        0x2 
 .text.raise    0x0800628c       0x10 e:/gcc-arm-none-eabi-10.3-2021.10/bin/../lib/gcc/arm-none-eabi/10.3.1/../../../../arm-none-eabi/lib/thumb/v7e-m+dp/hard\libc_nano.a(lib_a-signal.o)
                0x0800628c                raise
 .text._kill_r  0x0800629c       0x24 e:/gcc-arm-none-eabi-10.3-2021.10/bin/../lib/gcc/arm-none-eabi/10.3.1/../../../../arm-none-eabi/lib/thumb/v7e-m+dp/hard\libc_nano.a(lib_a-signalr.o)
                0x0800629c                _kill_r
 .text._getpid_r
                0x080062c0        0x4 e:/gcc-arm-none-eabi-10.3-2021.10/bin/../lib/gcc/arm-none-eabi/10.3.1/../../../../arm-none-eabi/lib/thumb/v7e-m+dp/hard\libc_nano.a(lib_a-signalr.o)
                0x080062c0                _getpid_r
 *fill*         0x080062c4        0x4 
 .text.powf     0x080062c8      0x328 e:/gcc-arm-none-eabi-10.3-2021.10/bin/../lib/gcc/arm-none-eabi/10.3.1/../../../../arm-none-eabi/lib/thumb/v7e-m+dp/hard\libm.a(lib_a-sf_pow.o)
                0x080062c8                powf
 .text.atan2f   0x080065f0        0x4 e:/gcc-arm-none-eabi-10.3-2021.10/bin/../lib/gcc/arm-none-eabi/10.3.1/../../../../arm-none-eabi/lib/thumb/v7e-m+dp/hard\libm.a(lib_a-wf_atan2.o)
                0x080065f0                atan2f
 .text.sqrtf    0x080065f4       0x44 e:/gcc-arm-none-eabi-10.3-2021.10/bin/../lib/gcc/arm-none-eabi/10.3.1/../../../../arm-none-eabi/lib/thumb/v7e-m+dp/hard\libm.a(lib_a-wf_sqrt.o)
                0x080065f4                sqrtf
 .text.__ieee754_atan2f
                0x08006638      0x14c e:/gcc-arm-none-eabi-10.3-2021.10/bin/../lib/gcc/arm-none-eabi/10.3.1/../../../../arm-none-eabi/lib/thumb/v7e-m+dp/hard\libm.a(lib_a-ef_atan2.o)
                0x08006638                __ieee754_atan2f
 .text.__ieee754_sqrtf
                0x08006784        0x8 e:/gcc-arm-none-eabi-10.3-2021.10/bin/../lib/gcc/arm-none-eabi/10.3.1/../../../../arm-none-eabi/lib/thumb/v7e-m+dp/hard\libm.a(lib_a-ef_sqrt.o)
                0x08006784                __ieee754_sqrtf
 .text.with_errnof
                0x0800678c       0x18 e:/gcc-arm-none-eabi-10.3-2021.10/bin/../lib/gcc/arm-none-eabi/10.3.1/../../../../arm-none-eabi/lib/thumb/v7e-m+dp/hard\libm.a(lib_a-math_errf.o)
 .text.xflowf   0x080067a4       0x20 e:/gcc-arm-none-eabi-10.3-2021.10/bin/../lib/gcc/arm-none-eabi/10.3.1/../../../../arm-none-eabi/lib/thumb/v7e-m+dp/hard\libm.a(lib_a-math_errf.o)
 .text.__math_uflowf
                0x080067c4        0xc e:/gcc-arm-none-eabi-10.3-2021.10/bin/../lib/gcc/arm-none-eabi/10.3.1/../../../../arm-none-eabi/lib/thumb/v7e-m+dp/hard\libm.a(lib_a-math_errf.o)
                0x080067c4                __math_uflowf
 .text.__math_may_uflowf
                0x080067d0        0xc e:/gcc-arm-none-eabi-10.3-2021.10/bin/../lib/gcc/arm-none-eabi/10.3.1/../../../../arm-none-eabi/lib/thumb/v7e-m+dp/hard\libm.a(lib_a-math_errf.o)
                0x080067d0                __math_may_uflowf
 .text.__math_oflowf
                0x080067dc        0xc e:/gcc-arm-none-eabi-10.3-2021.10/bin/../lib/gcc/arm-none-eabi/10.3.1/../../../../arm-none-eabi/lib/thumb/v7e-m+dp/hard\libm.a(lib_a-math_errf.o)
                0x080067dc                __math_oflowf
 .text.__math_divzerof
                0x080067e8       0x24 e:/gcc-arm-none-eabi-10.3-2021.10/bin/../lib/gcc/arm-none-eabi/10.3.1/../../../../arm-none-eabi/lib/thumb/v7e-m+dp/hard\libm.a(lib_a-math_errf.o)
                0x080067e8                __math_divzerof
 .text.__math_invalidf
                0x0800680c       0x20 e:/gcc-arm-none-eabi-10.3-2021.10/bin/../lib/gcc/arm-none-eabi/10.3.1/../../../../arm-none-eabi/lib/thumb/v7e-m+dp/hard\libm.a(lib_a-math_errf.o)
                0x0800680c                __math_invalidf
 .text.atanf    0x0800682c      0x1b0 e:/gcc-arm-none-eabi-10.3-2021.10/bin/../lib/gcc/arm-none-eabi/10.3.1/../../../../arm-none-eabi/lib/thumb/v7e-m+dp/hard\libm.a(lib_a-sf_atan.o)
                0x0800682c                atanf
 .text.fabsf    0x080069dc       0x10 e:/gcc-arm-none-eabi-10.3-2021.10/bin/../lib/gcc/arm-none-eabi/10.3.1/../../../../arm-none-eabi/lib/thumb/v7e-m+dp/hard\libm.a(lib_a-sf_fabs.o)
                0x080069dc                fabsf
 *(.glue_7)
 .glue_7        0x080069ec        0x0 linker stubs
 *(.glue_7t)
 .glue_7t       0x080069ec        0x0 linker stubs
 *(.eh_frame)
 .eh_frame      0x080069ec        0x0 e:/gcc-arm-none-eabi-10.3-2021.10/bin/../lib/gcc/arm-none-eabi/10.3.1/thumb/v7e-m+dp/hard/crtbegin.o
 *(.init)
 .init          0x080069ec        0x4 e:/gcc-arm-none-eabi-10.3-2021.10/bin/../lib/gcc/arm-none-eabi/10.3.1/thumb/v7e-m+dp/hard/crti.o
                0x080069ec                _init
 .init          0x080069f0        0x8 e:/gcc-arm-none-eabi-10.3-2021.10/bin/../lib/gcc/arm-none-eabi/10.3.1/thumb/v7e-m+dp/hard/crtn.o
 *(.fini)
 .fini          0x080069f8        0x4 e:/gcc-arm-none-eabi-10.3-2021.10/bin/../lib/gcc/arm-none-eabi/10.3.1/thumb/v7e-m+dp/hard/crti.o
                0x080069f8                _fini
 .fini          0x080069fc        0x8 e:/gcc-arm-none-eabi-10.3-2021.10/bin/../lib/gcc/arm-none-eabi/10.3.1/thumb/v7e-m+dp/hard/crtn.o
                0x08006a04                . = ALIGN (0x4)
                0x08006a04                _etext = .

.vfp11_veneer   0x08006a04        0x0
 .vfp11_veneer  0x08006a04        0x0 linker stubs

.v4_bx          0x08006a04        0x0
 .v4_bx         0x08006a04        0x0 linker stubs

.iplt           0x08006a04        0x0
 .iplt          0x08006a04        0x0 e:/gcc-arm-none-eabi-10.3-2021.10/bin/../lib/gcc/arm-none-eabi/10.3.1/thumb/v7e-m+dp/hard/crtbegin.o

.rodata         0x08006a08      0x7f0
                0x08006a08                . = ALIGN (0x4)
 *(.rodata)
 .rodata        0x08006a08       0x33 build/main.o
 *(.rodata*)
 *fill*         0x08006a3b        0x1 
 .rodata._global_impure_ptr
                0x08006a3c        0x4 e:/gcc-arm-none-eabi-10.3-2021.10/bin/../lib/gcc/arm-none-eabi/10.3.1/../../../../arm-none-eabi/lib/thumb/v7e-m+dp/hard\libc_nano.a(lib_a-impure.o)
                0x08006a3c                _global_impure_ptr
 .rodata._printf_float.str1.1
                0x08006a40       0x12 e:/gcc-arm-none-eabi-10.3-2021.10/bin/../lib/gcc/arm-none-eabi/10.3.1/../../../../arm-none-eabi/lib/thumb/v7e-m+dp/hard\libc_nano.a(lib_a-nano-vfprintf_float.o)
 .rodata._printf_i.str1.1
                0x08006a52       0x22 e:/gcc-arm-none-eabi-10.3-2021.10/bin/../lib/gcc/arm-none-eabi/10.3.1/../../../../arm-none-eabi/lib/thumb/v7e-m+dp/hard\libc_nano.a(lib_a-nano-vfprintf_i.o)
 .rodata._scanf_float.str1.1
                0x08006a74        0x5 e:/gcc-arm-none-eabi-10.3-2021.10/bin/../lib/gcc/arm-none-eabi/10.3.1/../../../../arm-none-eabi/lib/thumb/v7e-m+dp/hard\libc_nano.a(lib_a-nano-vfscanf_float.o)
                                  0x6 (size before relaxing)
 .rodata._strtod_l.str1.1
                0x08006a79        0x5 e:/gcc-arm-none-eabi-10.3-2021.10/bin/../lib/gcc/arm-none-eabi/10.3.1/../../../../arm-none-eabi/lib/thumb/v7e-m+dp/hard\libc_nano.a(lib_a-strtod.o)
                                  0xd (size before relaxing)
 *fill*         0x08006a79        0x3 
 .rodata.fpi.1  0x08006a7c       0x14 e:/gcc-arm-none-eabi-10.3-2021.10/bin/../lib/gcc/arm-none-eabi/10.3.1/../../../../arm-none-eabi/lib/thumb/v7e-m+dp/hard\libc_nano.a(lib_a-strtod.o)
 .rodata.fpinan.0
                0x08006a90       0x14 e:/gcc-arm-none-eabi-10.3-2021.10/bin/../lib/gcc/arm-none-eabi/10.3.1/../../../../arm-none-eabi/lib/thumb/v7e-m+dp/hard\libc_nano.a(lib_a-strtod.o)
 *fill*         0x08006aa4        0x4 
 .rodata.tinytens
                0x08006aa8       0x28 e:/gcc-arm-none-eabi-10.3-2021.10/bin/../lib/gcc/arm-none-eabi/10.3.1/../../../../arm-none-eabi/lib/thumb/v7e-m+dp/hard\libc_nano.a(lib_a-strtod.o)
 .rodata._ctype_
                0x08006ad0      0x101 e:/gcc-arm-none-eabi-10.3-2021.10/bin/../lib/gcc/arm-none-eabi/10.3.1/../../../../arm-none-eabi/lib/thumb/v7e-m+dp/hard\libc_nano.a(lib_a-ctype_.o)
                0x08006ad0                _ctype_
 .rodata._dtoa_r.str1.1
                0x08006bd1       0xb3 e:/gcc-arm-none-eabi-10.3-2021.10/bin/../lib/gcc/arm-none-eabi/10.3.1/../../../../arm-none-eabi/lib/thumb/v7e-m+dp/hard\libc_nano.a(lib_a-dtoa.o)
                                 0xb5 (size before relaxing)
 .rodata.__sf_fake_stderr
                0x08006c84       0x20 e:/gcc-arm-none-eabi-10.3-2021.10/bin/../lib/gcc/arm-none-eabi/10.3.1/../../../../arm-none-eabi/lib/thumb/v7e-m+dp/hard\libc_nano.a(lib_a-findfp.o)
                0x08006c84                __sf_fake_stderr
 .rodata.__sf_fake_stdin
                0x08006ca4       0x20 e:/gcc-arm-none-eabi-10.3-2021.10/bin/../lib/gcc/arm-none-eabi/10.3.1/../../../../arm-none-eabi/lib/thumb/v7e-m+dp/hard\libc_nano.a(lib_a-findfp.o)
                0x08006ca4                __sf_fake_stdin
 .rodata.__sf_fake_stdout
                0x08006cc4       0x20 e:/gcc-arm-none-eabi-10.3-2021.10/bin/../lib/gcc/arm-none-eabi/10.3.1/../../../../arm-none-eabi/lib/thumb/v7e-m+dp/hard\libc_nano.a(lib_a-findfp.o)
                0x08006cc4                __sf_fake_stdout
 .rodata.__gethex.str1.1
                0x08006ce4       0x86 e:/gcc-arm-none-eabi-10.3-2021.10/bin/../lib/gcc/arm-none-eabi/10.3.1/../../../../arm-none-eabi/lib/thumb/v7e-m+dp/hard\libc_nano.a(lib_a-gdtoa-gethex.o)
                                 0x97 (size before relaxing)
 .rodata.str1.1
                0x08006d6a        0x2 e:/gcc-arm-none-eabi-10.3-2021.10/bin/../lib/gcc/arm-none-eabi/10.3.1/../../../../arm-none-eabi/lib/thumb/v7e-m+dp/hard\libc_nano.a(lib_a-lnumeric.o)
                                  0x3 (size before relaxing)
 .rodata._C_numeric_locale
                0x08006d6c        0xc e:/gcc-arm-none-eabi-10.3-2021.10/bin/../lib/gcc/arm-none-eabi/10.3.1/../../../../arm-none-eabi/lib/thumb/v7e-m+dp/hard\libc_nano.a(lib_a-lnumeric.o)
                0x08006d6c                _C_numeric_locale
 .rodata._setlocale_r.str1.1
                0x08006d78        0x8 e:/gcc-arm-none-eabi-10.3-2021.10/bin/../lib/gcc/arm-none-eabi/10.3.1/../../../../arm-none-eabi/lib/thumb/v7e-m+dp/hard\libc_nano.a(lib_a-locale.o)
                                  0x9 (size before relaxing)
 .rodata.str1.1
                0x08006d80        0x2 e:/gcc-arm-none-eabi-10.3-2021.10/bin/../lib/gcc/arm-none-eabi/10.3.1/../../../../arm-none-eabi/lib/thumb/v7e-m+dp/hard\libc_nano.a(lib_a-locale.o)
 .rodata._Balloc.str1.1
                0x08006d80       0x7f e:/gcc-arm-none-eabi-10.3-2021.10/bin/../lib/gcc/arm-none-eabi/10.3.1/../../../../arm-none-eabi/lib/thumb/v7e-m+dp/hard\libc_nano.a(lib_a-mprec.o)
                                 0x96 (size before relaxing)
 .rodata.__multadd.str1.1
                0x08006dff       0x11 e:/gcc-arm-none-eabi-10.3-2021.10/bin/../lib/gcc/arm-none-eabi/10.3.1/../../../../arm-none-eabi/lib/thumb/v7e-m+dp/hard\libc_nano.a(lib_a-mprec.o)
 *fill*         0x08006dff        0x1 
 .rodata.__mprec_bigtens
                0x08006e00       0x28 e:/gcc-arm-none-eabi-10.3-2021.10/bin/../lib/gcc/arm-none-eabi/10.3.1/../../../../arm-none-eabi/lib/thumb/v7e-m+dp/hard\libc_nano.a(lib_a-mprec.o)
                0x08006e00                __mprec_bigtens
 .rodata.__mprec_tens
                0x08006e28       0xc8 e:/gcc-arm-none-eabi-10.3-2021.10/bin/../lib/gcc/arm-none-eabi/10.3.1/../../../../arm-none-eabi/lib/thumb/v7e-m+dp/hard\libc_nano.a(lib_a-mprec.o)
                0x08006e28                __mprec_tens
 .rodata.p05.0  0x08006ef0        0xc e:/gcc-arm-none-eabi-10.3-2021.10/bin/../lib/gcc/arm-none-eabi/10.3.1/../../../../arm-none-eabi/lib/thumb/v7e-m+dp/hard\libc_nano.a(lib_a-mprec.o)
 .rodata._svfprintf_r.str1.1
                0x08006efc       0x11 e:/gcc-arm-none-eabi-10.3-2021.10/bin/../lib/gcc/arm-none-eabi/10.3.1/../../../../arm-none-eabi/lib/thumb/v7e-m+dp/hard\libc_nano.a(lib_a-nano-svfprintf.o)
 .rodata._vfprintf_r.str1.1
                0x08006f0d       0x11 e:/gcc-arm-none-eabi-10.3-2021.10/bin/../lib/gcc/arm-none-eabi/10.3.1/../../../../arm-none-eabi/lib/thumb/v7e-m+dp/hard\libc_nano.a(lib_a-nano-vfprintf.o)
 .rodata.__assert_func.str1.1
                0x08006f0d       0x3c e:/gcc-arm-none-eabi-10.3-2021.10/bin/../lib/gcc/arm-none-eabi/10.3.1/../../../../arm-none-eabi/lib/thumb/v7e-m+dp/hard\libc_nano.a(lib_a-assert.o)
                                 0x3d (size before relaxing)
 *fill*         0x08006f49        0x7 
 .rodata.__powf_log2_data
                0x08006f50      0x128 e:/gcc-arm-none-eabi-10.3-2021.10/bin/../lib/gcc/arm-none-eabi/10.3.1/../../../../arm-none-eabi/lib/thumb/v7e-m+dp/hard\libm.a(lib_a-sf_pow_log2_data.o)
                0x08006f50                __powf_log2_data
 .rodata.CSWTCH.8
                0x08007078        0xc e:/gcc-arm-none-eabi-10.3-2021.10/bin/../lib/gcc/arm-none-eabi/10.3.1/../../../../arm-none-eabi/lib/thumb/v7e-m+dp/hard\libm.a(lib_a-ef_atan2.o)
 .rodata.CSWTCH.9
                0x08007084        0xc e:/gcc-arm-none-eabi-10.3-2021.10/bin/../lib/gcc/arm-none-eabi/10.3.1/../../../../arm-none-eabi/lib/thumb/v7e-m+dp/hard\libm.a(lib_a-ef_atan2.o)
 .rodata.atanhi
                0x08007090       0x10 e:/gcc-arm-none-eabi-10.3-2021.10/bin/../lib/gcc/arm-none-eabi/10.3.1/../../../../arm-none-eabi/lib/thumb/v7e-m+dp/hard\libm.a(lib_a-sf_atan.o)
 .rodata.atanlo
                0x080070a0       0x10 e:/gcc-arm-none-eabi-10.3-2021.10/bin/../lib/gcc/arm-none-eabi/10.3.1/../../../../arm-none-eabi/lib/thumb/v7e-m+dp/hard\libm.a(lib_a-sf_atan.o)
 .rodata.__exp2f_data
                0x080070b0      0x148 e:/gcc-arm-none-eabi-10.3-2021.10/bin/../lib/gcc/arm-none-eabi/10.3.1/../../../../arm-none-eabi/lib/thumb/v7e-m+dp/hard\libm.a(lib_a-sf_exp2_data.o)
                0x080070b0                __exp2f_data
                0x080071f8                . = ALIGN (0x4)

.rel.dyn        0x080071f8        0x0
 .rel.iplt      0x080071f8        0x0 e:/gcc-arm-none-eabi-10.3-2021.10/bin/../lib/gcc/arm-none-eabi/10.3.1/thumb/v7e-m+dp/hard/crtbegin.o

.ARM.extab
 *(.ARM.extab* .gnu.linkonce.armextab.*)

.ARM            0x080071f8        0x0
                0x080071f8                __exidx_start = .
 *(.ARM.exidx*)
                0x080071f8                __exidx_end = .

.preinit_array  0x080071f8        0x0
                0x080071f8                PROVIDE (__preinit_array_start = .)
 *(.preinit_array*)
                0x080071f8                PROVIDE (__preinit_array_end = .)

.init_array     0x080071f8        0x4
                0x080071f8                PROVIDE (__init_array_start = .)
 *(SORT_BY_NAME(.init_array.*))
 *(.init_array*)
 .init_array    0x080071f8        0x4 e:/gcc-arm-none-eabi-10.3-2021.10/bin/../lib/gcc/arm-none-eabi/10.3.1/thumb/v7e-m+dp/hard/crtbegin.o
                0x080071fc                PROVIDE (__init_array_end = .)

.fini_array     0x080071fc        0x4
                [!provide]                PROVIDE (__fini_array_start = .)
 *(SORT_BY_NAME(.fini_array.*))
 *(.fini_array*)
 .fini_array    0x080071fc        0x4 e:/gcc-arm-none-eabi-10.3-2021.10/bin/../lib/gcc/arm-none-eabi/10.3.1/thumb/v7e-m+dp/hard/crtbegin.o
                [!provide]                PROVIDE (__fini_array_end = .)
                0x08007200                _sidata = LOADADDR (.data)

.data           0x20000000      0x1dc load address 0x08007200
                0x20000000                . = ALIGN (0x4)
                0x20000000                _sdata = .
 *(.data)
 *(.data*)
 .data.Q.1      0x20000000        0x4 build/mpu6050.o
 .data.R.0      0x20000004        0x4 build/mpu6050.o
 .data._impure_ptr
                0x20000008        0x4 e:/gcc-arm-none-eabi-10.3-2021.10/bin/../lib/gcc/arm-none-eabi/10.3.1/../../../../arm-none-eabi/lib/thumb/v7e-m+dp/hard\libc_nano.a(lib_a-impure.o)
                0x20000008                _impure_ptr
 .data.impure_data
                0x2000000c       0x60 e:/gcc-arm-none-eabi-10.3-2021.10/bin/../lib/gcc/arm-none-eabi/10.3.1/../../../../arm-none-eabi/lib/thumb/v7e-m+dp/hard\libc_nano.a(lib_a-impure.o)
 .data.numempty
                0x2000006c        0x2 e:/gcc-arm-none-eabi-10.3-2021.10/bin/../lib/gcc/arm-none-eabi/10.3.1/../../../../arm-none-eabi/lib/thumb/v7e-m+dp/hard\libc_nano.a(lib_a-lnumeric.o)
 *fill*         0x2000006e        0x2 
 .data.__global_locale
                0x20000070      0x16c e:/gcc-arm-none-eabi-10.3-2021.10/bin/../lib/gcc/arm-none-eabi/10.3.1/../../../../arm-none-eabi/lib/thumb/v7e-m+dp/hard\libc_nano.a(lib_a-locale.o)
                0x20000070                __global_locale
                0x200001dc                . = ALIGN (0x4)
                0x200001dc                _edata = .

.igot.plt       0x200001dc        0x0 load address 0x080073dc
 .igot.plt      0x200001dc        0x0 e:/gcc-arm-none-eabi-10.3-2021.10/bin/../lib/gcc/arm-none-eabi/10.3.1/thumb/v7e-m+dp/hard/crtbegin.o
                0x200001dc                . = ALIGN (0x4)

.bss            0x200001dc       0x64 load address 0x080073dc
                0x200001dc                _sbss = .
                0x200001dc                __bss_start__ = _sbss
 *(.bss)
 .bss           0x200001dc       0x1c e:/gcc-arm-none-eabi-10.3-2021.10/bin/../lib/gcc/arm-none-eabi/10.3.1/thumb/v7e-m+dp/hard/crtbegin.o
 *(.bss*)
 .bss.flag_get  0x200001f8        0x1 build/main.o
                0x200001f8                flag_get
 *fill*         0x200001f9        0x3 
 .bss.heap_end.0
                0x200001fc        0x4 build/syscalls.o
 .bss.gyro_unit
                0x20000200        0x4 build/mpu6050.o
 .bss.accel_unit
                0x20000204        0x4 build/mpu6050.o
 .bss.gyro_bias
                0x20000208        0x6 build/mpu6050.o
 *fill*         0x2000020e        0x2 
 .bss.P.2       0x20000210       0x20 build/mpu6050.o
 .bss.errno     0x20000230        0x4 e:/gcc-arm-none-eabi-10.3-2021.10/bin/../lib/gcc/arm-none-eabi/10.3.1/../../../../arm-none-eabi/lib/thumb/v7e-m+dp/hard\libc_nano.a(lib_a-reent.o)
                0x20000230                errno
 .bss.__lock___malloc_recursive_mutex
                0x20000234        0x1 e:/gcc-arm-none-eabi-10.3-2021.10/bin/../lib/gcc/arm-none-eabi/10.3.1/../../../../arm-none-eabi/lib/thumb/v7e-m+dp/hard\libc_nano.a(lib_a-lock.o)
                0x20000234                __lock___malloc_recursive_mutex
 .bss.__lock___sfp_recursive_mutex
                0x20000235        0x1 e:/gcc-arm-none-eabi-10.3-2021.10/bin/../lib/gcc/arm-none-eabi/10.3.1/../../../../arm-none-eabi/lib/thumb/v7e-m+dp/hard\libc_nano.a(lib_a-lock.o)
                0x20000235                __lock___sfp_recursive_mutex
 .bss.__lock___sinit_recursive_mutex
                0x20000236        0x1 e:/gcc-arm-none-eabi-10.3-2021.10/bin/../lib/gcc/arm-none-eabi/10.3.1/../../../../arm-none-eabi/lib/thumb/v7e-m+dp/hard\libc_nano.a(lib_a-lock.o)
                0x20000236                __lock___sinit_recursive_mutex
 *fill*         0x20000237        0x1 
 .bss.__malloc_free_list
                0x20000238        0x4 e:/gcc-arm-none-eabi-10.3-2021.10/bin/../lib/gcc/arm-none-eabi/10.3.1/../../../../arm-none-eabi/lib/thumb/v7e-m+dp/hard\libc_nano.a(lib_a-nano-mallocr.o)
                0x20000238                __malloc_free_list
 .bss.__malloc_sbrk_start
                0x2000023c        0x4 e:/gcc-arm-none-eabi-10.3-2021.10/bin/../lib/gcc/arm-none-eabi/10.3.1/../../../../arm-none-eabi/lib/thumb/v7e-m+dp/hard\libc_nano.a(lib_a-nano-mallocr.o)
                0x2000023c                __malloc_sbrk_start
 *(COMMON)
                0x20000240                . = ALIGN (0x4)
                0x20000240                _ebss = .
                0x20000240                __bss_end__ = _ebss

._user_heap_stack
                0x20000240      0x600 load address 0x080073dc
                0x20000240                . = ALIGN (0x8)
                0x20000240                PROVIDE (end = .)
                [!provide]                PROVIDE (_end = .)
                0x20000440                . = (. + _Min_Heap_Size)
 *fill*         0x20000240      0x200 
                0x20000840                . = (. + _Min_Stack_Size)
 *fill*         0x20000440      0x400 
                0x20000840                . = ALIGN (0x8)

/DISCARD/
 libc.a(*)
 libm.a(*)
 libgcc.a(*)

.ARM.attributes
                0x00000000       0x2e
 *(.ARM.attributes)
 .ARM.attributes
                0x00000000       0x1e e:/gcc-arm-none-eabi-10.3-2021.10/bin/../lib/gcc/arm-none-eabi/10.3.1/thumb/v7e-m+dp/hard/crti.o
 .ARM.attributes
                0x0000001e       0x32 e:/gcc-arm-none-eabi-10.3-2021.10/bin/../lib/gcc/arm-none-eabi/10.3.1/thumb/v7e-m+dp/hard/crtbegin.o
 .ARM.attributes
                0x00000050       0x32 build/stm32f767zi_usart.o
 .ARM.attributes
                0x00000082       0x32 build/stm32f767zi_timer.o
 .ARM.attributes
                0x000000b4       0x32 build/stm32f767zi_i2c.o
 .ARM.attributes
                0x000000e6       0x32 build/main.o
 .ARM.attributes
                0x00000118       0x32 build/stm32f767zi_systick.o
 .ARM.attributes
                0x0000014a       0x32 build/syscalls.o
 .ARM.attributes
                0x0000017c       0x32 build/mpu6050.o
 .ARM.attributes
                0x000001ae       0x21 build/startup_stm32f767xx.o
 .ARM.attributes
                0x000001cf       0x32 e:/gcc-arm-none-eabi-10.3-2021.10/bin/../lib/gcc/arm-none-eabi/10.3.1/../../../../arm-none-eabi/lib/thumb/v7e-m+dp/hard\libc_nano.a(lib_a-impure.o)
 .ARM.attributes
                0x00000201       0x32 e:/gcc-arm-none-eabi-10.3-2021.10/bin/../lib/gcc/arm-none-eabi/10.3.1/../../../../arm-none-eabi/lib/thumb/v7e-m+dp/hard\libc_nano.a(lib_a-init.o)
 .ARM.attributes
                0x00000233       0x32 e:/gcc-arm-none-eabi-10.3-2021.10/bin/../lib/gcc/arm-none-eabi/10.3.1/../../../../arm-none-eabi/lib/thumb/v7e-m+dp/hard\libc_nano.a(lib_a-memset.o)
 .ARM.attributes
                0x00000265       0x32 e:/gcc-arm-none-eabi-10.3-2021.10/bin/../lib/gcc/arm-none-eabi/10.3.1/../../../../arm-none-eabi/lib/thumb/v7e-m+dp/hard\libc_nano.a(lib_a-nano-vfprintf_float.o)
 .ARM.attributes
                0x00000297       0x32 e:/gcc-arm-none-eabi-10.3-2021.10/bin/../lib/gcc/arm-none-eabi/10.3.1/../../../../arm-none-eabi/lib/thumb/v7e-m+dp/hard\libc_nano.a(lib_a-nano-vfprintf_i.o)
 .ARM.attributes
                0x000002c9       0x32 e:/gcc-arm-none-eabi-10.3-2021.10/bin/../lib/gcc/arm-none-eabi/10.3.1/../../../../arm-none-eabi/lib/thumb/v7e-m+dp/hard\libc_nano.a(lib_a-nano-vfscanf_float.o)
 .ARM.attributes
                0x000002fb       0x32 e:/gcc-arm-none-eabi-10.3-2021.10/bin/../lib/gcc/arm-none-eabi/10.3.1/../../../../arm-none-eabi/lib/thumb/v7e-m+dp/hard\libc_nano.a(lib_a-printf.o)
 .ARM.attributes
                0x0000032d       0x32 e:/gcc-arm-none-eabi-10.3-2021.10/bin/../lib/gcc/arm-none-eabi/10.3.1/../../../../arm-none-eabi/lib/thumb/v7e-m+dp/hard\libc_nano.a(lib_a-puts.o)
 .ARM.attributes
                0x0000035f       0x32 e:/gcc-arm-none-eabi-10.3-2021.10/bin/../lib/gcc/arm-none-eabi/10.3.1/../../../../arm-none-eabi/lib/thumb/v7e-m+dp/hard\libc_nano.a(lib_a-reent.o)
 .ARM.attributes
                0x00000391       0x32 e:/gcc-arm-none-eabi-10.3-2021.10/bin/../lib/gcc/arm-none-eabi/10.3.1/../../../../arm-none-eabi/lib/thumb/v7e-m+dp/hard\libc_nano.a(lib_a-sf_nan.o)
 .ARM.attributes
                0x000003c3       0x32 e:/gcc-arm-none-eabi-10.3-2021.10/bin/../lib/gcc/arm-none-eabi/10.3.1/../../../../arm-none-eabi/lib/thumb/v7e-m+dp/hard\libc_nano.a(lib_a-sprintf.o)
 .ARM.attributes
                0x000003f5       0x17 e:/gcc-arm-none-eabi-10.3-2021.10/bin/../lib/gcc/arm-none-eabi/10.3.1/../../../../arm-none-eabi/lib/thumb/v7e-m+dp/hard\libc_nano.a(lib_a-strlen.o)
 .ARM.attributes
                0x0000040c       0x32 e:/gcc-arm-none-eabi-10.3-2021.10/bin/../lib/gcc/arm-none-eabi/10.3.1/../../../../arm-none-eabi/lib/thumb/v7e-m+dp/hard\libc_nano.a(lib_a-strtod.o)
 .ARM.attributes
                0x0000043e       0x32 e:/gcc-arm-none-eabi-10.3-2021.10/bin/../lib/gcc/arm-none-eabi/10.3.1/../../../../arm-none-eabi/lib/thumb/v7e-m+dp/hard\libc_nano.a(lib_a-strtol.o)
 .ARM.attributes
                0x00000470       0x32 e:/gcc-arm-none-eabi-10.3-2021.10/bin/../lib/gcc/arm-none-eabi/10.3.1/../../../../arm-none-eabi/lib/thumb/v7e-m+dp/hard\libc_nano.a(lib_a-wbuf.o)
 .ARM.attributes
                0x000004a2       0x32 e:/gcc-arm-none-eabi-10.3-2021.10/bin/../lib/gcc/arm-none-eabi/10.3.1/../../../../arm-none-eabi/lib/thumb/v7e-m+dp/hard\libc_nano.a(lib_a-wsetup.o)
 .ARM.attributes
                0x000004d4       0x32 e:/gcc-arm-none-eabi-10.3-2021.10/bin/../lib/gcc/arm-none-eabi/10.3.1/../../../../arm-none-eabi/lib/thumb/v7e-m+dp/hard\libc_nano.a(lib_a-ctype_.o)
 .ARM.attributes
                0x00000506       0x32 e:/gcc-arm-none-eabi-10.3-2021.10/bin/../lib/gcc/arm-none-eabi/10.3.1/../../../../arm-none-eabi/lib/thumb/v7e-m+dp/hard\libc_nano.a(lib_a-dtoa.o)
 .ARM.attributes
                0x00000538       0x32 e:/gcc-arm-none-eabi-10.3-2021.10/bin/../lib/gcc/arm-none-eabi/10.3.1/../../../../arm-none-eabi/lib/thumb/v7e-m+dp/hard\libc_nano.a(lib_a-errno.o)
 .ARM.attributes
                0x0000056a       0x32 e:/gcc-arm-none-eabi-10.3-2021.10/bin/../lib/gcc/arm-none-eabi/10.3.1/../../../../arm-none-eabi/lib/thumb/v7e-m+dp/hard\libc_nano.a(lib_a-fflush.o)
 .ARM.attributes
                0x0000059c       0x32 e:/gcc-arm-none-eabi-10.3-2021.10/bin/../lib/gcc/arm-none-eabi/10.3.1/../../../../arm-none-eabi/lib/thumb/v7e-m+dp/hard\libc_nano.a(lib_a-findfp.o)
 .ARM.attributes
                0x000005ce       0x32 e:/gcc-arm-none-eabi-10.3-2021.10/bin/../lib/gcc/arm-none-eabi/10.3.1/../../../../arm-none-eabi/lib/thumb/v7e-m+dp/hard\libc_nano.a(lib_a-fwalk.o)
 .ARM.attributes
                0x00000600       0x32 e:/gcc-arm-none-eabi-10.3-2021.10/bin/../lib/gcc/arm-none-eabi/10.3.1/../../../../arm-none-eabi/lib/thumb/v7e-m+dp/hard\libc_nano.a(lib_a-gdtoa-gethex.o)
 .ARM.attributes
                0x00000632       0x32 e:/gcc-arm-none-eabi-10.3-2021.10/bin/../lib/gcc/arm-none-eabi/10.3.1/../../../../arm-none-eabi/lib/thumb/v7e-m+dp/hard\libc_nano.a(lib_a-gdtoa-hexnan.o)
 .ARM.attributes
                0x00000664       0x32 e:/gcc-arm-none-eabi-10.3-2021.10/bin/../lib/gcc/arm-none-eabi/10.3.1/../../../../arm-none-eabi/lib/thumb/v7e-m+dp/hard\libc_nano.a(lib_a-lnumeric.o)
 .ARM.attributes
                0x00000696       0x32 e:/gcc-arm-none-eabi-10.3-2021.10/bin/../lib/gcc/arm-none-eabi/10.3.1/../../../../arm-none-eabi/lib/thumb/v7e-m+dp/hard\libc_nano.a(lib_a-locale.o)
 .ARM.attributes
                0x000006c8       0x32 e:/gcc-arm-none-eabi-10.3-2021.10/bin/../lib/gcc/arm-none-eabi/10.3.1/../../../../arm-none-eabi/lib/thumb/v7e-m+dp/hard\libc_nano.a(lib_a-localeconv.o)
 .ARM.attributes
                0x000006fa       0x32 e:/gcc-arm-none-eabi-10.3-2021.10/bin/../lib/gcc/arm-none-eabi/10.3.1/../../../../arm-none-eabi/lib/thumb/v7e-m+dp/hard\libc_nano.a(lib_a-lock.o)
 .ARM.attributes
                0x0000072c       0x32 e:/gcc-arm-none-eabi-10.3-2021.10/bin/../lib/gcc/arm-none-eabi/10.3.1/../../../../arm-none-eabi/lib/thumb/v7e-m+dp/hard\libc_nano.a(lib_a-makebuf.o)
 .ARM.attributes
                0x0000075e       0x32 e:/gcc-arm-none-eabi-10.3-2021.10/bin/../lib/gcc/arm-none-eabi/10.3.1/../../../../arm-none-eabi/lib/thumb/v7e-m+dp/hard\libc_nano.a(lib_a-malloc.o)
 .ARM.attributes
                0x00000790       0x32 e:/gcc-arm-none-eabi-10.3-2021.10/bin/../lib/gcc/arm-none-eabi/10.3.1/../../../../arm-none-eabi/lib/thumb/v7e-m+dp/hard\libc_nano.a(lib_a-mbtowc_r.o)
 .ARM.attributes
                0x000007c2       0x1c e:/gcc-arm-none-eabi-10.3-2021.10/bin/../lib/gcc/arm-none-eabi/10.3.1/../../../../arm-none-eabi/lib/thumb/v7e-m+dp/hard\libc_nano.a(lib_a-memchr.o)
 .ARM.attributes
                0x000007de       0x32 e:/gcc-arm-none-eabi-10.3-2021.10/bin/../lib/gcc/arm-none-eabi/10.3.1/../../../../arm-none-eabi/lib/thumb/v7e-m+dp/hard\libc_nano.a(lib_a-memcpy-stub.o)
 .ARM.attributes
                0x00000810       0x32 e:/gcc-arm-none-eabi-10.3-2021.10/bin/../lib/gcc/arm-none-eabi/10.3.1/../../../../arm-none-eabi/lib/thumb/v7e-m+dp/hard\libc_nano.a(lib_a-mprec.o)
 .ARM.attributes
                0x00000842       0x32 e:/gcc-arm-none-eabi-10.3-2021.10/bin/../lib/gcc/arm-none-eabi/10.3.1/../../../../arm-none-eabi/lib/thumb/v7e-m+dp/hard\libc_nano.a(lib_a-nano-callocr.o)
 .ARM.attributes
                0x00000874       0x32 e:/gcc-arm-none-eabi-10.3-2021.10/bin/../lib/gcc/arm-none-eabi/10.3.1/../../../../arm-none-eabi/lib/thumb/v7e-m+dp/hard\libc_nano.a(lib_a-nano-freer.o)
 .ARM.attributes
                0x000008a6       0x32 e:/gcc-arm-none-eabi-10.3-2021.10/bin/../lib/gcc/arm-none-eabi/10.3.1/../../../../arm-none-eabi/lib/thumb/v7e-m+dp/hard\libc_nano.a(lib_a-nano-mallocr.o)
 .ARM.attributes
                0x000008d8       0x32 e:/gcc-arm-none-eabi-10.3-2021.10/bin/../lib/gcc/arm-none-eabi/10.3.1/../../../../arm-none-eabi/lib/thumb/v7e-m+dp/hard\libc_nano.a(lib_a-nano-svfprintf.o)
 .ARM.attributes
                0x0000090a       0x32 e:/gcc-arm-none-eabi-10.3-2021.10/bin/../lib/gcc/arm-none-eabi/10.3.1/../../../../arm-none-eabi/lib/thumb/v7e-m+dp/hard\libc_nano.a(lib_a-nano-vfprintf.o)
 .ARM.attributes
                0x0000093c       0x32 e:/gcc-arm-none-eabi-10.3-2021.10/bin/../lib/gcc/arm-none-eabi/10.3.1/../../../../arm-none-eabi/lib/thumb/v7e-m+dp/hard\libc_nano.a(lib_a-s_nan.o)
 .ARM.attributes
                0x0000096e       0x32 e:/gcc-arm-none-eabi-10.3-2021.10/bin/../lib/gcc/arm-none-eabi/10.3.1/../../../../arm-none-eabi/lib/thumb/v7e-m+dp/hard\libc_nano.a(lib_a-sbrkr.o)
 .ARM.attributes
                0x000009a0       0x32 e:/gcc-arm-none-eabi-10.3-2021.10/bin/../lib/gcc/arm-none-eabi/10.3.1/../../../../arm-none-eabi/lib/thumb/v7e-m+dp/hard\libc_nano.a(lib_a-stdio.o)
 .ARM.attributes
                0x000009d2       0x32 e:/gcc-arm-none-eabi-10.3-2021.10/bin/../lib/gcc/arm-none-eabi/10.3.1/../../../../arm-none-eabi/lib/thumb/v7e-m+dp/hard\libc_nano.a(lib_a-strncmp.o)
 .ARM.attributes
                0x00000a04       0x32 e:/gcc-arm-none-eabi-10.3-2021.10/bin/../lib/gcc/arm-none-eabi/10.3.1/../../../../arm-none-eabi/lib/thumb/v7e-m+dp/hard\libc_nano.a(lib_a-wctomb_r.o)
 .ARM.attributes
                0x00000a36       0x32 e:/gcc-arm-none-eabi-10.3-2021.10/bin/../lib/gcc/arm-none-eabi/10.3.1/../../../../arm-none-eabi/lib/thumb/v7e-m+dp/hard\libc_nano.a(lib_a-writer.o)
 .ARM.attributes
                0x00000a68       0x32 e:/gcc-arm-none-eabi-10.3-2021.10/bin/../lib/gcc/arm-none-eabi/10.3.1/../../../../arm-none-eabi/lib/thumb/v7e-m+dp/hard\libc_nano.a(lib_a-assert.o)
 .ARM.attributes
                0x00000a9a       0x32 e:/gcc-arm-none-eabi-10.3-2021.10/bin/../lib/gcc/arm-none-eabi/10.3.1/../../../../arm-none-eabi/lib/thumb/v7e-m+dp/hard\libc_nano.a(lib_a-closer.o)
 .ARM.attributes
                0x00000acc       0x32 e:/gcc-arm-none-eabi-10.3-2021.10/bin/../lib/gcc/arm-none-eabi/10.3.1/../../../../arm-none-eabi/lib/thumb/v7e-m+dp/hard\libc_nano.a(lib_a-fprintf.o)
 .ARM.attributes
                0x00000afe       0x32 e:/gcc-arm-none-eabi-10.3-2021.10/bin/../lib/gcc/arm-none-eabi/10.3.1/../../../../arm-none-eabi/lib/thumb/v7e-m+dp/hard\libc_nano.a(lib_a-fstatr.o)
 .ARM.attributes
                0x00000b30       0x32 e:/gcc-arm-none-eabi-10.3-2021.10/bin/../lib/gcc/arm-none-eabi/10.3.1/../../../../arm-none-eabi/lib/thumb/v7e-m+dp/hard\libc_nano.a(lib_a-isattyr.o)
 .ARM.attributes
                0x00000b62       0x32 e:/gcc-arm-none-eabi-10.3-2021.10/bin/../lib/gcc/arm-none-eabi/10.3.1/../../../../arm-none-eabi/lib/thumb/v7e-m+dp/hard\libc_nano.a(lib_a-lseekr.o)
 .ARM.attributes
                0x00000b94       0x32 e:/gcc-arm-none-eabi-10.3-2021.10/bin/../lib/gcc/arm-none-eabi/10.3.1/../../../../arm-none-eabi/lib/thumb/v7e-m+dp/hard\libc_nano.a(lib_a-memmove.o)
 .ARM.attributes
                0x00000bc6       0x32 e:/gcc-arm-none-eabi-10.3-2021.10/bin/../lib/gcc/arm-none-eabi/10.3.1/../../../../arm-none-eabi/lib/thumb/v7e-m+dp/hard\libc_nano.a(lib_a-mlock.o)
 .ARM.attributes
                0x00000bf8       0x32 e:/gcc-arm-none-eabi-10.3-2021.10/bin/../lib/gcc/arm-none-eabi/10.3.1/../../../../arm-none-eabi/lib/thumb/v7e-m+dp/hard\libc_nano.a(lib_a-nano-reallocr.o)
 .ARM.attributes
                0x00000c2a       0x32 e:/gcc-arm-none-eabi-10.3-2021.10/bin/../lib/gcc/arm-none-eabi/10.3.1/../../../../arm-none-eabi/lib/thumb/v7e-m+dp/hard\libc_nano.a(lib_a-readr.o)
 .ARM.attributes
                0x00000c5c       0x32 e:/gcc-arm-none-eabi-10.3-2021.10/bin/../lib/gcc/arm-none-eabi/10.3.1/../../../../arm-none-eabi/lib/thumb/v7e-m+dp/hard\libc_nano.a(lib_a-abort.o)
 .ARM.attributes
                0x00000c8e       0x32 e:/gcc-arm-none-eabi-10.3-2021.10/bin/../lib/gcc/arm-none-eabi/10.3.1/../../../../arm-none-eabi/lib/thumb/v7e-m+dp/hard\libc_nano.a(lib_a-nano-msizer.o)
 .ARM.attributes
                0x00000cc0       0x32 e:/gcc-arm-none-eabi-10.3-2021.10/bin/../lib/gcc/arm-none-eabi/10.3.1/../../../../arm-none-eabi/lib/thumb/v7e-m+dp/hard\libc_nano.a(lib_a-signal.o)
 .ARM.attributes
                0x00000cf2       0x32 e:/gcc-arm-none-eabi-10.3-2021.10/bin/../lib/gcc/arm-none-eabi/10.3.1/../../../../arm-none-eabi/lib/thumb/v7e-m+dp/hard\libc_nano.a(lib_a-signalr.o)
 .ARM.attributes
                0x00000d24       0x32 e:/gcc-arm-none-eabi-10.3-2021.10/bin/../lib/gcc/arm-none-eabi/10.3.1/../../../../arm-none-eabi/lib/thumb/v7e-m+dp/hard\libm.a(lib_a-sf_pow.o)
 .ARM.attributes
                0x00000d56       0x32 e:/gcc-arm-none-eabi-10.3-2021.10/bin/../lib/gcc/arm-none-eabi/10.3.1/../../../../arm-none-eabi/lib/thumb/v7e-m+dp/hard\libm.a(lib_a-sf_pow_log2_data.o)
 .ARM.attributes
                0x00000d88       0x32 e:/gcc-arm-none-eabi-10.3-2021.10/bin/../lib/gcc/arm-none-eabi/10.3.1/../../../../arm-none-eabi/lib/thumb/v7e-m+dp/hard\libm.a(lib_a-wf_atan2.o)
 .ARM.attributes
                0x00000dba       0x32 e:/gcc-arm-none-eabi-10.3-2021.10/bin/../lib/gcc/arm-none-eabi/10.3.1/../../../../arm-none-eabi/lib/thumb/v7e-m+dp/hard\libm.a(lib_a-wf_sqrt.o)
 .ARM.attributes
                0x00000dec       0x32 e:/gcc-arm-none-eabi-10.3-2021.10/bin/../lib/gcc/arm-none-eabi/10.3.1/../../../../arm-none-eabi/lib/thumb/v7e-m+dp/hard\libm.a(lib_a-ef_atan2.o)
 .ARM.attributes
                0x00000e1e       0x32 e:/gcc-arm-none-eabi-10.3-2021.10/bin/../lib/gcc/arm-none-eabi/10.3.1/../../../../arm-none-eabi/lib/thumb/v7e-m+dp/hard\libm.a(lib_a-ef_sqrt.o)
 .ARM.attributes
                0x00000e50       0x32 e:/gcc-arm-none-eabi-10.3-2021.10/bin/../lib/gcc/arm-none-eabi/10.3.1/../../../../arm-none-eabi/lib/thumb/v7e-m+dp/hard\libm.a(lib_a-math_errf.o)
 .ARM.attributes
                0x00000e82       0x32 e:/gcc-arm-none-eabi-10.3-2021.10/bin/../lib/gcc/arm-none-eabi/10.3.1/../../../../arm-none-eabi/lib/thumb/v7e-m+dp/hard\libm.a(lib_a-sf_atan.o)
 .ARM.attributes
                0x00000eb4       0x32 e:/gcc-arm-none-eabi-10.3-2021.10/bin/../lib/gcc/arm-none-eabi/10.3.1/../../../../arm-none-eabi/lib/thumb/v7e-m+dp/hard\libm.a(lib_a-sf_exp2_data.o)
 .ARM.attributes
                0x00000ee6       0x32 e:/gcc-arm-none-eabi-10.3-2021.10/bin/../lib/gcc/arm-none-eabi/10.3.1/../../../../arm-none-eabi/lib/thumb/v7e-m+dp/hard\libm.a(lib_a-sf_fabs.o)
 .ARM.attributes
                0x00000f18       0x1e e:/gcc-arm-none-eabi-10.3-2021.10/bin/../lib/gcc/arm-none-eabi/10.3.1/thumb/v7e-m+dp/hard\libgcc.a(_arm_addsubdf3.o)
 .ARM.attributes
                0x00000f36       0x32 e:/gcc-arm-none-eabi-10.3-2021.10/bin/../lib/gcc/arm-none-eabi/10.3.1/thumb/v7e-m+dp/hard\libgcc.a(_fixdfdi.o)
 .ARM.attributes
                0x00000f68       0x32 e:/gcc-arm-none-eabi-10.3-2021.10/bin/../lib/gcc/arm-none-eabi/10.3.1/thumb/v7e-m+dp/hard\libgcc.a(_fixunsdfdi.o)
 .ARM.attributes
                0x00000f9a       0x1e e:/gcc-arm-none-eabi-10.3-2021.10/bin/../lib/gcc/arm-none-eabi/10.3.1/thumb/v7e-m+dp/hard/crtn.o
OUTPUT(build/main.elf elf32-littlearm)
LOAD linker stubs
LOAD e:/gcc-arm-none-eabi-10.3-2021.10/bin/../lib/gcc/arm-none-eabi/10.3.1/../../../../arm-none-eabi/lib/thumb/v7e-m+dp/hard\libc.a
LOAD e:/gcc-arm-none-eabi-10.3-2021.10/bin/../lib/gcc/arm-none-eabi/10.3.1/../../../../arm-none-eabi/lib/thumb/v7e-m+dp/hard\libm.a
LOAD e:/gcc-arm-none-eabi-10.3-2021.10/bin/../lib/gcc/arm-none-eabi/10.3.1/thumb/v7e-m+dp/hard\libgcc.a

.debug_info     0x00000000     0x219c
 .debug_info    0x00000000      0x4de build/stm32f767zi_usart.o
 .debug_info    0x000004de      0x396 build/stm32f767zi_timer.o
 .debug_info    0x00000874      0x573 build/stm32f767zi_i2c.o
 .debug_info    0x00000de7      0x25e build/main.o
 .debug_info    0x00001045      0x134 build/stm32f767zi_systick.o
 .debug_info    0x00001179      0x84a build/syscalls.o
 .debug_info    0x000019c3      0x7b7 build/mpu6050.o
 .debug_info    0x0000217a       0x22 build/startup_stm32f767xx.o

.debug_abbrev   0x00000000      0x8eb
 .debug_abbrev  0x00000000      0x170 build/stm32f767zi_usart.o
 .debug_abbrev  0x00000170       0xe4 build/stm32f767zi_timer.o
 .debug_abbrev  0x00000254      0x157 build/stm32f767zi_i2c.o
 .debug_abbrev  0x000003ab      0x10d build/main.o
 .debug_abbrev  0x000004b8       0xd2 build/stm32f767zi_systick.o
 .debug_abbrev  0x0000058a      0x1b5 build/syscalls.o
 .debug_abbrev  0x0000073f      0x19a build/mpu6050.o
 .debug_abbrev  0x000008d9       0x12 build/startup_stm32f767xx.o

.debug_loc      0x00000000     0x1002
 .debug_loc     0x00000000      0x1e8 build/stm32f767zi_usart.o
 .debug_loc     0x000001e8       0xe4 build/stm32f767zi_timer.o
 .debug_loc     0x000002cc      0x1e0 build/stm32f767zi_i2c.o
 .debug_loc     0x000004ac       0x7e build/main.o
 .debug_loc     0x0000052a       0xa0 build/stm32f767zi_systick.o
 .debug_loc     0x000005ca      0x6c4 build/syscalls.o
 .debug_loc     0x00000c8e      0x374 build/mpu6050.o

.debug_aranges  0x00000000      0x268
 .debug_aranges
                0x00000000       0x50 build/stm32f767zi_usart.o
 .debug_aranges
                0x00000050       0x30 build/stm32f767zi_timer.o
 .debug_aranges
                0x00000080       0x48 build/stm32f767zi_i2c.o
 .debug_aranges
                0x000000c8       0x28 build/main.o
 .debug_aranges
                0x000000f0       0x28 build/stm32f767zi_systick.o
 .debug_aranges
                0x00000118       0xb8 build/syscalls.o
 .debug_aranges
                0x000001d0       0x70 build/mpu6050.o
 .debug_aranges
                0x00000240       0x28 build/startup_stm32f767xx.o

.debug_ranges   0x00000000      0x1f0
 .debug_ranges  0x00000000       0x40 build/stm32f767zi_usart.o
 .debug_ranges  0x00000040       0x20 build/stm32f767zi_timer.o
 .debug_ranges  0x00000060       0x38 build/stm32f767zi_i2c.o
 .debug_ranges  0x00000098       0x18 build/main.o
 .debug_ranges  0x000000b0       0x18 build/stm32f767zi_systick.o
 .debug_ranges  0x000000c8       0xa8 build/syscalls.o
 .debug_ranges  0x00000170       0x60 build/mpu6050.o
 .debug_ranges  0x000001d0       0x20 build/startup_stm32f767xx.o

.debug_line     0x00000000     0x169c
 .debug_line    0x00000000      0x20e build/stm32f767zi_usart.o
 .debug_line    0x0000020e      0x17c build/stm32f767zi_timer.o
 .debug_line    0x0000038a      0x2cd build/stm32f767zi_i2c.o
 .debug_line    0x00000657      0x18f build/main.o
 .debug_line    0x000007e6      0x173 build/stm32f767zi_systick.o
 .debug_line    0x00000959      0x3ae build/syscalls.o
 .debug_line    0x00000d07      0x91f build/mpu6050.o
 .debug_line    0x00001626       0x76 build/startup_stm32f767xx.o

.debug_str      0x00000000      0x8c2
 .debug_str     0x00000000      0x29b build/stm32f767zi_usart.o
                                0x2e0 (size before relaxing)
 .debug_str     0x0000029b       0x78 build/stm32f767zi_timer.o
                                0x27d (size before relaxing)
 .debug_str     0x00000313       0xcd build/stm32f767zi_i2c.o
                                0x317 (size before relaxing)
 .debug_str     0x000003e0       0x7b build/main.o
                                0x1db (size before relaxing)
 .debug_str     0x0000045b       0x5a build/stm32f767zi_systick.o
                                0x1b1 (size before relaxing)
 .debug_str     0x000004b5      0x266 build/syscalls.o
                                0x43d (size before relaxing)
 .debug_str     0x0000071b      0x183 build/mpu6050.o
                                0x3dd (size before relaxing)
 .debug_str     0x0000089e       0x24 build/startup_stm32f767xx.o
                                 0x41 (size before relaxing)

.comment        0x00000000       0x49
 .comment       0x00000000       0x49 build/stm32f767zi_usart.o
                                 0x4a (size before relaxing)
 .comment       0x00000049       0x4a build/stm32f767zi_timer.o
 .comment       0x00000049       0x4a build/stm32f767zi_i2c.o
 .comment       0x00000049       0x4a build/main.o
 .comment       0x00000049       0x4a build/stm32f767zi_systick.o
 .comment       0x00000049       0x4a build/syscalls.o
 .comment       0x00000049       0x4a build/mpu6050.o

.debug_frame    0x00000000     0x1f0c
 .debug_frame   0x00000000       0xfc build/stm32f767zi_usart.o
 .debug_frame   0x000000fc       0x78 build/stm32f767zi_timer.o
 .debug_frame   0x00000174       0xec build/stm32f767zi_i2c.o
 .debug_frame   0x00000260       0x50 build/main.o
 .debug_frame   0x000002b0       0x58 build/stm32f767zi_systick.o
 .debug_frame   0x00000308      0x314 build/syscalls.o
 .debug_frame   0x0000061c      0x1c0 build/mpu6050.o
 .debug_frame   0x000007dc       0x2c e:/gcc-arm-none-eabi-10.3-2021.10/bin/../lib/gcc/arm-none-eabi/10.3.1/../../../../arm-none-eabi/lib/thumb/v7e-m+dp/hard\libc_nano.a(lib_a-init.o)
 .debug_frame   0x00000808       0x20 e:/gcc-arm-none-eabi-10.3-2021.10/bin/../lib/gcc/arm-none-eabi/10.3.1/../../../../arm-none-eabi/lib/thumb/v7e-m+dp/hard\libc_nano.a(lib_a-memset.o)
 .debug_frame   0x00000828       0x9c e:/gcc-arm-none-eabi-10.3-2021.10/bin/../lib/gcc/arm-none-eabi/10.3.1/../../../../arm-none-eabi/lib/thumb/v7e-m+dp/hard\libc_nano.a(lib_a-nano-vfprintf_float.o)
 .debug_frame   0x000008c4       0x60 e:/gcc-arm-none-eabi-10.3-2021.10/bin/../lib/gcc/arm-none-eabi/10.3.1/../../../../arm-none-eabi/lib/thumb/v7e-m+dp/hard\libc_nano.a(lib_a-nano-vfprintf_i.o)
 .debug_frame   0x00000924       0x40 e:/gcc-arm-none-eabi-10.3-2021.10/bin/../lib/gcc/arm-none-eabi/10.3.1/../../../../arm-none-eabi/lib/thumb/v7e-m+dp/hard\libc_nano.a(lib_a-nano-vfscanf_float.o)
 .debug_frame   0x00000964       0x74 e:/gcc-arm-none-eabi-10.3-2021.10/bin/../lib/gcc/arm-none-eabi/10.3.1/../../../../arm-none-eabi/lib/thumb/v7e-m+dp/hard\libc_nano.a(lib_a-printf.o)
 .debug_frame   0x000009d8       0x3c e:/gcc-arm-none-eabi-10.3-2021.10/bin/../lib/gcc/arm-none-eabi/10.3.1/../../../../arm-none-eabi/lib/thumb/v7e-m+dp/hard\libc_nano.a(lib_a-puts.o)
 .debug_frame   0x00000a14       0x5c e:/gcc-arm-none-eabi-10.3-2021.10/bin/../lib/gcc/arm-none-eabi/10.3.1/../../../../arm-none-eabi/lib/thumb/v7e-m+dp/hard\libc_nano.a(lib_a-reent.o)
 .debug_frame   0x00000a70       0x20 e:/gcc-arm-none-eabi-10.3-2021.10/bin/../lib/gcc/arm-none-eabi/10.3.1/../../../../arm-none-eabi/lib/thumb/v7e-m+dp/hard\libc_nano.a(lib_a-sf_nan.o)
 .debug_frame   0x00000a90       0x6c e:/gcc-arm-none-eabi-10.3-2021.10/bin/../lib/gcc/arm-none-eabi/10.3.1/../../../../arm-none-eabi/lib/thumb/v7e-m+dp/hard\libc_nano.a(lib_a-sprintf.o)
 .debug_frame   0x00000afc      0x118 e:/gcc-arm-none-eabi-10.3-2021.10/bin/../lib/gcc/arm-none-eabi/10.3.1/../../../../arm-none-eabi/lib/thumb/v7e-m+dp/hard\libc_nano.a(lib_a-strtod.o)
 .debug_frame   0x00000c14       0x64 e:/gcc-arm-none-eabi-10.3-2021.10/bin/../lib/gcc/arm-none-eabi/10.3.1/../../../../arm-none-eabi/lib/thumb/v7e-m+dp/hard\libc_nano.a(lib_a-strtol.o)
 .debug_frame   0x00000c78       0x40 e:/gcc-arm-none-eabi-10.3-2021.10/bin/../lib/gcc/arm-none-eabi/10.3.1/../../../../arm-none-eabi/lib/thumb/v7e-m+dp/hard\libc_nano.a(lib_a-wbuf.o)
 .debug_frame   0x00000cb8       0x2c e:/gcc-arm-none-eabi-10.3-2021.10/bin/../lib/gcc/arm-none-eabi/10.3.1/../../../../arm-none-eabi/lib/thumb/v7e-m+dp/hard\libc_nano.a(lib_a-wsetup.o)
 .debug_frame   0x00000ce4       0x7c e:/gcc-arm-none-eabi-10.3-2021.10/bin/../lib/gcc/arm-none-eabi/10.3.1/../../../../arm-none-eabi/lib/thumb/v7e-m+dp/hard\libc_nano.a(lib_a-dtoa.o)
 .debug_frame   0x00000d60       0x20 e:/gcc-arm-none-eabi-10.3-2021.10/bin/../lib/gcc/arm-none-eabi/10.3.1/../../../../arm-none-eabi/lib/thumb/v7e-m+dp/hard\libc_nano.a(lib_a-errno.o)
 .debug_frame   0x00000d80       0x5c e:/gcc-arm-none-eabi-10.3-2021.10/bin/../lib/gcc/arm-none-eabi/10.3.1/../../../../arm-none-eabi/lib/thumb/v7e-m+dp/hard\libc_nano.a(lib_a-fflush.o)
 .debug_frame   0x00000ddc      0x14c e:/gcc-arm-none-eabi-10.3-2021.10/bin/../lib/gcc/arm-none-eabi/10.3.1/../../../../arm-none-eabi/lib/thumb/v7e-m+dp/hard\libc_nano.a(lib_a-findfp.o)
 .debug_frame   0x00000f28       0x54 e:/gcc-arm-none-eabi-10.3-2021.10/bin/../lib/gcc/arm-none-eabi/10.3.1/../../../../arm-none-eabi/lib/thumb/v7e-m+dp/hard\libc_nano.a(lib_a-fwalk.o)
 .debug_frame   0x00000f7c       0x84 e:/gcc-arm-none-eabi-10.3-2021.10/bin/../lib/gcc/arm-none-eabi/10.3.1/../../../../arm-none-eabi/lib/thumb/v7e-m+dp/hard\libc_nano.a(lib_a-gdtoa-gethex.o)
 .debug_frame   0x00001000       0x74 e:/gcc-arm-none-eabi-10.3-2021.10/bin/../lib/gcc/arm-none-eabi/10.3.1/../../../../arm-none-eabi/lib/thumb/v7e-m+dp/hard\libc_nano.a(lib_a-gdtoa-hexnan.o)
 .debug_frame   0x00001074       0x20 e:/gcc-arm-none-eabi-10.3-2021.10/bin/../lib/gcc/arm-none-eabi/10.3.1/../../../../arm-none-eabi/lib/thumb/v7e-m+dp/hard\libc_nano.a(lib_a-lnumeric.o)
 .debug_frame   0x00001094       0x48 e:/gcc-arm-none-eabi-10.3-2021.10/bin/../lib/gcc/arm-none-eabi/10.3.1/../../../../arm-none-eabi/lib/thumb/v7e-m+dp/hard\libc_nano.a(lib_a-locale.o)
 .debug_frame   0x000010dc       0x40 e:/gcc-arm-none-eabi-10.3-2021.10/bin/../lib/gcc/arm-none-eabi/10.3.1/../../../../arm-none-eabi/lib/thumb/v7e-m+dp/hard\libc_nano.a(lib_a-localeconv.o)
 .debug_frame   0x0000111c       0xb0 e:/gcc-arm-none-eabi-10.3-2021.10/bin/../lib/gcc/arm-none-eabi/10.3.1/../../../../arm-none-eabi/lib/thumb/v7e-m+dp/hard\libc_nano.a(lib_a-lock.o)
 .debug_frame   0x000011cc       0x58 e:/gcc-arm-none-eabi-10.3-2021.10/bin/../lib/gcc/arm-none-eabi/10.3.1/../../../../arm-none-eabi/lib/thumb/v7e-m+dp/hard\libc_nano.a(lib_a-makebuf.o)
 .debug_frame   0x00001224       0x30 e:/gcc-arm-none-eabi-10.3-2021.10/bin/../lib/gcc/arm-none-eabi/10.3.1/../../../../arm-none-eabi/lib/thumb/v7e-m+dp/hard\libc_nano.a(lib_a-malloc.o)
 .debug_frame   0x00001254       0x48 e:/gcc-arm-none-eabi-10.3-2021.10/bin/../lib/gcc/arm-none-eabi/10.3.1/../../../../arm-none-eabi/lib/thumb/v7e-m+dp/hard\libc_nano.a(lib_a-mbtowc_r.o)
 .debug_frame   0x0000129c       0x28 e:/gcc-arm-none-eabi-10.3-2021.10/bin/../lib/gcc/arm-none-eabi/10.3.1/../../../../arm-none-eabi/lib/thumb/v7e-m+dp/hard\libc_nano.a(lib_a-memcpy-stub.o)
 .debug_frame   0x000012c4      0x250 e:/gcc-arm-none-eabi-10.3-2021.10/bin/../lib/gcc/arm-none-eabi/10.3.1/../../../../arm-none-eabi/lib/thumb/v7e-m+dp/hard\libc_nano.a(lib_a-mprec.o)
 .debug_frame   0x00001514       0x30 e:/gcc-arm-none-eabi-10.3-2021.10/bin/../lib/gcc/arm-none-eabi/10.3.1/../../../../arm-none-eabi/lib/thumb/v7e-m+dp/hard\libc_nano.a(lib_a-nano-callocr.o)
 .debug_frame   0x00001544       0x38 e:/gcc-arm-none-eabi-10.3-2021.10/bin/../lib/gcc/arm-none-eabi/10.3.1/../../../../arm-none-eabi/lib/thumb/v7e-m+dp/hard\libc_nano.a(lib_a-nano-freer.o)
 .debug_frame   0x0000157c       0x4c e:/gcc-arm-none-eabi-10.3-2021.10/bin/../lib/gcc/arm-none-eabi/10.3.1/../../../../arm-none-eabi/lib/thumb/v7e-m+dp/hard\libc_nano.a(lib_a-nano-mallocr.o)
 .debug_frame   0x000015c8       0x90 e:/gcc-arm-none-eabi-10.3-2021.10/bin/../lib/gcc/arm-none-eabi/10.3.1/../../../../arm-none-eabi/lib/thumb/v7e-m+dp/hard\libc_nano.a(lib_a-nano-svfprintf.o)
 .debug_frame   0x00001658       0xac e:/gcc-arm-none-eabi-10.3-2021.10/bin/../lib/gcc/arm-none-eabi/10.3.1/../../../../arm-none-eabi/lib/thumb/v7e-m+dp/hard\libc_nano.a(lib_a-nano-vfprintf.o)
 .debug_frame   0x00001704       0x20 e:/gcc-arm-none-eabi-10.3-2021.10/bin/../lib/gcc/arm-none-eabi/10.3.1/../../../../arm-none-eabi/lib/thumb/v7e-m+dp/hard\libc_nano.a(lib_a-s_nan.o)
 .debug_frame   0x00001724       0x2c e:/gcc-arm-none-eabi-10.3-2021.10/bin/../lib/gcc/arm-none-eabi/10.3.1/../../../../arm-none-eabi/lib/thumb/v7e-m+dp/hard\libc_nano.a(lib_a-sbrkr.o)
 .debug_frame   0x00001750       0x88 e:/gcc-arm-none-eabi-10.3-2021.10/bin/../lib/gcc/arm-none-eabi/10.3.1/../../../../arm-none-eabi/lib/thumb/v7e-m+dp/hard\libc_nano.a(lib_a-stdio.o)
 .debug_frame   0x000017d8       0x28 e:/gcc-arm-none-eabi-10.3-2021.10/bin/../lib/gcc/arm-none-eabi/10.3.1/../../../../arm-none-eabi/lib/thumb/v7e-m+dp/hard\libc_nano.a(lib_a-strncmp.o)
 .debug_frame   0x00001800       0x3c e:/gcc-arm-none-eabi-10.3-2021.10/bin/../lib/gcc/arm-none-eabi/10.3.1/../../../../arm-none-eabi/lib/thumb/v7e-m+dp/hard\libc_nano.a(lib_a-wctomb_r.o)
 .debug_frame   0x0000183c       0x2c e:/gcc-arm-none-eabi-10.3-2021.10/bin/../lib/gcc/arm-none-eabi/10.3.1/../../../../arm-none-eabi/lib/thumb/v7e-m+dp/hard\libc_nano.a(lib_a-writer.o)
 .debug_frame   0x00001868       0x40 e:/gcc-arm-none-eabi-10.3-2021.10/bin/../lib/gcc/arm-none-eabi/10.3.1/../../../../arm-none-eabi/lib/thumb/v7e-m+dp/hard\libc_nano.a(lib_a-assert.o)
 .debug_frame   0x000018a8       0x2c e:/gcc-arm-none-eabi-10.3-2021.10/bin/../lib/gcc/arm-none-eabi/10.3.1/../../../../arm-none-eabi/lib/thumb/v7e-m+dp/hard\libc_nano.a(lib_a-closer.o)
 .debug_frame   0x000018d4       0x64 e:/gcc-arm-none-eabi-10.3-2021.10/bin/../lib/gcc/arm-none-eabi/10.3.1/../../../../arm-none-eabi/lib/thumb/v7e-m+dp/hard\libc_nano.a(lib_a-fprintf.o)
 .debug_frame   0x00001938       0x2c e:/gcc-arm-none-eabi-10.3-2021.10/bin/../lib/gcc/arm-none-eabi/10.3.1/../../../../arm-none-eabi/lib/thumb/v7e-m+dp/hard\libc_nano.a(lib_a-fstatr.o)
 .debug_frame   0x00001964       0x2c e:/gcc-arm-none-eabi-10.3-2021.10/bin/../lib/gcc/arm-none-eabi/10.3.1/../../../../arm-none-eabi/lib/thumb/v7e-m+dp/hard\libc_nano.a(lib_a-isattyr.o)
 .debug_frame   0x00001990       0x2c e:/gcc-arm-none-eabi-10.3-2021.10/bin/../lib/gcc/arm-none-eabi/10.3.1/../../../../arm-none-eabi/lib/thumb/v7e-m+dp/hard\libc_nano.a(lib_a-lseekr.o)
 .debug_frame   0x000019bc       0x28 e:/gcc-arm-none-eabi-10.3-2021.10/bin/../lib/gcc/arm-none-eabi/10.3.1/../../../../arm-none-eabi/lib/thumb/v7e-m+dp/hard\libc_nano.a(lib_a-memmove.o)
 .debug_frame   0x000019e4       0x30 e:/gcc-arm-none-eabi-10.3-2021.10/bin/../lib/gcc/arm-none-eabi/10.3.1/../../../../arm-none-eabi/lib/thumb/v7e-m+dp/hard\libc_nano.a(lib_a-mlock.o)
 .debug_frame   0x00001a14       0x3c e:/gcc-arm-none-eabi-10.3-2021.10/bin/../lib/gcc/arm-none-eabi/10.3.1/../../../../arm-none-eabi/lib/thumb/v7e-m+dp/hard\libc_nano.a(lib_a-nano-reallocr.o)
 .debug_frame   0x00001a50       0x2c e:/gcc-arm-none-eabi-10.3-2021.10/bin/../lib/gcc/arm-none-eabi/10.3.1/../../../../arm-none-eabi/lib/thumb/v7e-m+dp/hard\libc_nano.a(lib_a-readr.o)
 .debug_frame   0x00001a7c       0x28 e:/gcc-arm-none-eabi-10.3-2021.10/bin/../lib/gcc/arm-none-eabi/10.3.1/../../../../arm-none-eabi/lib/thumb/v7e-m+dp/hard\libc_nano.a(lib_a-abort.o)
 .debug_frame   0x00001aa4       0x20 e:/gcc-arm-none-eabi-10.3-2021.10/bin/../lib/gcc/arm-none-eabi/10.3.1/../../../../arm-none-eabi/lib/thumb/v7e-m+dp/hard\libc_nano.a(lib_a-nano-msizer.o)
 .debug_frame   0x00001ac4       0xcc e:/gcc-arm-none-eabi-10.3-2021.10/bin/../lib/gcc/arm-none-eabi/10.3.1/../../../../arm-none-eabi/lib/thumb/v7e-m+dp/hard\libc_nano.a(lib_a-signal.o)
 .debug_frame   0x00001b90       0x3c e:/gcc-arm-none-eabi-10.3-2021.10/bin/../lib/gcc/arm-none-eabi/10.3.1/../../../../arm-none-eabi/lib/thumb/v7e-m+dp/hard\libc_nano.a(lib_a-signalr.o)
 .debug_frame   0x00001bcc       0xa0 e:/gcc-arm-none-eabi-10.3-2021.10/bin/../lib/gcc/arm-none-eabi/10.3.1/../../../../arm-none-eabi/lib/thumb/v7e-m+dp/hard\libm.a(lib_a-sf_pow.o)
 .debug_frame   0x00001c6c       0x20 e:/gcc-arm-none-eabi-10.3-2021.10/bin/../lib/gcc/arm-none-eabi/10.3.1/../../../../arm-none-eabi/lib/thumb/v7e-m+dp/hard\libm.a(lib_a-wf_atan2.o)
 .debug_frame   0x00001c8c       0x44 e:/gcc-arm-none-eabi-10.3-2021.10/bin/../lib/gcc/arm-none-eabi/10.3.1/../../../../arm-none-eabi/lib/thumb/v7e-m+dp/hard\libm.a(lib_a-wf_sqrt.o)
 .debug_frame   0x00001cd0       0x44 e:/gcc-arm-none-eabi-10.3-2021.10/bin/../lib/gcc/arm-none-eabi/10.3.1/../../../../arm-none-eabi/lib/thumb/v7e-m+dp/hard\libm.a(lib_a-ef_atan2.o)
 .debug_frame   0x00001d14       0x20 e:/gcc-arm-none-eabi-10.3-2021.10/bin/../lib/gcc/arm-none-eabi/10.3.1/../../../../arm-none-eabi/lib/thumb/v7e-m+dp/hard\libm.a(lib_a-ef_sqrt.o)
 .debug_frame   0x00001d34       0x90 e:/gcc-arm-none-eabi-10.3-2021.10/bin/../lib/gcc/arm-none-eabi/10.3.1/../../../../arm-none-eabi/lib/thumb/v7e-m+dp/hard\libm.a(lib_a-math_errf.o)
 .debug_frame   0x00001dc4       0x2c e:/gcc-arm-none-eabi-10.3-2021.10/bin/../lib/gcc/arm-none-eabi/10.3.1/../../../../arm-none-eabi/lib/thumb/v7e-m+dp/hard\libm.a(lib_a-sf_atan.o)
 .debug_frame   0x00001df0       0x20 e:/gcc-arm-none-eabi-10.3-2021.10/bin/../lib/gcc/arm-none-eabi/10.3.1/../../../../arm-none-eabi/lib/thumb/v7e-m+dp/hard\libm.a(lib_a-sf_fabs.o)