Archive member included to satisfy reference by file (symbol)

e:/gcc-arm-none-eabi-10.3-2021.10/bin/../lib/gcc/arm-none-eabi/10.3.1/../../../../arm-none-eabi/lib/thumb/v7e-m+dp/hard\libc_nano.a(lib_a-exit.o)
                              e:/gcc-arm-none-eabi-10.3-2021.10/bin/../lib/gcc/arm-none-eabi/10.3.1/../../../../arm-none-eabi/lib/thumb/v7e-m+dp/hard/crt0.o (exit)
e:/gcc-arm-none-eabi-10.3-2021.10/bin/../lib/gcc/arm-none-eabi/10.3.1/../../../../arm-none-eabi/lib/thumb/v7e-m+dp/hard\libc_nano.a(lib_a-impure.o)
                              e:/gcc-arm-none-eabi-10.3-2021.10/bin/../lib/gcc/arm-none-eabi/10.3.1/../../../../arm-none-eabi/lib/thumb/v7e-m+dp/hard\libc_nano.a(lib_a-exit.o) (_global_impure_ptr)
e:/gcc-arm-none-eabi-10.3-2021.10/bin/../lib/gcc/arm-none-eabi/10.3.1/../../../../arm-none-eabi/lib/thumb/v7e-m+dp/hard\libc_nano.a(lib_a-init.o)
                              e:/gcc-arm-none-eabi-10.3-2021.10/bin/../lib/gcc/arm-none-eabi/10.3.1/../../../../arm-none-eabi/lib/thumb/v7e-m+dp/hard/crt0.o (__libc_init_array)
e:/gcc-arm-none-eabi-10.3-2021.10/bin/../lib/gcc/arm-none-eabi/10.3.1/../../../../arm-none-eabi/lib/thumb/v7e-m+dp/hard\libc_nano.a(lib_a-memset.o)
                              e:/gcc-arm-none-eabi-10.3-2021.10/bin/../lib/gcc/arm-none-eabi/10.3.1/../../../../arm-none-eabi/lib/thumb/v7e-m+dp/hard/crt0.o (memset)
e:/gcc-arm-none-eabi-10.3-2021.10/bin/../lib/gcc/arm-none-eabi/10.3.1/../../../../arm-none-eabi/lib/thumb/v7e-m+dp/hard\libc_nano.a(lib_a-reent.o)
                              Build/syscalls.o (errno)
e:/gcc-arm-none-eabi-10.3-2021.10/bin/../lib/gcc/arm-none-eabi/10.3.1/../../../../arm-none-eabi/lib/thumb/v7e-m+dp/hard\libc_nano.a(lib_a-nano-freer.o)
                              e:/gcc-arm-none-eabi-10.3-2021.10/bin/../lib/gcc/arm-none-eabi/10.3.1/../../../../arm-none-eabi/lib/thumb/v7e-m+dp/hard\libc_nano.a(lib_a-reent.o) (_free_r)
e:/gcc-arm-none-eabi-10.3-2021.10/bin/../lib/gcc/arm-none-eabi/10.3.1/../../../../arm-none-eabi/lib/thumb/v7e-m+dp/hard\libc_nano.a(lib_a-nano-mallocr.o)
                              e:/gcc-arm-none-eabi-10.3-2021.10/bin/../lib/gcc/arm-none-eabi/10.3.1/../../../../arm-none-eabi/lib/thumb/v7e-m+dp/hard\libc_nano.a(lib_a-nano-freer.o) (__malloc_free_list)
e:/gcc-arm-none-eabi-10.3-2021.10/bin/../lib/gcc/arm-none-eabi/10.3.1/../../../../arm-none-eabi/lib/thumb/v7e-m+dp/hard\libc_nano.a(lib_a-sbrkr.o)
                              e:/gcc-arm-none-eabi-10.3-2021.10/bin/../lib/gcc/arm-none-eabi/10.3.1/../../../../arm-none-eabi/lib/thumb/v7e-m+dp/hard\libc_nano.a(lib_a-nano-mallocr.o) (_sbrk_r)
e:/gcc-arm-none-eabi-10.3-2021.10/bin/../lib/gcc/arm-none-eabi/10.3.1/../../../../arm-none-eabi/lib/thumb/v7e-m+dp/hard\libc_nano.a(lib_a-mlock.o)
                              e:/gcc-arm-none-eabi-10.3-2021.10/bin/../lib/gcc/arm-none-eabi/10.3.1/../../../../arm-none-eabi/lib/thumb/v7e-m+dp/hard\libc_nano.a(lib_a-nano-freer.o) (__malloc_lock)
e:/gcc-arm-none-eabi-10.3-2021.10/bin/../lib/gcc/arm-none-eabi/10.3.1/../../../../arm-none-eabi/lib/thumb/v7e-m+dp/hard\libc_nano.a(lib_a-lock.o)
                              e:/gcc-arm-none-eabi-10.3-2021.10/bin/../lib/gcc/arm-none-eabi/10.3.1/../../../../arm-none-eabi/lib/thumb/v7e-m+dp/hard\libc_nano.a(lib_a-mlock.o) (__retarget_lock_acquire_recursive)

Discarded input sections

 .text          0x00000000        0x0 e:/gcc-arm-none-eabi-10.3-2021.10/bin/../lib/gcc/arm-none-eabi/10.3.1/thumb/v7e-m+dp/hard/crti.o
 .data          0x00000000        0x0 e:/gcc-arm-none-eabi-10.3-2021.10/bin/../lib/gcc/arm-none-eabi/10.3.1/thumb/v7e-m+dp/hard/crti.o
 .bss           0x00000000        0x0 e:/gcc-arm-none-eabi-10.3-2021.10/bin/../lib/gcc/arm-none-eabi/10.3.1/thumb/v7e-m+dp/hard/crti.o
 .data          0x00000000        0x4 e:/gcc-arm-none-eabi-10.3-2021.10/bin/../lib/gcc/arm-none-eabi/10.3.1/thumb/v7e-m+dp/hard/crtbegin.o
 .rodata        0x00000000       0x24 e:/gcc-arm-none-eabi-10.3-2021.10/bin/../lib/gcc/arm-none-eabi/10.3.1/thumb/v7e-m+dp/hard/crtbegin.o
 .text          0x00000000       0x7c e:/gcc-arm-none-eabi-10.3-2021.10/bin/../lib/gcc/arm-none-eabi/10.3.1/../../../../arm-none-eabi/lib/thumb/v7e-m+dp/hard/crt0.o
 .data          0x00000000        0x0 e:/gcc-arm-none-eabi-10.3-2021.10/bin/../lib/gcc/arm-none-eabi/10.3.1/../../../../arm-none-eabi/lib/thumb/v7e-m+dp/hard/crt0.o
 .bss           0x00000000        0x0 e:/gcc-arm-none-eabi-10.3-2021.10/bin/../lib/gcc/arm-none-eabi/10.3.1/../../../../arm-none-eabi/lib/thumb/v7e-m+dp/hard/crt0.o
 .ARM.extab     0x00000000        0x0 e:/gcc-arm-none-eabi-10.3-2021.10/bin/../lib/gcc/arm-none-eabi/10.3.1/../../../../arm-none-eabi/lib/thumb/v7e-m+dp/hard/crt0.o
 .ARM.exidx     0x00000000       0x10 e:/gcc-arm-none-eabi-10.3-2021.10/bin/../lib/gcc/arm-none-eabi/10.3.1/../../../../arm-none-eabi/lib/thumb/v7e-m+dp/hard/crt0.o
 .ARM.attributes
                0x00000000       0x1c e:/gcc-arm-none-eabi-10.3-2021.10/bin/../lib/gcc/arm-none-eabi/10.3.1/../../../../arm-none-eabi/lib/thumb/v7e-m+dp/hard/crt0.o
 .text          0x00000000        0x0 Build/stm32f767zi_usart.o
 .data          0x00000000        0x0 Build/stm32f767zi_usart.o
 .bss           0x00000000        0x0 Build/stm32f767zi_usart.o
 .text.usart2_default_init
                0x00000000       0x74 Build/stm32f767zi_usart.o
 .text.usart3_default_init
                0x00000000       0x70 Build/stm32f767zi_usart.o
 .text.usart_write
                0x00000000       0x2c Build/stm32f767zi_usart.o
 .text.usart_read
                0x00000000       0x28 Build/stm32f767zi_usart.o
 .text.__io_putchar
                0x00000000       0x24 Build/stm32f767zi_usart.o
 .text.__io_getchar
                0x00000000       0x14 Build/stm32f767zi_usart.o
 .text          0x00000000        0x0 Build/stm32f767zi_timer.o
 .data          0x00000000        0x0 Build/stm32f767zi_timer.o
 .bss           0x00000000        0x0 Build/stm32f767zi_timer.o
 .text.tim1_1Hz_init
                0x00000000       0x40 Build/stm32f767zi_timer.o
 .text.tim1_1Hz_interrupt_init
                0x00000000       0x64 Build/stm32f767zi_timer.o
 .debug_info    0x00000000      0x353 Build/stm32f767zi_timer.o
 .debug_abbrev  0x00000000       0xb7 Build/stm32f767zi_timer.o
 .debug_loc     0x00000000       0x88 Build/stm32f767zi_timer.o
 .debug_aranges
                0x00000000       0x28 Build/stm32f767zi_timer.o
 .debug_ranges  0x00000000       0x18 Build/stm32f767zi_timer.o
 .debug_line    0x00000000      0x146 Build/stm32f767zi_timer.o
 .debug_str     0x00000000      0x256 Build/stm32f767zi_timer.o
 .comment       0x00000000       0x4a Build/stm32f767zi_timer.o
 .debug_frame   0x00000000       0x50 Build/stm32f767zi_timer.o
 .ARM.attributes
                0x00000000       0x32 Build/stm32f767zi_timer.o
 .text          0x00000000        0x0 Build/main.o
 .data          0x00000000        0x0 Build/main.o
 .bss           0x00000000        0x0 Build/main.o
 .text          0x00000000        0x0 Build/stm32f767zi_systick.o
 .data          0x00000000        0x0 Build/stm32f767zi_systick.o
 .bss           0x00000000        0x0 Build/stm32f767zi_systick.o
 .text.systick_delay_ms
                0x00000000       0x54 Build/stm32f767zi_systick.o
 .text.systick_1hz_interrupt
                0x00000000       0x34 Build/stm32f767zi_systick.o
 .debug_info    0x00000000      0x134 Build/stm32f767zi_systick.o
 .debug_abbrev  0x00000000       0xd2 Build/stm32f767zi_systick.o
 .debug_loc     0x00000000       0xa0 Build/stm32f767zi_systick.o
 .debug_aranges
                0x00000000       0x28 Build/stm32f767zi_systick.o
 .debug_ranges  0x00000000       0x18 Build/stm32f767zi_systick.o
 .debug_line    0x00000000      0x173 Build/stm32f767zi_systick.o
 .debug_str     0x00000000      0x1b7 Build/stm32f767zi_systick.o
 .comment       0x00000000       0x4a Build/stm32f767zi_systick.o
 .debug_frame   0x00000000       0x58 Build/stm32f767zi_systick.o
 .ARM.attributes
                0x00000000       0x32 Build/stm32f767zi_systick.o
 .text          0x00000000        0x0 Build/stm322f767zi_user.o
 .data          0x00000000        0x0 Build/stm322f767zi_user.o
 .bss           0x00000000        0x0 Build/stm322f767zi_user.o
 .text.button_init
                0x00000000       0x28 Build/stm322f767zi_user.o
 .text.led_toggle
                0x00000000       0x24 Build/stm322f767zi_user.o
 .text          0x00000000        0x0 Build/syscalls.o
 .data          0x00000000        0x0 Build/syscalls.o
 .bss           0x00000000        0x0 Build/syscalls.o
 .bss.heap_end.0
                0x00000000        0x4 Build/syscalls.o
 .text._sbrk    0x00000000       0x5c Build/syscalls.o
 .text._gettimeofday
                0x00000000       0x2a Build/syscalls.o
 .text.initialise_monitor_handles
                0x00000000        0xe Build/syscalls.o
 .text._getpid  0x00000000       0x10 Build/syscalls.o
 .text._kill    0x00000000       0x24 Build/syscalls.o
 .text._exit    0x00000000       0x14 Build/syscalls.o
 .text._write   0x00000000       0x38 Build/syscalls.o
 .text._close   0x00000000       0x18 Build/syscalls.o
 .text._fstat   0x00000000       0x20 Build/syscalls.o
 .text._isatty  0x00000000       0x16 Build/syscalls.o
 .text._lseek   0x00000000       0x1a Build/syscalls.o
 .text._read    0x00000000       0x5c Build/syscalls.o
 .text._open    0x00000000       0x1c Build/syscalls.o
 .text._wait    0x00000000       0x24 Build/syscalls.o
 .text._unlink  0x00000000       0x24 Build/syscalls.o
 .text._times   0x00000000       0x18 Build/syscalls.o
 .text._stat    0x00000000       0x20 Build/syscalls.o
 .text._link    0x00000000       0x24 Build/syscalls.o
 .text._fork    0x00000000       0x1c Build/syscalls.o
 .text._execve  0x00000000       0x28 Build/syscalls.o
 .debug_info    0x00000000      0x84a Build/syscalls.o
 .debug_abbrev  0x00000000      0x1b5 Build/syscalls.o
 .debug_loc     0x00000000      0x6c4 Build/syscalls.o
 .debug_aranges
                0x00000000       0xb8 Build/syscalls.o
 .debug_ranges  0x00000000       0xa8 Build/syscalls.o
 .debug_line    0x00000000      0x3ae Build/syscalls.o
 .debug_str     0x00000000      0x443 Build/syscalls.o
 .comment       0x00000000       0x4a Build/syscalls.o
 .debug_frame   0x00000000      0x314 Build/syscalls.o
 .ARM.attributes
                0x00000000       0x32 Build/syscalls.o
 .text          0x00000000        0x0 Build/stm32f767zi_gpio.o
 .data          0x00000000        0x0 Build/stm32f767zi_gpio.o
 .bss           0x00000000        0x0 Build/stm32f767zi_gpio.o
 .text          0x00000000        0x0 Build/stm32f767zi_adc.o
 .data          0x00000000        0x0 Build/stm32f767zi_adc.o
 .bss           0x00000000        0x0 Build/stm32f767zi_adc.o
 .text.pa4_adc1_init
                0x00000000       0x60 Build/stm32f767zi_adc.o
 .text.pa4_adc1_interrupt_init
                0x00000000       0x84 Build/stm32f767zi_adc.o
 .text.adc1_start_conversion
                0x00000000       0x20 Build/stm32f767zi_adc.o
 .text.adc1_get_data
                0x00000000       0x24 Build/stm32f767zi_adc.o
 .debug_info    0x00000000      0x469 Build/stm32f767zi_adc.o
 .debug_abbrev  0x00000000       0xd3 Build/stm32f767zi_adc.o
 .debug_loc     0x00000000      0x110 Build/stm32f767zi_adc.o
 .debug_aranges
                0x00000000       0x38 Build/stm32f767zi_adc.o
 .debug_ranges  0x00000000       0x28 Build/stm32f767zi_adc.o
 .debug_line    0x00000000      0x181 Build/stm32f767zi_adc.o
 .debug_str     0x00000000      0x2b9 Build/stm32f767zi_adc.o
 .comment       0x00000000       0x4a Build/stm32f767zi_adc.o
 .debug_frame   0x00000000       0x90 Build/stm32f767zi_adc.o
 .ARM.attributes
                0x00000000       0x32 Build/stm32f767zi_adc.o
 .text          0x00000000       0x14 Build/startup_stm32f767xx.o
 .data          0x00000000        0x0 Build/startup_stm32f767xx.o
 .bss           0x00000000        0x0 Build/startup_stm32f767xx.o
 .text          0x00000000        0x0 e:/gcc-arm-none-eabi-10.3-2021.10/bin/../lib/gcc/arm-none-eabi/10.3.1/../../../../arm-none-eabi/lib/thumb/v7e-m+dp/hard\libc_nano.a(lib_a-exit.o)
 .data          0x00000000        0x0 e:/gcc-arm-none-eabi-10.3-2021.10/bin/../lib/gcc/arm-none-eabi/10.3.1/../../../../arm-none-eabi/lib/thumb/v7e-m+dp/hard\libc_nano.a(lib_a-exit.o)
 .bss           0x00000000        0x0 e:/gcc-arm-none-eabi-10.3-2021.10/bin/../lib/gcc/arm-none-eabi/10.3.1/../../../../arm-none-eabi/lib/thumb/v7e-m+dp/hard\libc_nano.a(lib_a-exit.o)
 .text.exit     0x00000000       0x28 e:/gcc-arm-none-eabi-10.3-2021.10/bin/../lib/gcc/arm-none-eabi/10.3.1/../../../../arm-none-eabi/lib/thumb/v7e-m+dp/hard\libc_nano.a(lib_a-exit.o)
 .debug_frame   0x00000000       0x28 e:/gcc-arm-none-eabi-10.3-2021.10/bin/../lib/gcc/arm-none-eabi/10.3.1/../../../../arm-none-eabi/lib/thumb/v7e-m+dp/hard\libc_nano.a(lib_a-exit.o)
 .ARM.attributes
                0x00000000       0x32 e:/gcc-arm-none-eabi-10.3-2021.10/bin/../lib/gcc/arm-none-eabi/10.3.1/../../../../arm-none-eabi/lib/thumb/v7e-m+dp/hard\libc_nano.a(lib_a-exit.o)
 .text          0x00000000        0x0 e:/gcc-arm-none-eabi-10.3-2021.10/bin/../lib/gcc/arm-none-eabi/10.3.1/../../../../arm-none-eabi/lib/thumb/v7e-m+dp/hard\libc_nano.a(lib_a-impure.o)
 .data          0x00000000        0x0 e:/gcc-arm-none-eabi-10.3-2021.10/bin/../lib/gcc/arm-none-eabi/10.3.1/../../../../arm-none-eabi/lib/thumb/v7e-m+dp/hard\libc_nano.a(lib_a-impure.o)
 .bss           0x00000000        0x0 e:/gcc-arm-none-eabi-10.3-2021.10/bin/../lib/gcc/arm-none-eabi/10.3.1/../../../../arm-none-eabi/lib/thumb/v7e-m+dp/hard\libc_nano.a(lib_a-impure.o)
 .data._impure_ptr
                0x00000000        0x4 e:/gcc-arm-none-eabi-10.3-2021.10/bin/../lib/gcc/arm-none-eabi/10.3.1/../../../../arm-none-eabi/lib/thumb/v7e-m+dp/hard\libc_nano.a(lib_a-impure.o)
 .data.impure_data
                0x00000000       0x60 e:/gcc-arm-none-eabi-10.3-2021.10/bin/../lib/gcc/arm-none-eabi/10.3.1/../../../../arm-none-eabi/lib/thumb/v7e-m+dp/hard\libc_nano.a(lib_a-impure.o)
 .rodata._global_impure_ptr
                0x00000000        0x4 e:/gcc-arm-none-eabi-10.3-2021.10/bin/../lib/gcc/arm-none-eabi/10.3.1/../../../../arm-none-eabi/lib/thumb/v7e-m+dp/hard\libc_nano.a(lib_a-impure.o)
 .ARM.attributes
                0x00000000       0x32 e:/gcc-arm-none-eabi-10.3-2021.10/bin/../lib/gcc/arm-none-eabi/10.3.1/../../../../arm-none-eabi/lib/thumb/v7e-m+dp/hard\libc_nano.a(lib_a-impure.o)
 .text          0x00000000        0x0 e:/gcc-arm-none-eabi-10.3-2021.10/bin/../lib/gcc/arm-none-eabi/10.3.1/../../../../arm-none-eabi/lib/thumb/v7e-m+dp/hard\libc_nano.a(lib_a-init.o)
 .data          0x00000000        0x0 e:/gcc-arm-none-eabi-10.3-2021.10/bin/../lib/gcc/arm-none-eabi/10.3.1/../../../../arm-none-eabi/lib/thumb/v7e-m+dp/hard\libc_nano.a(lib_a-init.o)
 .bss           0x00000000        0x0 e:/gcc-arm-none-eabi-10.3-2021.10/bin/../lib/gcc/arm-none-eabi/10.3.1/../../../../arm-none-eabi/lib/thumb/v7e-m+dp/hard\libc_nano.a(lib_a-init.o)
 .text          0x00000000        0x0 e:/gcc-arm-none-eabi-10.3-2021.10/bin/../lib/gcc/arm-none-eabi/10.3.1/../../../../arm-none-eabi/lib/thumb/v7e-m+dp/hard\libc_nano.a(lib_a-memset.o)
 .data          0x00000000        0x0 e:/gcc-arm-none-eabi-10.3-2021.10/bin/../lib/gcc/arm-none-eabi/10.3.1/../../../../arm-none-eabi/lib/thumb/v7e-m+dp/hard\libc_nano.a(lib_a-memset.o)
 .bss           0x00000000        0x0 e:/gcc-arm-none-eabi-10.3-2021.10/bin/../lib/gcc/arm-none-eabi/10.3.1/../../../../arm-none-eabi/lib/thumb/v7e-m+dp/hard\libc_nano.a(lib_a-memset.o)
 .text.memset   0x00000000       0x10 e:/gcc-arm-none-eabi-10.3-2021.10/bin/../lib/gcc/arm-none-eabi/10.3.1/../../../../arm-none-eabi/lib/thumb/v7e-m+dp/hard\libc_nano.a(lib_a-memset.o)
 .debug_frame   0x00000000       0x20 e:/gcc-arm-none-eabi-10.3-2021.10/bin/../lib/gcc/arm-none-eabi/10.3.1/../../../../arm-none-eabi/lib/thumb/v7e-m+dp/hard\libc_nano.a(lib_a-memset.o)
 .ARM.attributes
                0x00000000       0x32 e:/gcc-arm-none-eabi-10.3-2021.10/bin/../lib/gcc/arm-none-eabi/10.3.1/../../../../arm-none-eabi/lib/thumb/v7e-m+dp/hard\libc_nano.a(lib_a-memset.o)
 .text          0x00000000        0x0 e:/gcc-arm-none-eabi-10.3-2021.10/bin/../lib/gcc/arm-none-eabi/10.3.1/../../../../arm-none-eabi/lib/thumb/v7e-m+dp/hard\libc_nano.a(lib_a-reent.o)
 .data          0x00000000        0x0 e:/gcc-arm-none-eabi-10.3-2021.10/bin/../lib/gcc/arm-none-eabi/10.3.1/../../../../arm-none-eabi/lib/thumb/v7e-m+dp/hard\libc_nano.a(lib_a-reent.o)
 .bss           0x00000000        0x0 e:/gcc-arm-none-eabi-10.3-2021.10/bin/../lib/gcc/arm-none-eabi/10.3.1/../../../../arm-none-eabi/lib/thumb/v7e-m+dp/hard\libc_nano.a(lib_a-reent.o)
 .text.cleanup_glue
                0x00000000       0x1a e:/gcc-arm-none-eabi-10.3-2021.10/bin/../lib/gcc/arm-none-eabi/10.3.1/../../../../arm-none-eabi/lib/thumb/v7e-m+dp/hard\libc_nano.a(lib_a-reent.o)
 .text._reclaim_reent
                0x00000000       0xb8 e:/gcc-arm-none-eabi-10.3-2021.10/bin/../lib/gcc/arm-none-eabi/10.3.1/../../../../arm-none-eabi/lib/thumb/v7e-m+dp/hard\libc_nano.a(lib_a-reent.o)
 .bss.errno     0x00000000        0x4 e:/gcc-arm-none-eabi-10.3-2021.10/bin/../lib/gcc/arm-none-eabi/10.3.1/../../../../arm-none-eabi/lib/thumb/v7e-m+dp/hard\libc_nano.a(lib_a-reent.o)
 .debug_frame   0x00000000       0x5c e:/gcc-arm-none-eabi-10.3-2021.10/bin/../lib/gcc/arm-none-eabi/10.3.1/../../../../arm-none-eabi/lib/thumb/v7e-m+dp/hard\libc_nano.a(lib_a-reent.o)
 .ARM.attributes
                0x00000000       0x32 e:/gcc-arm-none-eabi-10.3-2021.10/bin/../lib/gcc/arm-none-eabi/10.3.1/../../../../arm-none-eabi/lib/thumb/v7e-m+dp/hard\libc_nano.a(lib_a-reent.o)
 .text          0x00000000        0x0 e:/gcc-arm-none-eabi-10.3-2021.10/bin/../lib/gcc/arm-none-eabi/10.3.1/../../../../arm-none-eabi/lib/thumb/v7e-m+dp/hard\libc_nano.a(lib_a-nano-freer.o)
 .data          0x00000000        0x0 e:/gcc-arm-none-eabi-10.3-2021.10/bin/../lib/gcc/arm-none-eabi/10.3.1/../../../../arm-none-eabi/lib/thumb/v7e-m+dp/hard\libc_nano.a(lib_a-nano-freer.o)
 .bss           0x00000000        0x0 e:/gcc-arm-none-eabi-10.3-2021.10/bin/../lib/gcc/arm-none-eabi/10.3.1/../../../../arm-none-eabi/lib/thumb/v7e-m+dp/hard\libc_nano.a(lib_a-nano-freer.o)
 .text._free_r  0x00000000       0x98 e:/gcc-arm-none-eabi-10.3-2021.10/bin/../lib/gcc/arm-none-eabi/10.3.1/../../../../arm-none-eabi/lib/thumb/v7e-m+dp/hard\libc_nano.a(lib_a-nano-freer.o)
 .debug_frame   0x00000000       0x38 e:/gcc-arm-none-eabi-10.3-2021.10/bin/../lib/gcc/arm-none-eabi/10.3.1/../../../../arm-none-eabi/lib/thumb/v7e-m+dp/hard\libc_nano.a(lib_a-nano-freer.o)
 .ARM.attributes
                0x00000000       0x32 e:/gcc-arm-none-eabi-10.3-2021.10/bin/../lib/gcc/arm-none-eabi/10.3.1/../../../../arm-none-eabi/lib/thumb/v7e-m+dp/hard\libc_nano.a(lib_a-nano-freer.o)
 .text          0x00000000        0x0 e:/gcc-arm-none-eabi-10.3-2021.10/bin/../lib/gcc/arm-none-eabi/10.3.1/../../../../arm-none-eabi/lib/thumb/v7e-m+dp/hard\libc_nano.a(lib_a-nano-mallocr.o)
 .data          0x00000000        0x0 e:/gcc-arm-none-eabi-10.3-2021.10/bin/../lib/gcc/arm-none-eabi/10.3.1/../../../../arm-none-eabi/lib/thumb/v7e-m+dp/hard\libc_nano.a(lib_a-nano-mallocr.o)
 .bss           0x00000000        0x0 e:/gcc-arm-none-eabi-10.3-2021.10/bin/../lib/gcc/arm-none-eabi/10.3.1/../../../../arm-none-eabi/lib/thumb/v7e-m+dp/hard\libc_nano.a(lib_a-nano-mallocr.o)
 .text.sbrk_aligned
                0x00000000       0x40 e:/gcc-arm-none-eabi-10.3-2021.10/bin/../lib/gcc/arm-none-eabi/10.3.1/../../../../arm-none-eabi/lib/thumb/v7e-m+dp/hard\libc_nano.a(lib_a-nano-mallocr.o)
 .text._malloc_r
                0x00000000       0xe8 e:/gcc-arm-none-eabi-10.3-2021.10/bin/../lib/gcc/arm-none-eabi/10.3.1/../../../../arm-none-eabi/lib/thumb/v7e-m+dp/hard\libc_nano.a(lib_a-nano-mallocr.o)
 .bss.__malloc_free_list
                0x00000000        0x4 e:/gcc-arm-none-eabi-10.3-2021.10/bin/../lib/gcc/arm-none-eabi/10.3.1/../../../../arm-none-eabi/lib/thumb/v7e-m+dp/hard\libc_nano.a(lib_a-nano-mallocr.o)
 .bss.__malloc_sbrk_start
                0x00000000        0x4 e:/gcc-arm-none-eabi-10.3-2021.10/bin/../lib/gcc/arm-none-eabi/10.3.1/../../../../arm-none-eabi/lib/thumb/v7e-m+dp/hard\libc_nano.a(lib_a-nano-mallocr.o)
 .debug_frame   0x00000000       0x4c e:/gcc-arm-none-eabi-10.3-2021.10/bin/../lib/gcc/arm-none-eabi/10.3.1/../../../../arm-none-eabi/lib/thumb/v7e-m+dp/hard\libc_nano.a(lib_a-nano-mallocr.o)
 .ARM.attributes
                0x00000000       0x32 e:/gcc-arm-none-eabi-10.3-2021.10/bin/../lib/gcc/arm-none-eabi/10.3.1/../../../../arm-none-eabi/lib/thumb/v7e-m+dp/hard\libc_nano.a(lib_a-nano-mallocr.o)
 .text          0x00000000        0x0 e:/gcc-arm-none-eabi-10.3-2021.10/bin/../lib/gcc/arm-none-eabi/10.3.1/../../../../arm-none-eabi/lib/thumb/v7e-m+dp/hard\libc_nano.a(lib_a-sbrkr.o)
 .data          0x00000000        0x0 e:/gcc-arm-none-eabi-10.3-2021.10/bin/../lib/gcc/arm-none-eabi/10.3.1/../../../../arm-none-eabi/lib/thumb/v7e-m+dp/hard\libc_nano.a(lib_a-sbrkr.o)
 .bss           0x00000000        0x0 e:/gcc-arm-none-eabi-10.3-2021.10/bin/../lib/gcc/arm-none-eabi/10.3.1/../../../../arm-none-eabi/lib/thumb/v7e-m+dp/hard\libc_nano.a(lib_a-sbrkr.o)
 .text._sbrk_r  0x00000000       0x20 e:/gcc-arm-none-eabi-10.3-2021.10/bin/../lib/gcc/arm-none-eabi/10.3.1/../../../../arm-none-eabi/lib/thumb/v7e-m+dp/hard\libc_nano.a(lib_a-sbrkr.o)
 .debug_frame   0x00000000       0x2c e:/gcc-arm-none-eabi-10.3-2021.10/bin/../lib/gcc/arm-none-eabi/10.3.1/../../../../arm-none-eabi/lib/thumb/v7e-m+dp/hard\libc_nano.a(lib_a-sbrkr.o)
 .ARM.attributes
                0x00000000       0x32 e:/gcc-arm-none-eabi-10.3-2021.10/bin/../lib/gcc/arm-none-eabi/10.3.1/../../../../arm-none-eabi/lib/thumb/v7e-m+dp/hard\libc_nano.a(lib_a-sbrkr.o)
 .text          0x00000000        0x0 e:/gcc-arm-none-eabi-10.3-2021.10/bin/../lib/gcc/arm-none-eabi/10.3.1/../../../../arm-none-eabi/lib/thumb/v7e-m+dp/hard\libc_nano.a(lib_a-mlock.o)
 .data          0x00000000        0x0 e:/gcc-arm-none-eabi-10.3-2021.10/bin/../lib/gcc/arm-none-eabi/10.3.1/../../../../arm-none-eabi/lib/thumb/v7e-m+dp/hard\libc_nano.a(lib_a-mlock.o)
 .bss           0x00000000        0x0 e:/gcc-arm-none-eabi-10.3-2021.10/bin/../lib/gcc/arm-none-eabi/10.3.1/../../../../arm-none-eabi/lib/thumb/v7e-m+dp/hard\libc_nano.a(lib_a-mlock.o)
 .text.__malloc_lock
                0x00000000        0xc e:/gcc-arm-none-eabi-10.3-2021.10/bin/../lib/gcc/arm-none-eabi/10.3.1/../../../../arm-none-eabi/lib/thumb/v7e-m+dp/hard\libc_nano.a(lib_a-mlock.o)
 .text.__malloc_unlock
                0x00000000        0xc e:/gcc-arm-none-eabi-10.3-2021.10/bin/../lib/gcc/arm-none-eabi/10.3.1/../../../../arm-none-eabi/lib/thumb/v7e-m+dp/hard\libc_nano.a(lib_a-mlock.o)
 .debug_frame   0x00000000       0x30 e:/gcc-arm-none-eabi-10.3-2021.10/bin/../lib/gcc/arm-none-eabi/10.3.1/../../../../arm-none-eabi/lib/thumb/v7e-m+dp/hard\libc_nano.a(lib_a-mlock.o)
 .ARM.attributes
                0x00000000       0x32 e:/gcc-arm-none-eabi-10.3-2021.10/bin/../lib/gcc/arm-none-eabi/10.3.1/../../../../arm-none-eabi/lib/thumb/v7e-m+dp/hard\libc_nano.a(lib_a-mlock.o)
 .text          0x00000000        0x0 e:/gcc-arm-none-eabi-10.3-2021.10/bin/../lib/gcc/arm-none-eabi/10.3.1/../../../../arm-none-eabi/lib/thumb/v7e-m+dp/hard\libc_nano.a(lib_a-lock.o)
 .data          0x00000000        0x0 e:/gcc-arm-none-eabi-10.3-2021.10/bin/../lib/gcc/arm-none-eabi/10.3.1/../../../../arm-none-eabi/lib/thumb/v7e-m+dp/hard\libc_nano.a(lib_a-lock.o)
 .bss           0x00000000        0x0 e:/gcc-arm-none-eabi-10.3-2021.10/bin/../lib/gcc/arm-none-eabi/10.3.1/../../../../arm-none-eabi/lib/thumb/v7e-m+dp/hard\libc_nano.a(lib_a-lock.o)
 .text.__retarget_lock_init
                0x00000000        0x2 e:/gcc-arm-none-eabi-10.3-2021.10/bin/../lib/gcc/arm-none-eabi/10.3.1/../../../../arm-none-eabi/lib/thumb/v7e-m+dp/hard\libc_nano.a(lib_a-lock.o)
 .text.__retarget_lock_init_recursive
                0x00000000        0x2 e:/gcc-arm-none-eabi-10.3-2021.10/bin/../lib/gcc/arm-none-eabi/10.3.1/../../../../arm-none-eabi/lib/thumb/v7e-m+dp/hard\libc_nano.a(lib_a-lock.o)
 .text.__retarget_lock_close
                0x00000000        0x2 e:/gcc-arm-none-eabi-10.3-2021.10/bin/../lib/gcc/arm-none-eabi/10.3.1/../../../../arm-none-eabi/lib/thumb/v7e-m+dp/hard\libc_nano.a(lib_a-lock.o)
 .text.__retarget_lock_close_recursive
                0x00000000        0x2 e:/gcc-arm-none-eabi-10.3-2021.10/bin/../lib/gcc/arm-none-eabi/10.3.1/../../../../arm-none-eabi/lib/thumb/v7e-m+dp/hard\libc_nano.a(lib_a-lock.o)
 .text.__retarget_lock_acquire
                0x00000000        0x2 e:/gcc-arm-none-eabi-10.3-2021.10/bin/../lib/gcc/arm-none-eabi/10.3.1/../../../../arm-none-eabi/lib/thumb/v7e-m+dp/hard\libc_nano.a(lib_a-lock.o)
 .text.__retarget_lock_acquire_recursive
                0x00000000        0x2 e:/gcc-arm-none-eabi-10.3-2021.10/bin/../lib/gcc/arm-none-eabi/10.3.1/../../../../arm-none-eabi/lib/thumb/v7e-m+dp/hard\libc_nano.a(lib_a-lock.o)
 .text.__retarget_lock_try_acquire
                0x00000000        0x4 e:/gcc-arm-none-eabi-10.3-2021.10/bin/../lib/gcc/arm-none-eabi/10.3.1/../../../../arm-none-eabi/lib/thumb/v7e-m+dp/hard\libc_nano.a(lib_a-lock.o)
 .text.__retarget_lock_try_acquire_recursive
                0x00000000        0x4 e:/gcc-arm-none-eabi-10.3-2021.10/bin/../lib/gcc/arm-none-eabi/10.3.1/../../../../arm-none-eabi/lib/thumb/v7e-m+dp/hard\libc_nano.a(lib_a-lock.o)
 .text.__retarget_lock_release
                0x00000000        0x2 e:/gcc-arm-none-eabi-10.3-2021.10/bin/../lib/gcc/arm-none-eabi/10.3.1/../../../../arm-none-eabi/lib/thumb/v7e-m+dp/hard\libc_nano.a(lib_a-lock.o)
 .text.__retarget_lock_release_recursive
                0x00000000        0x2 e:/gcc-arm-none-eabi-10.3-2021.10/bin/../lib/gcc/arm-none-eabi/10.3.1/../../../../arm-none-eabi/lib/thumb/v7e-m+dp/hard\libc_nano.a(lib_a-lock.o)
 .bss.__lock___arc4random_mutex
                0x00000000        0x1 e:/gcc-arm-none-eabi-10.3-2021.10/bin/../lib/gcc/arm-none-eabi/10.3.1/../../../../arm-none-eabi/lib/thumb/v7e-m+dp/hard\libc_nano.a(lib_a-lock.o)
 .bss.__lock___at_quick_exit_mutex
                0x00000000        0x1 e:/gcc-arm-none-eabi-10.3-2021.10/bin/../lib/gcc/arm-none-eabi/10.3.1/../../../../arm-none-eabi/lib/thumb/v7e-m+dp/hard\libc_nano.a(lib_a-lock.o)
 .bss.__lock___atexit_recursive_mutex
                0x00000000        0x1 e:/gcc-arm-none-eabi-10.3-2021.10/bin/../lib/gcc/arm-none-eabi/10.3.1/../../../../arm-none-eabi/lib/thumb/v7e-m+dp/hard\libc_nano.a(lib_a-lock.o)
 .bss.__lock___dd_hash_mutex
                0x00000000        0x1 e:/gcc-arm-none-eabi-10.3-2021.10/bin/../lib/gcc/arm-none-eabi/10.3.1/../../../../arm-none-eabi/lib/thumb/v7e-m+dp/hard\libc_nano.a(lib_a-lock.o)
 .bss.__lock___env_recursive_mutex
                0x00000000        0x1 e:/gcc-arm-none-eabi-10.3-2021.10/bin/../lib/gcc/arm-none-eabi/10.3.1/../../../../arm-none-eabi/lib/thumb/v7e-m+dp/hard\libc_nano.a(lib_a-lock.o)
 .bss.__lock___malloc_recursive_mutex
                0x00000000        0x1 e:/gcc-arm-none-eabi-10.3-2021.10/bin/../lib/gcc/arm-none-eabi/10.3.1/../../../../arm-none-eabi/lib/thumb/v7e-m+dp/hard\libc_nano.a(lib_a-lock.o)
 .bss.__lock___sfp_recursive_mutex
                0x00000000        0x1 e:/gcc-arm-none-eabi-10.3-2021.10/bin/../lib/gcc/arm-none-eabi/10.3.1/../../../../arm-none-eabi/lib/thumb/v7e-m+dp/hard\libc_nano.a(lib_a-lock.o)
 .bss.__lock___sinit_recursive_mutex
                0x00000000        0x1 e:/gcc-arm-none-eabi-10.3-2021.10/bin/../lib/gcc/arm-none-eabi/10.3.1/../../../../arm-none-eabi/lib/thumb/v7e-m+dp/hard\libc_nano.a(lib_a-lock.o)
 .bss.__lock___tz_mutex
                0x00000000        0x1 e:/gcc-arm-none-eabi-10.3-2021.10/bin/../lib/gcc/arm-none-eabi/10.3.1/../../../../arm-none-eabi/lib/thumb/v7e-m+dp/hard\libc_nano.a(lib_a-lock.o)
 .debug_frame   0x00000000       0xb0 e:/gcc-arm-none-eabi-10.3-2021.10/bin/../lib/gcc/arm-none-eabi/10.3.1/../../../../arm-none-eabi/lib/thumb/v7e-m+dp/hard\libc_nano.a(lib_a-lock.o)
 .ARM.attributes
                0x00000000       0x32 e:/gcc-arm-none-eabi-10.3-2021.10/bin/../lib/gcc/arm-none-eabi/10.3.1/../../../../arm-none-eabi/lib/thumb/v7e-m+dp/hard\libc_nano.a(lib_a-lock.o)
 .text          0x00000000        0x0 e:/gcc-arm-none-eabi-10.3-2021.10/bin/../lib/gcc/arm-none-eabi/10.3.1/thumb/v7e-m+dp/hard/crtend.o
 .data          0x00000000        0x0 e:/gcc-arm-none-eabi-10.3-2021.10/bin/../lib/gcc/arm-none-eabi/10.3.1/thumb/v7e-m+dp/hard/crtend.o
 .bss           0x00000000        0x0 e:/gcc-arm-none-eabi-10.3-2021.10/bin/../lib/gcc/arm-none-eabi/10.3.1/thumb/v7e-m+dp/hard/crtend.o
 .rodata        0x00000000       0x24 e:/gcc-arm-none-eabi-10.3-2021.10/bin/../lib/gcc/arm-none-eabi/10.3.1/thumb/v7e-m+dp/hard/crtend.o
 .eh_frame      0x00000000        0x4 e:/gcc-arm-none-eabi-10.3-2021.10/bin/../lib/gcc/arm-none-eabi/10.3.1/thumb/v7e-m+dp/hard/crtend.o
 .ARM.attributes
                0x00000000       0x32 e:/gcc-arm-none-eabi-10.3-2021.10/bin/../lib/gcc/arm-none-eabi/10.3.1/thumb/v7e-m+dp/hard/crtend.o
 .text          0x00000000        0x0 e:/gcc-arm-none-eabi-10.3-2021.10/bin/../lib/gcc/arm-none-eabi/10.3.1/thumb/v7e-m+dp/hard/crtn.o
 .data          0x00000000        0x0 e:/gcc-arm-none-eabi-10.3-2021.10/bin/../lib/gcc/arm-none-eabi/10.3.1/thumb/v7e-m+dp/hard/crtn.o
 .bss           0x00000000        0x0 e:/gcc-arm-none-eabi-10.3-2021.10/bin/../lib/gcc/arm-none-eabi/10.3.1/thumb/v7e-m+dp/hard/crtn.o

Memory Configuration

Name             Origin             Length             Attributes
RAM              0x20000000         0x00080000         xrw
FLASH            0x08000000         0x00200000         xr
*default*        0x00000000         0xffffffff

Linker script and memory map

LOAD e:/gcc-arm-none-eabi-10.3-2021.10/bin/../lib/gcc/arm-none-eabi/10.3.1/thumb/v7e-m+dp/hard/crti.o
LOAD e:/gcc-arm-none-eabi-10.3-2021.10/bin/../lib/gcc/arm-none-eabi/10.3.1/thumb/v7e-m+dp/hard/crtbegin.o
LOAD e:/gcc-arm-none-eabi-10.3-2021.10/bin/../lib/gcc/arm-none-eabi/10.3.1/../../../../arm-none-eabi/lib/thumb/v7e-m+dp/hard/crt0.o
LOAD Build/stm32f767zi_usart.o
LOAD Build/stm32f767zi_timer.o
LOAD Build/main.o
LOAD Build/stm32f767zi_systick.o
LOAD Build/stm322f767zi_user.o
LOAD Build/syscalls.o
LOAD Build/stm32f767zi_gpio.o
LOAD Build/stm32f767zi_adc.o
LOAD Build/startup_stm32f767xx.o
LOAD e:/gcc-arm-none-eabi-10.3-2021.10/bin/../lib/gcc/arm-none-eabi/10.3.1/../../../../arm-none-eabi/lib/thumb/v7e-m+dp/hard\libc_nano.a
LOAD e:/gcc-arm-none-eabi-10.3-2021.10/bin/../lib/gcc/arm-none-eabi/10.3.1/../../../../arm-none-eabi/lib/thumb/v7e-m+dp/hard\libm.a
LOAD e:/gcc-arm-none-eabi-10.3-2021.10/bin/../lib/gcc/arm-none-eabi/10.3.1/../../../../arm-none-eabi/lib/thumb/v7e-m+dp/hard\libnosys.a
START GROUP
LOAD e:/gcc-arm-none-eabi-10.3-2021.10/bin/../lib/gcc/arm-none-eabi/10.3.1/thumb/v7e-m+dp/hard\libgcc.a
LOAD e:/gcc-arm-none-eabi-10.3-2021.10/bin/../lib/gcc/arm-none-eabi/10.3.1/../../../../arm-none-eabi/lib/thumb/v7e-m+dp/hard\libc_nano.a
END GROUP
START GROUP
LOAD e:/gcc-arm-none-eabi-10.3-2021.10/bin/../lib/gcc/arm-none-eabi/10.3.1/thumb/v7e-m+dp/hard\libgcc.a
LOAD e:/gcc-arm-none-eabi-10.3-2021.10/bin/../lib/gcc/arm-none-eabi/10.3.1/../../../../arm-none-eabi/lib/thumb/v7e-m+dp/hard\libc_nano.a
END GROUP
LOAD e:/gcc-arm-none-eabi-10.3-2021.10/bin/../lib/gcc/arm-none-eabi/10.3.1/thumb/v7e-m+dp/hard/crtend.o
LOAD e:/gcc-arm-none-eabi-10.3-2021.10/bin/../lib/gcc/arm-none-eabi/10.3.1/thumb/v7e-m+dp/hard/crtn.o
                0x20080000                _estack = (ORIGIN (RAM) + LENGTH (RAM))
                0x00000200                _Min_Heap_Size = 0x200
                0x00000400                _Min_Stack_Size = 0x400

.isr_vector     0x08000000      0x1f8
                0x08000000                . = ALIGN (0x4)
 *(.isr_vector)
 .isr_vector    0x08000000      0x1f8 Build/startup_stm32f767xx.o
                0x08000000                g_pfnVectors
                0x080001f8                . = ALIGN (0x4)

.text           0x080001f8      0x2e8
                0x080001f8                . = ALIGN (0x4)
 *(.text)
 .text          0x080001f8       0x40 e:/gcc-arm-none-eabi-10.3-2021.10/bin/../lib/gcc/arm-none-eabi/10.3.1/thumb/v7e-m+dp/hard/crtbegin.o
 *(.text*)
 .text.usart3_interrupt_default_init
                0x08000238       0x90 Build/stm32f767zi_usart.o
                0x08000238                usart3_interrupt_default_init
 .text.main     0x080002c8       0x58 Build/main.o
                0x080002c8                main
 .text.USART3_IRQHandler
                0x08000320       0x40 Build/main.o
                0x08000320                USART3_IRQHandler
 .text.led_init
                0x08000360       0x3c Build/stm322f767zi_user.o
                0x08000360                led_init
 .text.led_on   0x0800039c       0x24 Build/stm322f767zi_user.o
                0x0800039c                led_on
 .text.led_off  0x080003c0       0x28 Build/stm322f767zi_user.o
                0x080003c0                led_off
 .text.gpio_set_mode
                0x080003e8       0x42 Build/stm32f767zi_gpio.o
                0x080003e8                gpio_set_mode
 *fill*         0x0800042a        0x2 
 .text.Reset_Handler
                0x0800042c       0x50 Build/startup_stm32f767xx.o
                0x0800042c                Reset_Handler
 .text.Default_Handler
                0x0800047c        0x2 Build/startup_stm32f767xx.o
                0x0800047c                RTC_Alarm_IRQHandler
                0x0800047c                EXTI2_IRQHandler
                0x0800047c                TIM8_CC_IRQHandler
                0x0800047c                DebugMon_Handler
                0x0800047c                UART8_IRQHandler
                0x0800047c                SPI4_IRQHandler
                0x0800047c                TIM1_CC_IRQHandler
                0x0800047c                DMA2_Stream5_IRQHandler
                0x0800047c                HardFault_Handler
                0x0800047c                JPEG_IRQHandler
                0x0800047c                DMA1_Stream5_IRQHandler
                0x0800047c                SysTick_Handler
                0x0800047c                CAN3_RX1_IRQHandler
                0x0800047c                PVD_IRQHandler
                0x0800047c                TAMP_STAMP_IRQHandler
                0x0800047c                PendSV_Handler
                0x0800047c                NMI_Handler
                0x0800047c                CAN2_RX1_IRQHandler
                0x0800047c                EXTI3_IRQHandler
                0x0800047c                TIM8_TRG_COM_TIM14_IRQHandler
                0x0800047c                DFSDM1_FLT1_IRQHandler
                0x0800047c                TIM1_UP_TIM10_IRQHandler
                0x0800047c                TIM8_UP_TIM13_IRQHandler
                0x0800047c                I2C3_ER_IRQHandler
                0x0800047c                DFSDM1_FLT2_IRQHandler
                0x0800047c                EXTI0_IRQHandler
                0x0800047c                I2C2_EV_IRQHandler
                0x0800047c                DMA1_Stream2_IRQHandler
                0x0800047c                CAN1_RX0_IRQHandler
                0x0800047c                FPU_IRQHandler
                0x0800047c                OTG_HS_WKUP_IRQHandler
                0x0800047c                CAN3_SCE_IRQHandler
                0x0800047c                UsageFault_Handler
                0x0800047c                LTDC_ER_IRQHandler
                0x0800047c                CAN2_SCE_IRQHandler
                0x0800047c                DMA2_Stream2_IRQHandler
                0x0800047c                SPI1_IRQHandler
                0x0800047c                TIM6_DAC_IRQHandler
                0x0800047c                TIM1_BRK_TIM9_IRQHandler
                0x0800047c                DCMI_IRQHandler
                0x0800047c                CAN2_RX0_IRQHandler
                0x0800047c                DMA2_Stream3_IRQHandler
                0x0800047c                SAI2_IRQHandler
                0x0800047c                DFSDM1_FLT3_IRQHandler
                0x0800047c                USART6_IRQHandler
                0x0800047c                CAN3_RX0_IRQHandler
                0x0800047c                CAN1_RX1_IRQHandler
                0x0800047c                UART5_IRQHandler
                0x0800047c                DMA2_Stream0_IRQHandler
                0x0800047c                TIM4_IRQHandler
                0x0800047c                QUADSPI_IRQHandler
                0x0800047c                I2C1_EV_IRQHandler
                0x0800047c                DMA1_Stream6_IRQHandler
                0x0800047c                DMA1_Stream1_IRQHandler
                0x0800047c                UART4_IRQHandler
                0x0800047c                TIM3_IRQHandler
                0x0800047c                RCC_IRQHandler
                0x0800047c                TIM8_BRK_TIM12_IRQHandler
                0x0800047c                Default_Handler
                0x0800047c                CEC_IRQHandler
                0x0800047c                EXTI15_10_IRQHandler
                0x0800047c                ADC_IRQHandler
                0x0800047c                DMA1_Stream7_IRQHandler
                0x0800047c                SPI5_IRQHandler
                0x0800047c                TIM7_IRQHandler
                0x0800047c                SDMMC1_IRQHandler
                0x0800047c                CAN2_TX_IRQHandler
                0x0800047c                TIM5_IRQHandler
                0x0800047c                DMA2_Stream7_IRQHandler
                0x0800047c                I2C3_EV_IRQHandler
                0x0800047c                EXTI9_5_IRQHandler
                0x0800047c                RTC_WKUP_IRQHandler
                0x0800047c                LTDC_IRQHandler
                0x0800047c                ETH_WKUP_IRQHandler
                0x0800047c                SPDIF_RX_IRQHandler
                0x0800047c                SPI2_IRQHandler
                0x0800047c                OTG_HS_EP1_IN_IRQHandler
                0x0800047c                MemManage_Handler
                0x0800047c                DMA1_Stream0_IRQHandler
                0x0800047c                CAN1_TX_IRQHandler
                0x0800047c                SVC_Handler
                0x0800047c                EXTI4_IRQHandler
                0x0800047c                RNG_IRQHandler
                0x0800047c                ETH_IRQHandler
                0x0800047c                OTG_HS_EP1_OUT_IRQHandler
                0x0800047c                WWDG_IRQHandler
                0x0800047c                SPI6_IRQHandler
                0x0800047c                MDIOS_IRQHandler
                0x0800047c                I2C4_EV_IRQHandler
                0x0800047c                CAN3_TX_IRQHandler
                0x0800047c                TIM2_IRQHandler
                0x0800047c                OTG_FS_WKUP_IRQHandler
                0x0800047c                TIM1_TRG_COM_TIM11_IRQHandler
                0x0800047c                OTG_HS_IRQHandler
                0x0800047c                DMA2D_IRQHandler
                0x0800047c                EXTI1_IRQHandler
                0x0800047c                SDMMC2_IRQHandler
                0x0800047c                UART7_IRQHandler
                0x0800047c                USART2_IRQHandler
                0x0800047c                DFSDM1_FLT0_IRQHandler
                0x0800047c                I2C2_ER_IRQHandler
                0x0800047c                DMA2_Stream1_IRQHandler
                0x0800047c                CAN1_SCE_IRQHandler
                0x0800047c                FLASH_IRQHandler
                0x0800047c                DMA2_Stream4_IRQHandler
                0x0800047c                BusFault_Handler
                0x0800047c                USART1_IRQHandler
                0x0800047c                OTG_FS_IRQHandler
                0x0800047c                SPI3_IRQHandler
                0x0800047c                DMA1_Stream4_IRQHandler
                0x0800047c                I2C1_ER_IRQHandler
                0x0800047c                FMC_IRQHandler
                0x0800047c                LPTIM1_IRQHandler
                0x0800047c                I2C4_ER_IRQHandler
                0x0800047c                DMA2_Stream6_IRQHandler
                0x0800047c                SAI1_IRQHandler
                0x0800047c                DMA1_Stream3_IRQHandler
 *fill*         0x0800047e        0x2 
 .text.__libc_init_array
                0x08000480       0x48 e:/gcc-arm-none-eabi-10.3-2021.10/bin/../lib/gcc/arm-none-eabi/10.3.1/../../../../arm-none-eabi/lib/thumb/v7e-m+dp/hard\libc_nano.a(lib_a-init.o)
                0x08000480                __libc_init_array
 *(.glue_7)
 .glue_7        0x080004c8        0x0 linker stubs
 *(.glue_7t)
 .glue_7t       0x080004c8        0x0 linker stubs
 *(.eh_frame)
 .eh_frame      0x080004c8        0x0 e:/gcc-arm-none-eabi-10.3-2021.10/bin/../lib/gcc/arm-none-eabi/10.3.1/thumb/v7e-m+dp/hard/crtbegin.o
 *(.init)
 .init          0x080004c8        0x4 e:/gcc-arm-none-eabi-10.3-2021.10/bin/../lib/gcc/arm-none-eabi/10.3.1/thumb/v7e-m+dp/hard/crti.o
                0x080004c8                _init
 .init          0x080004cc        0x8 e:/gcc-arm-none-eabi-10.3-2021.10/bin/../lib/gcc/arm-none-eabi/10.3.1/thumb/v7e-m+dp/hard/crtn.o
 *(.fini)
 .fini          0x080004d4        0x4 e:/gcc-arm-none-eabi-10.3-2021.10/bin/../lib/gcc/arm-none-eabi/10.3.1/thumb/v7e-m+dp/hard/crti.o
                0x080004d4                _fini
 .fini          0x080004d8        0x8 e:/gcc-arm-none-eabi-10.3-2021.10/bin/../lib/gcc/arm-none-eabi/10.3.1/thumb/v7e-m+dp/hard/crtn.o
                0x080004e0                . = ALIGN (0x4)
                0x080004e0                _etext = .

.vfp11_veneer   0x080004e0        0x0
 .vfp11_veneer  0x080004e0        0x0 linker stubs

.v4_bx          0x080004e0        0x0
 .v4_bx         0x080004e0        0x0 linker stubs

.iplt           0x080004e0        0x0
 .iplt          0x080004e0        0x0 e:/gcc-arm-none-eabi-10.3-2021.10/bin/../lib/gcc/arm-none-eabi/10.3.1/thumb/v7e-m+dp/hard/crtbegin.o

.rel.dyn        0x080004e0        0x0
 .rel.iplt      0x080004e0        0x0 e:/gcc-arm-none-eabi-10.3-2021.10/bin/../lib/gcc/arm-none-eabi/10.3.1/thumb/v7e-m+dp/hard/crtbegin.o

.rodata         0x080004e0        0x0
                0x080004e0                . = ALIGN (0x4)
 *(.rodata)
 *(.rodata*)
                0x080004e0                . = ALIGN (0x4)

.ARM.extab
 *(.ARM.extab* .gnu.linkonce.armextab.*)

.ARM            0x080004e0        0x0
                0x080004e0                __exidx_start = .
 *(.ARM.exidx*)
                0x080004e0                __exidx_end = .

.preinit_array  0x080004e0        0x0
                0x080004e0                PROVIDE (__preinit_array_start = .)
 *(.preinit_array*)
                0x080004e0                PROVIDE (__preinit_array_end = .)

.init_array     0x080004e0        0x4
                0x080004e0                PROVIDE (__init_array_start = .)
 *(SORT_BY_NAME(.init_array.*))
 *(.init_array*)
 .init_array    0x080004e0        0x4 e:/gcc-arm-none-eabi-10.3-2021.10/bin/../lib/gcc/arm-none-eabi/10.3.1/thumb/v7e-m+dp/hard/crtbegin.o
                0x080004e4                PROVIDE (__init_array_end = .)

.fini_array     0x080004e4        0x4
                [!provide]                PROVIDE (__fini_array_start = .)
 *(SORT_BY_NAME(.fini_array.*))
 *(.fini_array*)
 .fini_array    0x080004e4        0x4 e:/gcc-arm-none-eabi-10.3-2021.10/bin/../lib/gcc/arm-none-eabi/10.3.1/thumb/v7e-m+dp/hard/crtbegin.o
                [!provide]                PROVIDE (__fini_array_end = .)
                0x080004e8                _sidata = LOADADDR (.data)

.data           0x20000000        0x0 load address 0x080004e8
                0x20000000                . = ALIGN (0x4)
                0x20000000                _sdata = .
 *(.data)
 *(.data*)
                0x20000000                . = ALIGN (0x4)
                0x20000000                _edata = .

.igot.plt       0x20000000        0x0 load address 0x080004e8
 .igot.plt      0x20000000        0x0 e:/gcc-arm-none-eabi-10.3-2021.10/bin/../lib/gcc/arm-none-eabi/10.3.1/thumb/v7e-m+dp/hard/crtbegin.o
                0x20000000                . = ALIGN (0x4)

.bss            0x20000000       0x20 load address 0x080004e8
                0x20000000                _sbss = .
                0x20000000                __bss_start__ = _sbss
 *(.bss)
 .bss           0x20000000       0x1c e:/gcc-arm-none-eabi-10.3-2021.10/bin/../lib/gcc/arm-none-eabi/10.3.1/thumb/v7e-m+dp/hard/crtbegin.o
 *(.bss*)
 .bss.ch        0x2000001c        0x1 Build/main.o
                0x2000001c                ch
 *(COMMON)
                0x20000020                . = ALIGN (0x4)
 *fill*         0x2000001d        0x3 
                0x20000020                _ebss = .
                0x20000020                __bss_end__ = _ebss

._user_heap_stack
                0x20000020      0x600 load address 0x080004e8
                0x20000020                . = ALIGN (0x8)
                0x20000020                PROVIDE (end = .)
                [!provide]                PROVIDE (_end = .)
                0x20000220                . = (. + _Min_Heap_Size)
 *fill*         0x20000020      0x200 
                0x20000620                . = (. + _Min_Stack_Size)
 *fill*         0x20000220      0x400 
                0x20000620                . = ALIGN (0x8)

/DISCARD/
 libc.a(*)
 libm.a(*)
 libgcc.a(*)

.ARM.attributes
                0x00000000       0x2e
 *(.ARM.attributes)
 .ARM.attributes
                0x00000000       0x1e e:/gcc-arm-none-eabi-10.3-2021.10/bin/../lib/gcc/arm-none-eabi/10.3.1/thumb/v7e-m+dp/hard/crti.o
 .ARM.attributes
                0x0000001e       0x32 e:/gcc-arm-none-eabi-10.3-2021.10/bin/../lib/gcc/arm-none-eabi/10.3.1/thumb/v7e-m+dp/hard/crtbegin.o
 .ARM.attributes
                0x00000050       0x32 Build/stm32f767zi_usart.o
 .ARM.attributes
                0x00000082       0x32 Build/main.o
 .ARM.attributes
                0x000000b4       0x32 Build/stm322f767zi_user.o
 .ARM.attributes
                0x000000e6       0x32 Build/stm32f767zi_gpio.o
 .ARM.attributes
                0x00000118       0x21 Build/startup_stm32f767xx.o
 .ARM.attributes
                0x00000139       0x32 e:/gcc-arm-none-eabi-10.3-2021.10/bin/../lib/gcc/arm-none-eabi/10.3.1/../../../../arm-none-eabi/lib/thumb/v7e-m+dp/hard\libc_nano.a(lib_a-init.o)
 .ARM.attributes
                0x0000016b       0x1e e:/gcc-arm-none-eabi-10.3-2021.10/bin/../lib/gcc/arm-none-eabi/10.3.1/thumb/v7e-m+dp/hard/crtn.o
OUTPUT(Build/main.elf elf32-littlearm)
LOAD linker stubs
LOAD e:/gcc-arm-none-eabi-10.3-2021.10/bin/../lib/gcc/arm-none-eabi/10.3.1/../../../../arm-none-eabi/lib/thumb/v7e-m+dp/hard\libc.a
LOAD e:/gcc-arm-none-eabi-10.3-2021.10/bin/../lib/gcc/arm-none-eabi/10.3.1/../../../../arm-none-eabi/lib/thumb/v7e-m+dp/hard\libm.a
LOAD e:/gcc-arm-none-eabi-10.3-2021.10/bin/../lib/gcc/arm-none-eabi/10.3.1/thumb/v7e-m+dp/hard\libgcc.a

.debug_info     0x00000000      0xaa6
 .debug_info    0x00000000      0x4de Build/stm32f767zi_usart.o
 .debug_info    0x000004de      0x193 Build/main.o
 .debug_info    0x00000671      0x285 Build/stm322f767zi_user.o
 .debug_info    0x000008f6      0x18e Build/stm32f767zi_gpio.o
 .debug_info    0x00000a84       0x22 Build/startup_stm32f767xx.o

.debug_abbrev   0x00000000      0x3ab
 .debug_abbrev  0x00000000      0x156 Build/stm32f767zi_usart.o
 .debug_abbrev  0x00000156       0xbc Build/main.o
 .debug_abbrev  0x00000212       0xcc Build/stm322f767zi_user.o
 .debug_abbrev  0x000002de       0xbb Build/stm32f767zi_gpio.o
 .debug_abbrev  0x00000399       0x12 Build/startup_stm32f767xx.o

.debug_loc      0x00000000      0x3f0
 .debug_loc     0x00000000      0x1b8 Build/stm32f767zi_usart.o
 .debug_loc     0x000001b8       0x70 Build/main.o
 .debug_loc     0x00000228      0x16c Build/stm322f767zi_user.o
 .debug_loc     0x00000394       0x5c Build/stm32f767zi_gpio.o

.debug_aranges  0x00000000      0x100
 .debug_aranges
                0x00000000       0x50 Build/stm32f767zi_usart.o
 .debug_aranges
                0x00000050       0x28 Build/main.o
 .debug_aranges
                0x00000078       0x40 Build/stm322f767zi_user.o
 .debug_aranges
                0x000000b8       0x20 Build/stm32f767zi_gpio.o
 .debug_aranges
                0x000000d8       0x28 Build/startup_stm32f767xx.o

.debug_ranges   0x00000000       0xb8
 .debug_ranges  0x00000000       0x40 Build/stm32f767zi_usart.o
 .debug_ranges  0x00000040       0x18 Build/main.o
 .debug_ranges  0x00000058       0x30 Build/stm322f767zi_user.o
 .debug_ranges  0x00000088       0x10 Build/stm32f767zi_gpio.o
 .debug_ranges  0x00000098       0x20 Build/startup_stm32f767xx.o

.debug_line     0x00000000      0x66d
 .debug_line    0x00000000      0x211 Build/stm32f767zi_usart.o
 .debug_line    0x00000211      0x13f Build/main.o
 .debug_line    0x00000350      0x189 Build/stm322f767zi_user.o
 .debug_line    0x000004d9      0x11e Build/stm32f767zi_gpio.o
 .debug_line    0x000005f7       0x76 Build/startup_stm32f767xx.o

.debug_str      0x00000000      0x36e
 .debug_str     0x00000000      0x2a1 Build/stm32f767zi_usart.o
                                0x2e6 (size before relaxing)
 .debug_str     0x000002a1       0x24 Build/main.o
                                0x19c (size before relaxing)
 .debug_str     0x000002c5       0x4f Build/stm322f767zi_user.o
                                0x20b (size before relaxing)
 .debug_str     0x00000314       0x36 Build/stm32f767zi_gpio.o
                                0x1c8 (size before relaxing)
 .debug_str     0x0000034a       0x24 Build/startup_stm32f767xx.o
                                 0x47 (size before relaxing)

.comment        0x00000000       0x49
 .comment       0x00000000       0x49 Build/stm32f767zi_usart.o
                                 0x4a (size before relaxing)
 .comment       0x00000049       0x4a Build/main.o
 .comment       0x00000049       0x4a Build/stm322f767zi_user.o
 .comment       0x00000049       0x4a Build/stm32f767zi_gpio.o

.debug_frame    0x00000000      0x264
 .debug_frame   0x00000000       0xf4 Build/stm32f767zi_usart.o
 .debug_frame   0x000000f4       0x4c Build/main.o
 .debug_frame   0x00000140       0xc0 Build/stm322f767zi_user.o
 .debug_frame   0x00000200       0x38 Build/stm32f767zi_gpio.o
 .debug_frame   0x00000238       0x2c e:/gcc-arm-none-eabi-10.3-2021.10/bin/../lib/gcc/arm-none-eabi/10.3.1/../../../../arm-none-eabi/lib/thumb/v7e-m+dp/hard\libc_nano.a(lib_a-init.o)

Cross Reference Table

Symbol                                            File
ADC_IRQHandler                                    Build/startup_stm32f767xx.o
BusFault_Handler                                  Build/startup_stm32f767xx.o
CAN1_RX0_IRQHandler                               Build/startup_stm32f767xx.o
CAN1_RX1_IRQHandler                               Build/startup_stm32f767xx.o
CAN1_SCE_IRQHandler                               Build/startup_stm32f767xx.o
CAN1_TX_IRQHandler                                Build/startup_stm32f767xx.o
CAN2_RX0_IRQHandler                               Build/startup_stm32f767xx.o
CAN2_RX1_IRQHandler                               Build/startup_stm32f767xx.o
CAN2_SCE_IRQHandler                               Build/startup_stm32f767xx.o
CAN2_TX_IRQHandler                                Build/startup_stm32f767xx.o
CAN3_RX0_IRQHandler                               Build/startup_stm32f767xx.o
CAN3_RX1_IRQHandler                               Build/startup_stm32f767xx.o
CAN3_SCE_IRQHandler                               Build/startup_stm32f767xx.o
CAN3_TX_IRQHandler                                Build/startup_stm32f767xx.o
CEC_IRQHandler                                    Build/startup_stm32f767xx.o
DCMI_IRQHandler                                   Build/startup_stm32f767xx.o
DFSDM1_FLT0_IRQHandler                            Build/startup_stm32f767xx.o
DFSDM1_FLT1_IRQHandler                            Build/startup_stm32f767xx.o
DFSDM1_FLT2_IRQHandler                            Build/startup_stm32f767xx.o
DFSDM1_FLT3_IRQHandler                            Build/startup_stm32f767xx.o
DMA1_Stream0_IRQHandler                           Build/startup_stm32f767xx.o
DMA1_Stream1_IRQHandler                           Build/startup_stm32f767xx.o
DMA1_Stream2_IRQHandler                           Build/startup_stm32f767xx.o
DMA1_Stream3_IRQHandler                           Build/startup_stm32f767xx.o
DMA1_Stream4_IRQHandler                           Build/startup_stm32f767xx.o
DMA1_Stream5_IRQHandler                           Build/startup_stm32f767xx.o
DMA1_Stream6_IRQHandler                           Build/startup_stm32f767xx.o
DMA1_Stream7_IRQHandler                           Build/startup_stm32f767xx.o
DMA2D_IRQHandler                                  Build/startup_stm32f767xx.o
DMA2_Stream0_IRQHandler                           Build/startup_stm32f767xx.o
DMA2_Stream1_IRQHandler                           Build/startup_stm32f767xx.o
DMA2_Stream2_IRQHandler                           Build/startup_stm32f767xx.o
DMA2_Stream3_IRQHandler                           Build/startup_stm32f767xx.o
DMA2_Stream4_IRQHandler                           Build/startup_stm32f767xx.o
DMA2_Stream5_IRQHandler                           Build/startup_stm32f767xx.o
DMA2_Stream6_IRQHandler                           Build/startup_stm32f767xx.o
DMA2_Stream7_IRQHandler                           Build/startup_stm32f767xx.o
DebugMon_Handler                                  Build/startup_stm32f767xx.o
Default_Handler                                   Build/startup_stm32f767xx.o
ETH_IRQHandler                                    Build/startup_stm32f767xx.o
ETH_WKUP_IRQHandler                               Build/startup_stm32f767xx.o
EXTI0_IRQHandler                                  Build/startup_stm32f767xx.o
EXTI15_10_IRQHandler                              Build/startup_stm32f767xx.o
EXTI1_IRQHandler                                  Build/startup_stm32f767xx.o
EXTI2_IRQHandler                                  Build/startup_stm32f767xx.o
EXTI3_IRQHandler                                  Build/startup_stm32f767xx.o
EXTI4_IRQHandler                                  Build/startup_stm32f767xx.o
EXTI9_5_IRQHandler                                Build/startup_stm32f767xx.o
FLASH_IRQHandler                                  Build/startup_stm32f767xx.o
FMC_IRQHandler                                    Build/startup_stm32f767xx.o
FPU_IRQHandler                                    Build/startup_stm32f767xx.o
HardFault_Handler                                 Build/startup_stm32f767xx.o
I2C1_ER_IRQHandler                                Build/startup_stm32f767xx.o
I2C1_EV_IRQHandler                                Build/startup_stm32f767xx.o
I2C2_ER_IRQHandler                                Build/startup_stm32f767xx.o
I2C2_EV_IRQHandler                                Build/startup_stm32f767xx.o
I2C3_ER_IRQHandler                                Build/startup_stm32f767xx.o
I2C3_EV_IRQHandler                                Build/startup_stm32f767xx.o
I2C4_ER_IRQHandler                                Build/startup_stm32f767xx.o
I2C4_EV_IRQHandler                                Build/startup_stm32f767xx.o
JPEG_IRQHandler                                   Build/startup_stm32f767xx.o
LPTIM1_IRQHandler                                 Build/startup_stm32f767xx.o
LTDC_ER_IRQHandler                                Build/startup_stm32f767xx.o
LTDC_IRQHandler                                   Build/startup_stm32f767xx.o
MDIOS_IRQHandler                                  Build/startup_stm32f767xx.o
MemManage_Handler                                 Build/startup_stm32f767xx.o
NMI_Handler                                       Build/startup_stm32f767xx.o
OTG_FS_IRQHandler                                 Build/startup_stm32f767xx.o
OTG_FS_WKUP_IRQHandler                            Build/startup_stm32f767xx.o
OTG_HS_EP1_IN_IRQHandler                          Build/startup_stm32f767xx.o
OTG_HS_EP1_OUT_IRQHandler                         Build/startup_stm32f767xx.o
OTG_HS_IRQHandler                                 Build/startup_stm32f767xx.o
OTG_HS_WKUP_IRQHandler                            Build/startup_stm32f767xx.o
PVD_IRQHandler                                    Build/startup_stm32f767xx.o
PendSV_Handler                                    Build/startup_stm32f767xx.o
QUADSPI_IRQHandler                                Build/startup_stm32f767xx.o
RCC_IRQHandler                                    Build/startup_stm32f767xx.o
RNG_IRQHandler                                    Build/startup_stm32f767xx.o
RTC_Alarm_IRQHandler                              Build/startup_stm32f767xx.o
RTC_WKUP_IRQHandler                               Build/startup_stm32f767xx.o
Reset_Handler                                     Build/startup_stm32f767xx.o
SAI1_IRQHandler                                   Build/startup_stm32f767xx.o
SAI2_IRQHandler                                   Build/startup_stm32f767xx.o
SDMMC1_IRQHandler                                 Build/startup_stm32f767xx.o
SDMMC2_IRQHandler                                 Build/startup_stm32f767xx.o
SPDIF_RX_IRQHandler                               Build/startup_stm32f767xx.o
SPI1_IRQHandler                                   Build/startup_stm32f767xx.o
SPI2_IRQHandler                                   Build/startup_stm32f767xx.o
SPI3_IRQHandler                                   Build/startup_stm32f767xx.o
SPI4_IRQHandler                                   Build/startup_stm32f767xx.o
SPI5_IRQHandler                                   Build/startup_stm32f767xx.o
SPI6_IRQHandler                                   Build/startup_stm32f767xx.o
SVC_Handler                                       Build/startup_stm32f767xx.o
SysTick_Handler                                   Build/startup_stm32f767xx.o
SystemInit                                        Build/startup_stm32f767xx.o
TAMP_STAMP_IRQHandler                             Build/startup_stm32f767xx.o
TIM1_BRK_TIM9_IRQHandler                          Build/startup_stm32f767xx.o
TIM1_CC_IRQHandler                                Build/startup_stm32f767xx.o
TIM1_TRG_COM_TIM11_IRQHandler                     Build/startup_stm32f767xx.o
TIM1_UP_TIM10_IRQHandler                          Build/startup_stm32f767xx.o
TIM2_IRQHandler                                   Build/startup_stm32f767xx.o
TIM3_IRQHandler                                   Build/startup_stm32f767xx.o
TIM4_IRQHandler                                   Build/startup_stm32f767xx.o
TIM5_IRQHandler                                   Build/startup_stm32f767xx.o
TIM6_DAC_IRQHandler                               Build/startup_stm32f767xx.o
TIM7_IRQHandler                                   Build/startup_stm32f767xx.o
TIM8_BRK_TIM12_IRQHandler                         Build/startup_stm32f767xx.o
TIM8_CC_IRQHandler                                Build/startup_stm32f767xx.o
TIM8_TRG_COM_TIM14_IRQHandler                     Build/startup_stm32f767xx.o
TIM8_UP_TIM13_IRQHandler                          Build/startup_stm32f767xx.o
UART4_IRQHandler                                  Build/startup_stm32f767xx.o
UART5_IRQHandler                                  Build/startup_stm32f767xx.o
UART7_IRQHandler                                  Build/startup_stm32f767xx.o
UART8_IRQHandler                                  Build/startup_stm32f767xx.o
USART1_IRQHandler                                 Build/startup_stm32f767xx.o
USART2_IRQHandler                                 Build/startup_stm32f767xx.o
USART3_IRQHandler                                 Build/main.o
USART6_IRQHandler                                 Build/startup_stm32f767xx.o
UsageFault_Handler                                Build/startup_stm32f767xx.o
WWDG_IRQHandler                                   Build/startup_stm32f767xx.o
__bss_end__                                       e:/gcc-arm-none-eabi-10.3-2021.10/bin/../lib/gcc/arm-none-eabi/10.3.1/../../../../arm-none-eabi/lib/thumb/v7e-m+dp/hard/crt0.o
__bss_start__                                     e:/gcc-arm-none-eabi-10.3-2021.10/bin/../lib/gcc/arm-none-eabi/10.3.1/../../../../arm-none-eabi/lib/thumb/v7e-m+dp/hard/crt0.o
__call_exitprocs                                  e:/gcc-arm-none-eabi-10.3-2021.10/bin/../lib/gcc/arm-none-eabi/10.3.1/../../../../arm-none-eabi/lib/thumb/v7e-m+dp/hard\libc_nano.a(lib_a-exit.o)
__deregister_frame_info                           e:/gcc-arm-none-eabi-10.3-2021.10/bin/../lib/gcc/arm-none-eabi/10.3.1/thumb/v7e-m+dp/hard/crtbegin.o
__dso_handle                                      e:/gcc-arm-none-eabi-10.3-2021.10/bin/../lib/gcc/arm-none-eabi/10.3.1/thumb/v7e-m+dp/hard/crtbegin.o
__init_array_end                                  e:/gcc-arm-none-eabi-10.3-2021.10/bin/../lib/gcc/arm-none-eabi/10.3.1/../../../../arm-none-eabi/lib/thumb/v7e-m+dp/hard\libc_nano.a(lib_a-init.o)
__init_array_start                                e:/gcc-arm-none-eabi-10.3-2021.10/bin/../lib/gcc/arm-none-eabi/10.3.1/../../../../arm-none-eabi/lib/thumb/v7e-m+dp/hard\libc_nano.a(lib_a-init.o)
__io_getchar                                      Build/stm32f767zi_usart.o
                                                  Build/syscalls.o
__io_putchar                                      Build/stm32f767zi_usart.o
                                                  Build/syscalls.o
__libc_fini_array                                 e:/gcc-arm-none-eabi-10.3-2021.10/bin/../lib/gcc/arm-none-eabi/10.3.1/../../../../arm-none-eabi/lib/thumb/v7e-m+dp/hard/crt0.o
__libc_init_array                                 e:/gcc-arm-none-eabi-10.3-2021.10/bin/../lib/gcc/arm-none-eabi/10.3.1/../../../../arm-none-eabi/lib/thumb/v7e-m+dp/hard\libc_nano.a(lib_a-init.o)
                                                  Build/startup_stm32f767xx.o
                                                  e:/gcc-arm-none-eabi-10.3-2021.10/bin/../lib/gcc/arm-none-eabi/10.3.1/../../../../arm-none-eabi/lib/thumb/v7e-m+dp/hard/crt0.o
__lock___arc4random_mutex                         e:/gcc-arm-none-eabi-10.3-2021.10/bin/../lib/gcc/arm-none-eabi/10.3.1/../../../../arm-none-eabi/lib/thumb/v7e-m+dp/hard\libc_nano.a(lib_a-lock.o)
__lock___at_quick_exit_mutex                      e:/gcc-arm-none-eabi-10.3-2021.10/bin/../lib/gcc/arm-none-eabi/10.3.1/../../../../arm-none-eabi/lib/thumb/v7e-m+dp/hard\libc_nano.a(lib_a-lock.o)
__lock___atexit_recursive_mutex                   e:/gcc-arm-none-eabi-10.3-2021.10/bin/../lib/gcc/arm-none-eabi/10.3.1/../../../../arm-none-eabi/lib/thumb/v7e-m+dp/hard\libc_nano.a(lib_a-lock.o)
__lock___dd_hash_mutex                            e:/gcc-arm-none-eabi-10.3-2021.10/bin/../lib/gcc/arm-none-eabi/10.3.1/../../../../arm-none-eabi/lib/thumb/v7e-m+dp/hard\libc_nano.a(lib_a-lock.o)
__lock___env_recursive_mutex                      e:/gcc-arm-none-eabi-10.3-2021.10/bin/../lib/gcc/arm-none-eabi/10.3.1/../../../../arm-none-eabi/lib/thumb/v7e-m+dp/hard\libc_nano.a(lib_a-lock.o)
__lock___malloc_recursive_mutex                   e:/gcc-arm-none-eabi-10.3-2021.10/bin/../lib/gcc/arm-none-eabi/10.3.1/../../../../arm-none-eabi/lib/thumb/v7e-m+dp/hard\libc_nano.a(lib_a-lock.o)
                                                  e:/gcc-arm-none-eabi-10.3-2021.10/bin/../lib/gcc/arm-none-eabi/10.3.1/../../../../arm-none-eabi/lib/thumb/v7e-m+dp/hard\libc_nano.a(lib_a-mlock.o)
__lock___sfp_recursive_mutex                      e:/gcc-arm-none-eabi-10.3-2021.10/bin/../lib/gcc/arm-none-eabi/10.3.1/../../../../arm-none-eabi/lib/thumb/v7e-m+dp/hard\libc_nano.a(lib_a-lock.o)
__lock___sinit_recursive_mutex                    e:/gcc-arm-none-eabi-10.3-2021.10/bin/../lib/gcc/arm-none-eabi/10.3.1/../../../../arm-none-eabi/lib/thumb/v7e-m+dp/hard\libc_nano.a(lib_a-lock.o)
__lock___tz_mutex                                 e:/gcc-arm-none-eabi-10.3-2021.10/bin/../lib/gcc/arm-none-eabi/10.3.1/../../../../arm-none-eabi/lib/thumb/v7e-m+dp/hard\libc_nano.a(lib_a-lock.o)
__malloc_free_list                                e:/gcc-arm-none-eabi-10.3-2021.10/bin/../lib/gcc/arm-none-eabi/10.3.1/../../../../arm-none-eabi/lib/thumb/v7e-m+dp/hard\libc_nano.a(lib_a-nano-mallocr.o)
                                                  e:/gcc-arm-none-eabi-10.3-2021.10/bin/../lib/gcc/arm-none-eabi/10.3.1/../../../../arm-none-eabi/lib/thumb/v7e-m+dp/hard\libc_nano.a(lib_a-nano-freer.o)
__malloc_lock                                     e:/gcc-arm-none-eabi-10.3-2021.10/bin/../lib/gcc/arm-none-eabi/10.3.1/../../../../arm-none-eabi/lib/thumb/v7e-m+dp/hard\libc_nano.a(lib_a-mlock.o)
                                                  e:/gcc-arm-none-eabi-10.3-2021.10/bin/../lib/gcc/arm-none-eabi/10.3.1/../../../../arm-none-eabi/lib/thumb/v7e-m+dp/hard\libc_nano.a(lib_a-nano-mallocr.o)
                                                  e:/gcc-arm-none-eabi-10.3-2021.10/bin/../lib/gcc/arm-none-eabi/10.3.1/../../../../arm-none-eabi/lib/thumb/v7e-m+dp/hard\libc_nano.a(lib_a-nano-freer.o)
__malloc_sbrk_start                               e:/gcc-arm-none-eabi-10.3-2021.10/bin/../lib/gcc/arm-none-eabi/10.3.1/../../../../arm-none-eabi/lib/thumb/v7e-m+dp/hard\libc_nano.a(lib_a-nano-mallocr.o)
__malloc_unlock                                   e:/gcc-arm-none-eabi-10.3-2021.10/bin/../lib/gcc/arm-none-eabi/10.3.1/../../../../arm-none-eabi/lib/thumb/v7e-m+dp/hard\libc_nano.a(lib_a-mlock.o)
                                                  e:/gcc-arm-none-eabi-10.3-2021.10/bin/../lib/gcc/arm-none-eabi/10.3.1/../../../../arm-none-eabi/lib/thumb/v7e-m+dp/hard\libc_nano.a(lib_a-nano-mallocr.o)
                                                  e:/gcc-arm-none-eabi-10.3-2021.10/bin/../lib/gcc/arm-none-eabi/10.3.1/../../../../arm-none-eabi/lib/thumb/v7e-m+dp/hard\libc_nano.a(lib_a-nano-freer.o)
__preinit_array_end                               e:/gcc-arm-none-eabi-10.3-2021.10/bin/../lib/gcc/arm-none-eabi/10.3.1/../../../../arm-none-eabi/lib/thumb/v7e-m+dp/hard\libc_nano.a(lib_a-init.o)
__preinit_array_start                             e:/gcc-arm-none-eabi-10.3-2021.10/bin/../lib/gcc/arm-none-eabi/10.3.1/../../../../arm-none-eabi/lib/thumb/v7e-m+dp/hard\libc_nano.a(lib_a-init.o)
__register_frame_info                             e:/gcc-arm-none-eabi-10.3-2021.10/bin/../lib/gcc/arm-none-eabi/10.3.1/thumb/v7e-m+dp/hard/crtbegin.o
__retarget_lock_acquire                           e:/gcc-arm-none-eabi-10.3-2021.10/bin/../lib/gcc/arm-none-eabi/10.3.1/../../../../arm-none-eabi/lib/thumb/v7e-m+dp/hard\libc_nano.a(lib_a-lock.o)
__retarget_lock_acquire_recursive                 e:/gcc-arm-none-eabi-10.3-2021.10/bin/../lib/gcc/arm-none-eabi/10.3.1/../../../../arm-none-eabi/lib/thumb/v7e-m+dp/hard\libc_nano.a(lib_a-lock.o)
                                                  e:/gcc-arm-none-eabi-10.3-2021.10/bin/../lib/gcc/arm-none-eabi/10.3.1/../../../../arm-none-eabi/lib/thumb/v7e-m+dp/hard\libc_nano.a(lib_a-mlock.o)
__retarget_lock_close                             e:/gcc-arm-none-eabi-10.3-2021.10/bin/../lib/gcc/arm-none-eabi/10.3.1/../../../../arm-none-eabi/lib/thumb/v7e-m+dp/hard\libc_nano.a(lib_a-lock.o)
__retarget_lock_close_recursive                   e:/gcc-arm-none-eabi-10.3-2021.10/bin/../lib/gcc/arm-none-eabi/10.3.1/../../../../arm-none-eabi/lib/thumb/v7e-m+dp/hard\libc_nano.a(lib_a-lock.o)
__retarget_lock_init                              e:/gcc-arm-none-eabi-10.3-2021.10/bin/../lib/gcc/arm-none-eabi/10.3.1/../../../../arm-none-eabi/lib/thumb/v7e-m+dp/hard\libc_nano.a(lib_a-lock.o)
__retarget_lock_init_recursive                    e:/gcc-arm-none-eabi-10.3-2021.10/bin/../lib/gcc/arm-none-eabi/10.3.1/../../../../arm-none-eabi/lib/thumb/v7e-m+dp/hard\libc_nano.a(lib_a-lock.o)
__retarget_lock_release                           e:/gcc-arm-none-eabi-10.3-2021.10/bin/../lib/gcc/arm-none-eabi/10.3.1/../../../../arm-none-eabi/lib/thumb/v7e-m+dp/hard\libc_nano.a(lib_a-lock.o)
__retarget_lock_release_recursive                 e:/gcc-arm-none-eabi-10.3-2021.10/bin/../lib/gcc/arm-none-eabi/10.3.1/../../../../arm-none-eabi/lib/thumb/v7e-m+dp/hard\libc_nano.a(lib_a-lock.o)
                                                  e:/gcc-arm-none-eabi-10.3-2021.10/bin/../lib/gcc/arm-none-eabi/10.3.1/../../../../arm-none-eabi/lib/thumb/v7e-m+dp/hard\libc_nano.a(lib_a-mlock.o)
__retarget_lock_try_acquire                       e:/gcc-arm-none-eabi-10.3-2021.10/bin/../lib/gcc/arm-none-eabi/10.3.1/../../../../arm-none-eabi/lib/thumb/v7e-m+dp/hard\libc_nano.a(lib_a-lock.o)
__retarget_lock_try_acquire_recursive             e:/gcc-arm-none-eabi-10.3-2021.10/bin/../lib/gcc/arm-none-eabi/10.3.1/../../../../arm-none-eabi/lib/thumb/v7e-m+dp/hard\libc_nano.a(lib_a-lock.o)
__sf_fake_stderr                                  e:/gcc-arm-none-eabi-10.3-2021.10/bin/../lib/gcc/arm-none-eabi/10.3.1/../../../../arm-none-eabi/lib/thumb/v7e-m+dp/hard\libc_nano.a(lib_a-impure.o)
__sf_fake_stdin                                   e:/gcc-arm-none-eabi-10.3-2021.10/bin/../lib/gcc/arm-none-eabi/10.3.1/../../../../arm-none-eabi/lib/thumb/v7e-m+dp/hard\libc_nano.a(lib_a-impure.o)
__sf_fake_stdout                                  e:/gcc-arm-none-eabi-10.3-2021.10/bin/../lib/gcc/arm-none-eabi/10.3.1/../../../../arm-none-eabi/lib/thumb/v7e-m+dp/hard\libc_nano.a(lib_a-impure.o)
__stack                                           e:/gcc-arm-none-eabi-10.3-2021.10/bin/../lib/gcc/arm-none-eabi/10.3.1/../../../../arm-none-eabi/lib/thumb/v7e-m+dp/hard/crt0.o
_close                                            Build/syscalls.o
_ebss                                             Build/startup_stm32f767xx.o
_edata                                            Build/startup_stm32f767xx.o
_estack                                           Build/startup_stm32f767xx.o
_execve                                           Build/syscalls.o
_exit                                             Build/syscalls.o
                                                  e:/gcc-arm-none-eabi-10.3-2021.10/bin/../lib/gcc/arm-none-eabi/10.3.1/../../../../arm-none-eabi/lib/thumb/v7e-m+dp/hard\libc_nano.a(lib_a-exit.o)
_fini                                             e:/gcc-arm-none-eabi-10.3-2021.10/bin/../lib/gcc/arm-none-eabi/10.3.1/thumb/v7e-m+dp/hard/crti.o
_fork                                             Build/syscalls.o
_free_r                                           e:/gcc-arm-none-eabi-10.3-2021.10/bin/../lib/gcc/arm-none-eabi/10.3.1/../../../../arm-none-eabi/lib/thumb/v7e-m+dp/hard\libc_nano.a(lib_a-nano-freer.o)
                                                  e:/gcc-arm-none-eabi-10.3-2021.10/bin/../lib/gcc/arm-none-eabi/10.3.1/../../../../arm-none-eabi/lib/thumb/v7e-m+dp/hard\libc_nano.a(lib_a-reent.o)
_fstat                                            Build/syscalls.o
_getpid                                           Build/syscalls.o
_gettimeofday                                     Build/syscalls.o
_global_impure_ptr                                e:/gcc-arm-none-eabi-10.3-2021.10/bin/../lib/gcc/arm-none-eabi/10.3.1/../../../../arm-none-eabi/lib/thumb/v7e-m+dp/hard\libc_nano.a(lib_a-impure.o)
                                                  e:/gcc-arm-none-eabi-10.3-2021.10/bin/../lib/gcc/arm-none-eabi/10.3.1/../../../../arm-none-eabi/lib/thumb/v7e-m+dp/hard\libc_nano.a(lib_a-exit.o)
_impure_ptr                                       e:/gcc-arm-none-eabi-10.3-2021.10/bin/../lib/gcc/arm-none-eabi/10.3.1/../../../../arm-none-eabi/lib/thumb/v7e-m+dp/hard\libc_nano.a(lib_a-impure.o)
                                                  e:/gcc-arm-none-eabi-10.3-2021.10/bin/../lib/gcc/arm-none-eabi/10.3.1/../../../../arm-none-eabi/lib/thumb/v7e-m+dp/hard\libc_nano.a(lib_a-reent.o)
_init                                             e:/gcc-arm-none-eabi-10.3-2021.10/bin/../lib/gcc/arm-none-eabi/10.3.1/thumb/v7e-m+dp/hard/crti.o
                                                  e:/gcc-arm-none-eabi-10.3-2021.10/bin/../lib/gcc/arm-none-eabi/10.3.1/../../../../arm-none-eabi/lib/thumb/v7e-m+dp/hard\libc_nano.a(lib_a-init.o)
_isatty                                           Build/syscalls.o
_kill                                             Build/syscalls.o
_link                                             Build/syscalls.o
_lseek                                            Build/syscalls.o
_mainCRTStartup                                   e:/gcc-arm-none-eabi-10.3-2021.10/bin/../lib/gcc/arm-none-eabi/10.3.1/../../../../arm-none-eabi/lib/thumb/v7e-m+dp/hard/crt0.o
_malloc_r                                         e:/gcc-arm-none-eabi-10.3-2021.10/bin/../lib/gcc/arm-none-eabi/10.3.1/../../../../arm-none-eabi/lib/thumb/v7e-m+dp/hard\libc_nano.a(lib_a-nano-mallocr.o)
_open                                             Build/syscalls.o
_read                                             Build/syscalls.o
_reclaim_reent                                    e:/gcc-arm-none-eabi-10.3-2021.10/bin/../lib/gcc/arm-none-eabi/10.3.1/../../../../arm-none-eabi/lib/thumb/v7e-m+dp/hard\libc_nano.a(lib_a-reent.o)
_sbrk                                             Build/syscalls.o
                                                  e:/gcc-arm-none-eabi-10.3-2021.10/bin/../lib/gcc/arm-none-eabi/10.3.1/../../../../arm-none-eabi/lib/thumb/v7e-m+dp/hard\libc_nano.a(lib_a-sbrkr.o)
_sbrk_r                                           e:/gcc-arm-none-eabi-10.3-2021.10/bin/../lib/gcc/arm-none-eabi/10.3.1/../../../../arm-none-eabi/lib/thumb/v7e-m+dp/hard\libc_nano.a(lib_a-sbrkr.o)
                                                  e:/gcc-arm-none-eabi-10.3-2021.10/bin/../lib/gcc/arm-none-eabi/10.3.1/../../../../arm-none-eabi/lib/thumb/v7e-m+dp/hard\libc_nano.a(lib_a-nano-mallocr.o)
_sbss                                             Build/startup_stm32f767xx.o
_sdata                                            Build/startup_stm32f767xx.o
_sidata                                           Build/startup_stm32f767xx.o
_stack_init                                       e:/gcc-arm-none-eabi-10.3-2021.10/bin/../lib/gcc/arm-none-eabi/10.3.1/../../../../arm-none-eabi/lib/thumb/v7e-m+dp/hard/crt0.o
_start                                            e:/gcc-arm-none-eabi-10.3-2021.10/bin/../lib/gcc/arm-none-eabi/10.3.1/../../../../arm-none-eabi/lib/thumb/v7e-m+dp/hard/crt0.o
_stat                                             Build/syscalls.o
_times                                            Build/syscalls.o
_unlink                                           Build/syscalls.o
_wait                                             Build/syscalls.o
_write                                            Build/syscalls.o
adc1_get_data                                     Build/stm32f767zi_adc.o
adc1_start_conversion                             Build/stm32f767zi_adc.o
atexit                                            e:/gcc-arm-none-eabi-10.3-2021.10/bin/../lib/gcc/arm-none-eabi/10.3.1/../../../../arm-none-eabi/lib/thumb/v7e-m+dp/hard/crt0.o
button_init                                       Build/stm322f767zi_user.o
ch                                                Build/main.o
cleanup_glue                                      e:/gcc-arm-none-eabi-10.3-2021.10/bin/../lib/gcc/arm-none-eabi/10.3.1/../../../../arm-none-eabi/lib/thumb/v7e-m+dp/hard\libc_nano.a(lib_a-reent.o)
end                                               Build/syscalls.o
errno                                             e:/gcc-arm-none-eabi-10.3-2021.10/bin/../lib/gcc/arm-none-eabi/10.3.1/../../../../arm-none-eabi/lib/thumb/v7e-m+dp/hard\libc_nano.a(lib_a-reent.o)
                                                  e:/gcc-arm-none-eabi-10.3-2021.10/bin/../lib/gcc/arm-none-eabi/10.3.1/../../../../arm-none-eabi/lib/thumb/v7e-m+dp/hard\libc_nano.a(lib_a-sbrkr.o)
                                                  Build/syscalls.o
exit                                              e:/gcc-arm-none-eabi-10.3-2021.10/bin/../lib/gcc/arm-none-eabi/10.3.1/../../../../arm-none-eabi/lib/thumb/v7e-m+dp/hard\libc_nano.a(lib_a-exit.o)
                                                  e:/gcc-arm-none-eabi-10.3-2021.10/bin/../lib/gcc/arm-none-eabi/10.3.1/../../../../arm-none-eabi/lib/thumb/v7e-m+dp/hard/crt0.o
g_pfnVectors                                      Build/startup_stm32f767xx.o
gpio_set_mode                                     Build/stm32f767zi_gpio.o
                                                  Build/stm322f767zi_user.o
                                                  Build/stm32f767zi_usart.o
hardware_init_hook                                e:/gcc-arm-none-eabi-10.3-2021.10/bin/../lib/gcc/arm-none-eabi/10.3.1/../../../../arm-none-eabi/lib/thumb/v7e-m+dp/hard/crt0.o
initialise_monitor_handles                        Build/syscalls.o
led_init                                          Build/stm322f767zi_user.o
                                                  Build/main.o
led_off                                           Build/stm322f767zi_user.o
                                                  Build/main.o
led_on                                            Build/stm322f767zi_user.o
                                                  Build/main.o
led_toggle                                        Build/stm322f767zi_user.o
main                                              Build/main.o
                                                  Build/startup_stm32f767xx.o
                                                  e:/gcc-arm-none-eabi-10.3-2021.10/bin/../lib/gcc/arm-none-eabi/10.3.1/../../../../arm-none-eabi/lib/thumb/v7e-m+dp/hard/crt0.o
memset                                            e:/gcc-arm-none-eabi-10.3-2021.10/bin/../lib/gcc/arm-none-eabi/10.3.1/../../../../arm-none-eabi/lib/thumb/v7e-m+dp/hard\libc_nano.a(lib_a-memset.o)
                                                  e:/gcc-arm-none-eabi-10.3-2021.10/bin/../lib/gcc/arm-none-eabi/10.3.1/../../../../arm-none-eabi/lib/thumb/v7e-m+dp/hard/crt0.o
pa4_adc1_init                                     Build/stm32f767zi_adc.o
pa4_adc1_interrupt_init                           Build/stm32f767zi_adc.o
software_init_hook                                e:/gcc-arm-none-eabi-10.3-2021.10/bin/../lib/gcc/arm-none-eabi/10.3.1/../../../../arm-none-eabi/lib/thumb/v7e-m+dp/hard/crt0.o
systick_1hz_interrupt                             Build/stm32f767zi_systick.o
systick_delay_ms                                  Build/stm32f767zi_systick.o
tim1_1Hz_init                                     Build/stm32f767zi_timer.o
tim1_1Hz_interrupt_init                           Build/stm32f767zi_timer.o
usart2_default_init                               Build/stm32f767zi_usart.o
usart3_default_init                               Build/stm32f767zi_usart.o
usart3_interrupt_default_init                     Build/stm32f767zi_usart.o
                                                  Build/main.o
usart_read                                        Build/stm32f767zi_usart.o
usart_write                                       Build/stm32f767zi_usart.o
